EN strip_data_gen NULL /afs/cern.ch/work/l/leejr/SCT/hsio_trunk/abc_emu/src/strip_data_gen.vhd sub00/vhpl02 1409951715
EN abc130_hsio_top NULL /afs/cern.ch/work/l/leejr/SCT/hsio_trunk/abc_emu/src/abc130_hsio_top_struct.vhd sub00/vhpl04 1409951717
AR a13_drv_hsio_top struct /afs/cern.ch/work/l/leejr/SCT/hsio_trunk/abc_emu/src/a13_drv_hsio_top_struct.vhd sub00/vhpl07 1409951740
EN abc130_top NULL /afs/cern.ch/work/l/leejr/SCT/hsio_trunk/abc_emu/src/abc130_top_struct.vhd sub00/vhpl00 1409951645
AR abc130_hsio_top struct /afs/cern.ch/work/l/leejr/SCT/hsio_trunk/abc_emu/src/abc130_hsio_top_struct.vhd sub00/vhpl05 1409951718
AR strip_data_gen rtl /afs/cern.ch/work/l/leejr/SCT/hsio_trunk/abc_emu/src/strip_data_gen.vhd sub00/vhpl03 1409951716
EN a13_drv_hsio_top NULL /afs/cern.ch/work/l/leejr/SCT/hsio_trunk/abc_emu/src/a13_drv_hsio_top_struct.vhd sub00/vhpl06 1409951739
AR abc130_top struct /afs/cern.ch/work/l/leejr/SCT/hsio_trunk/abc_emu/src/abc130_top_struct.vhd sub00/vhpl01 1409951646
