EN strip_data_gen NULL /home/daqdev/work/adl_atlasupstrip/hsio_trunk/abc_emu/src/strip_data_gen.vhd sub00/vhpl02 1413520485
EN abc130_hsio_top NULL /home/daqdev/work/adl_atlasupstrip/hsio_trunk/abc_emu/src/abc130_hsio_top_struct.vhd sub00/vhpl04 1413520487
AR a13_drv_hsio_top struct /home/daqdev/work/adl_atlasupstrip/hsio_trunk/abc_emu/src/a13_drv_hsio_top_struct.vhd sub00/vhpl07 1413520510
EN abc130_top NULL /home/daqdev/work/adl_atlasupstrip/hsio_trunk/abc_emu/src/abc130_top_struct.vhd sub00/vhpl00 1413520415
AR abc130_hsio_top struct /home/daqdev/work/adl_atlasupstrip/hsio_trunk/abc_emu/src/abc130_hsio_top_struct.vhd sub00/vhpl05 1413520488
AR strip_data_gen rtl /home/daqdev/work/adl_atlasupstrip/hsio_trunk/abc_emu/src/strip_data_gen.vhd sub00/vhpl03 1413520486
EN a13_drv_hsio_top NULL /home/daqdev/work/adl_atlasupstrip/hsio_trunk/abc_emu/src/a13_drv_hsio_top_struct.vhd sub00/vhpl06 1413520509
AR abc130_top struct /home/daqdev/work/adl_atlasupstrip/hsio_trunk/abc_emu/src/abc130_top_struct.vhd sub00/vhpl01 1413520416
