EN strip_data_gen NULL /home/daqdev/work/adl_atlasupstrip/hsio_trunk/abc_emu/src/strip_data_gen.vhd sub00/vhpl02 1412857472
EN abc130_hsio_top NULL /home/daqdev/work/adl_atlasupstrip/hsio_trunk/abc_emu/src/abc130_hsio_top_struct.vhd sub00/vhpl04 1412857474
AR a13_drv_hsio_top struct /home/daqdev/work/adl_atlasupstrip/hsio_trunk/abc_emu/src/a13_drv_hsio_top_struct.vhd sub00/vhpl07 1412857497
EN abc130_top NULL /home/daqdev/work/adl_atlasupstrip/hsio_trunk/abc_emu/src/abc130_top_struct.vhd sub00/vhpl00 1412857402
AR abc130_hsio_top struct /home/daqdev/work/adl_atlasupstrip/hsio_trunk/abc_emu/src/abc130_hsio_top_struct.vhd sub00/vhpl05 1412857475
AR strip_data_gen rtl /home/daqdev/work/adl_atlasupstrip/hsio_trunk/abc_emu/src/strip_data_gen.vhd sub00/vhpl03 1412857473
EN a13_drv_hsio_top NULL /home/daqdev/work/adl_atlasupstrip/hsio_trunk/abc_emu/src/a13_drv_hsio_top_struct.vhd sub00/vhpl06 1412857496
AR abc130_top struct /home/daqdev/work/adl_atlasupstrip/hsio_trunk/abc_emu/src/abc130_top_struct.vhd sub00/vhpl01 1412857403
