EN strip_data_gen NULL /afs/cern.ch/work/l/leejr/SCT/hsio_trunk/abc_emu/src/strip_data_gen.vhd sub00/vhpl02 1410224654
EN abc130_hsio_top NULL /afs/cern.ch/work/l/leejr/SCT/hsio_trunk/abc_emu/src/abc130_hsio_top_struct.vhd sub00/vhpl04 1410224656
AR a13_drv_hsio_top struct /afs/cern.ch/work/l/leejr/SCT/hsio_trunk/abc_emu/src/a13_drv_hsio_top_struct.vhd sub00/vhpl07 1410224679
EN abc130_top NULL /afs/cern.ch/work/l/leejr/SCT/hsio_trunk/abc_emu/src/abc130_top_struct.vhd sub00/vhpl00 1410224584
AR abc130_hsio_top struct /afs/cern.ch/work/l/leejr/SCT/hsio_trunk/abc_emu/src/abc130_hsio_top_struct.vhd sub00/vhpl05 1410224657
AR strip_data_gen rtl /afs/cern.ch/work/l/leejr/SCT/hsio_trunk/abc_emu/src/strip_data_gen.vhd sub00/vhpl03 1410224655
EN a13_drv_hsio_top NULL /afs/cern.ch/work/l/leejr/SCT/hsio_trunk/abc_emu/src/a13_drv_hsio_top_struct.vhd sub00/vhpl06 1410224678
AR abc130_top struct /afs/cern.ch/work/l/leejr/SCT/hsio_trunk/abc_emu/src/abc130_top_struct.vhd sub00/vhpl01 1410224585
