V3 22
FL /home/daqdev/work/adl_atlasupstrip/hsio_trunk/abc_emu/src/a13_drv_hsio_top_struct.vhd 2014/10/02.14:02:52 P.49d
EN abc_emu/a13_drv_hsio_top 1413520509 \
      FL /home/daqdev/work/adl_atlasupstrip/hsio_trunk/abc_emu/src/a13_drv_hsio_top_struct.vhd \
      PB ieee/std_logic_1164 1354696159 PB ieee/std_logic_arith 1354696160 \
      PB ieee/STD_LOGIC_UNSIGNED 1354696162 PB ieee/NUMERIC_STD 1354696164 \
      LB UNISIM PH unisim/VCOMPONENTS 1354696165 LB utils PH utils/pkg_types 1413520259 \
      LB hsio PB hsio/pkg_core_globals 1413520267
AR abc_emu/a13_drv_hsio_top/struct 1413520510 \
      FL /home/daqdev/work/adl_atlasupstrip/hsio_trunk/abc_emu/src/a13_drv_hsio_top_struct.vhd \
      EN abc_emu/a13_drv_hsio_top 1413520509 PB ieee/std_logic_1164 1354696159 \
      PB ieee/std_logic_arith 1354696160 PB ieee/STD_LOGIC_UNSIGNED 1354696162 \
      PB ieee/NUMERIC_STD 1354696164 LB UNISIM PH unisim/VCOMPONENTS 1354696165 \
      LB utils PH utils/pkg_types 1413520259 LB hsio PB hsio/pkg_core_globals 1413520267 \
      CP driver_main CP abc130_hsio_top CP strip_data_gen CP ff_ddr_rx
FL /home/daqdev/work/adl_atlasupstrip/hsio_trunk/abc_emu/src/abc130_hsio_top_struct.vhd 2014/10/02.14:02:52 P.49d
EN abc_emu/abc130_hsio_top 1413520487 \
      FL /home/daqdev/work/adl_atlasupstrip/hsio_trunk/abc_emu/src/abc130_hsio_top_struct.vhd \
      PB ieee/std_logic_1164 1354696159 PB ieee/std_logic_arith 1354696160
AR abc_emu/abc130_hsio_top/struct 1413520488 \
      FL /home/daqdev/work/adl_atlasupstrip/hsio_trunk/abc_emu/src/abc130_hsio_top_struct.vhd \
      EN abc_emu/abc130_hsio_top 1413520487 PB ieee/std_logic_1164 1354696159 \
      PB ieee/std_logic_arith 1354696160 PB ieee/STD_LOGIC_UNSIGNED 1354696162 \
      CP abc130_top CP m_power
FL /home/daqdev/work/adl_atlasupstrip/hsio_trunk/abc_emu/src/abc130_top_struct.vhd 2014/10/02.14:02:52 P.49d
EN abc_emu/abc130_top 1413520415 \
      FL /home/daqdev/work/adl_atlasupstrip/hsio_trunk/abc_emu/src/abc130_top_struct.vhd \
      PB ieee/std_logic_1164 1354696159 PB ieee/std_logic_arith 1354696160
AR abc_emu/abc130_top/struct 1413520416 \
      FL /home/daqdev/work/adl_atlasupstrip/hsio_trunk/abc_emu/src/abc130_top_struct.vhd \
      EN abc_emu/abc130_top 1413520415 PB ieee/std_logic_1164 1354696159 \
      PB ieee/std_logic_arith 1354696160 CP ABCN13_DIG
FL /home/daqdev/work/adl_atlasupstrip/hsio_trunk/abc_emu/src/strip_data_gen.vhd 2014/10/02.14:02:52 P.49d
EN abc_emu/strip_data_gen 1413520485 \
      FL /home/daqdev/work/adl_atlasupstrip/hsio_trunk/abc_emu/src/strip_data_gen.vhd \
      PB ieee/std_logic_1164 1354696159 PB ieee/std_logic_arith 1354696160 \
      PB ieee/STD_LOGIC_UNSIGNED 1354696162
AR abc_emu/strip_data_gen/rtl 1413520486 \
      FL /home/daqdev/work/adl_atlasupstrip/hsio_trunk/abc_emu/src/strip_data_gen.vhd \
      EN abc_emu/strip_data_gen 1413520485
