EN driver_main NULL /afs/cern.ch/work/l/leejr/SCT/hsio_trunk/abc130_driver/src/driver_main.vhd sub00/vhpl02 1409951719
AR driver_main rtl /afs/cern.ch/work/l/leejr/SCT/hsio_trunk/abc130_driver/src/driver_main.vhd sub00/vhpl03 1409951720
PB pkg_drv_globals pkg_drv_globals /afs/cern.ch/work/l/leejr/SCT/hsio_trunk/abc130_driver/src/pkg_drv_globals.vhd sub00/vhpl01 1409951648
PH pkg_drv_globals NULL /afs/cern.ch/work/l/leejr/SCT/hsio_trunk/abc130_driver/src/pkg_drv_globals.vhd sub00/vhpl00 1409951647
