V3 73
FL /afs/cern.ch/work/l/leejr/SCT/hsio_trunk/pgp/hdl/PgpAckRx.vhd 2014/09/06.02:58:52 P.68d
EN pgp/PgpAckRx 0 \
      FL /afs/cern.ch/work/l/leejr/SCT/hsio_trunk/pgp/hdl/PgpAckRx.vhd LB pgp \
      PB ieee/std_logic_1164 1370735607 PB ieee/std_logic_arith 1370735608 \
      PB ieee/STD_LOGIC_UNSIGNED 1370735609
AR pgp/PgpAckRx/PgpAckRx 0 \
      FL /afs/cern.ch/work/l/leejr/SCT/hsio_trunk/pgp/hdl/PgpAckRx.vhd \
      EN pgp/PgpAckRx 0 CP pgp_fifo_8x256 CP pgp_dpram_51x256 CP pgp_adder_16_16
FL /afs/cern.ch/work/l/leejr/SCT/hsio_trunk/pgp/hdl/PgpCellRx.vhd 2014/09/06.02:58:52 P.68d
EN pgp/PgpCellRx 0 \
      FL /afs/cern.ch/work/l/leejr/SCT/hsio_trunk/pgp/hdl/PgpCellRx.vhd LB pgp \
      PB ieee/std_logic_1164 1370735607 PB ieee/std_logic_arith 1370735608 \
      PB ieee/STD_LOGIC_UNSIGNED 1370735609
AR pgp/PgpCellRx/PgpCellRx 0 \
      FL /afs/cern.ch/work/l/leejr/SCT/hsio_trunk/pgp/hdl/PgpCellRx.vhd \
      EN pgp/PgpCellRx 0
FL /afs/cern.ch/work/l/leejr/SCT/hsio_trunk/pgp/hdl/PgpCellTx.vhd 2014/09/06.02:58:52 P.68d
EN pgp/PgpCellTx 0 \
      FL /afs/cern.ch/work/l/leejr/SCT/hsio_trunk/pgp/hdl/PgpCellTx.vhd LB pgp \
      PB ieee/std_logic_1164 1370735607 PB ieee/std_logic_arith 1370735608 \
      PB ieee/STD_LOGIC_UNSIGNED 1370735609
AR pgp/PgpCellTx/PgpCellTx 0 \
      FL /afs/cern.ch/work/l/leejr/SCT/hsio_trunk/pgp/hdl/PgpCellTx.vhd \
      EN pgp/PgpCellTx 0
FL /afs/cern.ch/work/l/leejr/SCT/hsio_trunk/pgp/hdl/PgpClkGen.vhd 2014/09/06.02:58:52 P.68d
EN pgp/PgpClkGen 0 \
      FL /afs/cern.ch/work/l/leejr/SCT/hsio_trunk/pgp/hdl/PgpClkGen.vhd LB pgp \
      PB ieee/std_logic_1164 1370735607 PB ieee/std_logic_arith 1370735608 \
      PB ieee/STD_LOGIC_UNSIGNED 1370735609
AR pgp/PgpClkGen/PgpClkGen 0 \
      FL /afs/cern.ch/work/l/leejr/SCT/hsio_trunk/pgp/hdl/PgpClkGen.vhd \
      EN pgp/PgpClkGen 0 CP GT11CLK CP DCM CP BUFGMUX
FL /afs/cern.ch/work/l/leejr/SCT/hsio_trunk/pgp/hdl/PgpCmdSlave.vhd 2014/09/06.02:58:52 P.68d
EN pgp/PgpCmdSlave 0 \
      FL /afs/cern.ch/work/l/leejr/SCT/hsio_trunk/pgp/hdl/PgpCmdSlave.vhd LB pgp \
      PB ieee/std_logic_1164 1370735607 PB ieee/std_logic_arith 1370735608 \
      PB ieee/STD_LOGIC_UNSIGNED 1370735609
AR pgp/PgpCmdSlave/PgpCmdSlave 0 \
      FL /afs/cern.ch/work/l/leejr/SCT/hsio_trunk/pgp/hdl/PgpCmdSlave.vhd \
      EN pgp/PgpCmdSlave 0 CP pgp_afifo_20x511 CP pgp_fifo_20x512
FL /afs/cern.ch/work/l/leejr/SCT/hsio_trunk/pgp/hdl/PgpDataBuffer.vhd 2014/09/06.02:58:52 P.68d
EN pgp/PgpDataBuffer 0 \
      FL /afs/cern.ch/work/l/leejr/SCT/hsio_trunk/pgp/hdl/PgpDataBuffer.vhd \
      LB pgp PB ieee/std_logic_1164 1370735607 PB ieee/std_logic_arith 1370735608 \
      PB ieee/STD_LOGIC_UNSIGNED 1370735609
AR pgp/PgpDataBuffer/PgpDataBuffer 0 \
      FL /afs/cern.ch/work/l/leejr/SCT/hsio_trunk/pgp/hdl/PgpDataBuffer.vhd \
      EN pgp/PgpDataBuffer 0 CP pgp_afifo_20x511 CP PgpPicRemBuff
FL /afs/cern.ch/work/l/leejr/SCT/hsio_trunk/pgp/hdl/PgpDsBuff.vhd 2014/09/06.02:58:52 P.68d
EN pgp/PgpDsBuff 0 \
      FL /afs/cern.ch/work/l/leejr/SCT/hsio_trunk/pgp/hdl/PgpDsBuff.vhd LB pgp \
      PB ieee/std_logic_1164 1370735607 PB ieee/std_logic_arith 1370735608 \
      PB ieee/STD_LOGIC_UNSIGNED 1370735609
AR pgp/PgpDsBuff/PgpDsBuff 0 \
      FL /afs/cern.ch/work/l/leejr/SCT/hsio_trunk/pgp/hdl/PgpDsBuff.vhd \
      EN pgp/PgpDsBuff 0 CP pgp_afifo_20x511
FL /afs/cern.ch/work/l/leejr/SCT/hsio_trunk/pgp/hdl/PgpFrontEnd.vhd 2014/09/06.02:58:52 P.68d
EN pgp/PgpFrontEnd 0 \
      FL /afs/cern.ch/work/l/leejr/SCT/hsio_trunk/pgp/hdl/PgpFrontEnd.vhd LB pgp \
      PH pgp/Version 0 PB ieee/std_logic_1164 1370735607 PB ieee/std_logic_arith 1370735608 \
      PB ieee/STD_LOGIC_UNSIGNED 1370735609
AR pgp/PgpFrontEnd/PgpFrontEnd 0 \
      FL /afs/cern.ch/work/l/leejr/SCT/hsio_trunk/pgp/hdl/PgpFrontEnd.vhd \
      EN pgp/PgpFrontEnd 0 CP PgpMgtWrap CP PgpCmdSlave CP PgpDataBuffer \
      CP PgpRegSlave CP PgpDsBuff
FL /afs/cern.ch/work/l/leejr/SCT/hsio_trunk/pgp/hdl/PgpMgtWrap.vhd 2014/09/06.02:58:52 P.68d
EN pgp/PgpMgtWrap 0 \
      FL /afs/cern.ch/work/l/leejr/SCT/hsio_trunk/pgp/hdl/PgpMgtWrap.vhd LB pgp \
      PB ieee/std_logic_1164 1370735607 PB ieee/std_logic_arith 1370735608 \
      PB ieee/STD_LOGIC_UNSIGNED 1370735609
AR pgp/PgpMgtWrap/PgpMgtWrap 0 \
      FL /afs/cern.ch/work/l/leejr/SCT/hsio_trunk/pgp/hdl/PgpMgtWrap.vhd \
      EN pgp/PgpMgtWrap 0 CP PgpTop CP GT11
FL /afs/cern.ch/work/l/leejr/SCT/hsio_trunk/pgp/hdl/PgpPhy.vhd 2014/09/06.02:58:52 P.68d
EN pgp/PgpPhy 0 FL /afs/cern.ch/work/l/leejr/SCT/hsio_trunk/pgp/hdl/PgpPhy.vhd \
      LB pgp PB ieee/std_logic_1164 1370735607 PB ieee/std_logic_arith 1370735608 \
      PB ieee/STD_LOGIC_UNSIGNED 1370735609
AR pgp/PgpPhy/PgpPhy 0 \
      FL /afs/cern.ch/work/l/leejr/SCT/hsio_trunk/pgp/hdl/PgpPhy.vhd \
      EN pgp/PgpPhy 0
FL /afs/cern.ch/work/l/leejr/SCT/hsio_trunk/pgp/hdl/PgpPicRemBuff.vhd 2014/09/06.02:58:52 P.68d
EN pgp/PgpPicRemBuff 0 \
      FL /afs/cern.ch/work/l/leejr/SCT/hsio_trunk/pgp/hdl/PgpPicRemBuff.vhd \
      LB pgp PB ieee/std_logic_1164 1370735607 PB ieee/std_logic_arith 1370735608 \
      PB ieee/STD_LOGIC_UNSIGNED 1370735609
AR pgp/PgpPicRemBuff/PgpPicRemBuff 0 \
      FL /afs/cern.ch/work/l/leejr/SCT/hsio_trunk/pgp/hdl/PgpPicRemBuff.vhd \
      EN pgp/PgpPicRemBuff 0 CP pgp_fifo_21x512
FL /afs/cern.ch/work/l/leejr/SCT/hsio_trunk/pgp/hdl/PgpRegSlave.vhd 2014/09/06.02:58:52 P.68d
EN pgp/PgpRegSlave 0 \
      FL /afs/cern.ch/work/l/leejr/SCT/hsio_trunk/pgp/hdl/PgpRegSlave.vhd LB pgp \
      PB ieee/std_logic_1164 1370735607 PB ieee/std_logic_arith 1370735608 \
      PB ieee/STD_LOGIC_UNSIGNED 1370735609
AR pgp/PgpRegSlave/PgpRegSlave 0 \
      FL /afs/cern.ch/work/l/leejr/SCT/hsio_trunk/pgp/hdl/PgpRegSlave.vhd \
      EN pgp/PgpRegSlave 0 CP pgp_afifo_20x511 CP pgp_fifo_20x512
FL /afs/cern.ch/work/l/leejr/SCT/hsio_trunk/pgp/hdl/PgpRxTrack.vhd 2014/09/06.02:58:52 P.68d
EN pgp/PgpRxTrack 0 \
      FL /afs/cern.ch/work/l/leejr/SCT/hsio_trunk/pgp/hdl/PgpRxTrack.vhd LB pgp \
      PB ieee/std_logic_1164 1370735607 PB ieee/std_logic_arith 1370735608 \
      PB ieee/STD_LOGIC_UNSIGNED 1370735609
AR pgp/PgpRxTrack/PgpRxTrack 0 \
      FL /afs/cern.ch/work/l/leejr/SCT/hsio_trunk/pgp/hdl/PgpRxTrack.vhd \
      EN pgp/PgpRxTrack 0 CP pgp_fifo_9x256
FL /afs/cern.ch/work/l/leejr/SCT/hsio_trunk/pgp/hdl/PgpTop.vhd 2014/09/06.02:58:52 P.68d
EN pgp/PgpTop 0 FL /afs/cern.ch/work/l/leejr/SCT/hsio_trunk/pgp/hdl/PgpTop.vhd \
      LB pgp PH pgp/PgpVersion 0 PB ieee/std_logic_1164 1370735607 \
      PB ieee/std_logic_arith 1370735608 PB ieee/STD_LOGIC_UNSIGNED 1370735609
AR pgp/PgpTop/PgpTop 0 \
      FL /afs/cern.ch/work/l/leejr/SCT/hsio_trunk/pgp/hdl/PgpTop.vhd \
      EN pgp/PgpTop 0 PH pgp/PgpVersion 0 CP PgpAckRx CP PgpCellRx CP PgpCellTx \
      CP PgpPhy CP PgpRxTrack CP PgpTxSched
FL /afs/cern.ch/work/l/leejr/SCT/hsio_trunk/pgp/hdl/PgpTxSched.vhd 2014/09/06.02:58:52 P.68d
EN pgp/PgpTxSched 0 \
      FL /afs/cern.ch/work/l/leejr/SCT/hsio_trunk/pgp/hdl/PgpTxSched.vhd LB pgp \
      PB ieee/std_logic_1164 1370735607 PB ieee/std_logic_arith 1370735608 \
      PB ieee/STD_LOGIC_UNSIGNED 1370735609
AR pgp/PgpTxSched/PgpTxSched 0 \
      FL /afs/cern.ch/work/l/leejr/SCT/hsio_trunk/pgp/hdl/PgpTxSched.vhd \
      EN pgp/PgpTxSched 0
FL /afs/cern.ch/work/l/leejr/SCT/hsio_trunk/pgp/hdl/PgpVersion.vhd 2014/09/06.02:58:52 P.68d
PH pgp/PgpVersion 0 \
      FL /afs/cern.ch/work/l/leejr/SCT/hsio_trunk/pgp/hdl/PgpVersion.vhd \
      PB ieee/std_logic_1164 1370735607
