EN pgptop NULL /home/daqdev/work/adl_atlasupstrip/hsio_trunk/pgp/hdl/PgpTop.vhd sub00/vhpl42 1413174808
AR pgp_fifo_9x256 pgp_fifo_9x256_a /home/daqdev/work/adl_atlasupstrip/hsio_trunk/pgp/coregen/pgp_fifo_9x256.vhd sub00/vhpl14 1413174780
EN pgpdatabuffer NULL /home/daqdev/work/adl_atlasupstrip/hsio_trunk/pgp/hdl/PgpDataBuffer.vhd sub00/vhpl26 1413174792
EN pgp_adder_16_16 NULL /home/daqdev/work/adl_atlasupstrip/hsio_trunk/pgp/coregen/pgp_adder_16_16.vhd sub00/vhpl01 1413174767
EN pgptxsched NULL /home/daqdev/work/adl_atlasupstrip/hsio_trunk/pgp/hdl/PgpTxSched.vhd sub00/vhpl44 1413174810
AR pgpregslave pgpregslave /home/daqdev/work/adl_atlasupstrip/hsio_trunk/pgp/hdl/PgpRegSlave.vhd sub00/vhpl39 1413174805
EN pgpregslave NULL /home/daqdev/work/adl_atlasupstrip/hsio_trunk/pgp/hdl/PgpRegSlave.vhd sub00/vhpl38 1413174804
PH version NULL /home/daqdev/work/adl_atlasupstrip/hsio_trunk/ise/hsio/Version.vhd sub00/vhpl00 1413174766
AR pgprxtrack pgprxtrack /home/daqdev/work/adl_atlasupstrip/hsio_trunk/pgp/hdl/PgpRxTrack.vhd sub00/vhpl41 1413174807
AR pgpmgtwrap pgpmgtwrap /home/daqdev/work/adl_atlasupstrip/hsio_trunk/pgp/hdl/PgpMgtWrap.vhd sub00/vhpl33 1413174799
EN pgprxtrack NULL /home/daqdev/work/adl_atlasupstrip/hsio_trunk/pgp/hdl/PgpRxTrack.vhd sub00/vhpl40 1413174806
AR pgpphy pgpphy /home/daqdev/work/adl_atlasupstrip/hsio_trunk/pgp/hdl/PgpPhy.vhd sub00/vhpl35 1413174801
AR pgp_dpram_51x256 pgp_dpram_51x256_a /home/daqdev/work/adl_atlasupstrip/hsio_trunk/pgp/coregen/pgp_dpram_51x256.vhd sub00/vhpl06 1413174772
AR pgpdsbuff pgpdsbuff /home/daqdev/work/adl_atlasupstrip/hsio_trunk/pgp/hdl/PgpDsBuff.vhd sub00/vhpl29 1413174795
AR pgpackrx pgpackrx /home/daqdev/work/adl_atlasupstrip/hsio_trunk/pgp/hdl/PgpAckRx.vhd sub00/vhpl17 1413174783
AR pgpcmdslave pgpcmdslave /home/daqdev/work/adl_atlasupstrip/hsio_trunk/pgp/hdl/PgpCmdSlave.vhd sub00/vhpl25 1413174791
EN pgp_fifo_8x256 NULL /home/daqdev/work/adl_atlasupstrip/hsio_trunk/pgp/coregen/pgp_fifo_8x256.vhd sub00/vhpl11 1413174777
EN pgpdsbuff NULL /home/daqdev/work/adl_atlasupstrip/hsio_trunk/pgp/hdl/PgpDsBuff.vhd sub00/vhpl28 1413174794
AR pgp_adder_16_16 pgp_adder_16_16_a /home/daqdev/work/adl_atlasupstrip/hsio_trunk/pgp/coregen/pgp_adder_16_16.vhd sub00/vhpl02 1413174768
EN pgpcmdslave NULL /home/daqdev/work/adl_atlasupstrip/hsio_trunk/pgp/hdl/PgpCmdSlave.vhd sub00/vhpl24 1413174790
AR pgpdatabuffer pgpdatabuffer /home/daqdev/work/adl_atlasupstrip/hsio_trunk/pgp/hdl/PgpDataBuffer.vhd sub00/vhpl27 1413174793
AR pgp_afifo_20x511 pgp_afifo_20x511_a /home/daqdev/work/adl_atlasupstrip/hsio_trunk/pgp/coregen/pgp_afifo_20x511.vhd sub00/vhpl04 1413174770
EN timestamp NULL /home/daqdev/work/adl_atlasupstrip/hsio_trunk/hsio/src/timestamp.vhd sub00/vhpl46 1413174959
EN pgpphy NULL /home/daqdev/work/adl_atlasupstrip/hsio_trunk/pgp/hdl/PgpPhy.vhd sub00/vhpl34 1413174800
EN pgppicrembuff NULL /home/daqdev/work/adl_atlasupstrip/hsio_trunk/pgp/hdl/PgpPicRemBuff.vhd sub00/vhpl36 1413174802
AR pgpclkgen pgpclkgen /home/daqdev/work/adl_atlasupstrip/hsio_trunk/pgp/hdl/PgpClkGen.vhd sub00/vhpl23 1413174789
EN pgpclkgen NULL /home/daqdev/work/adl_atlasupstrip/hsio_trunk/pgp/hdl/PgpClkGen.vhd sub00/vhpl22 1413174788
EN pgpcellrx NULL /home/daqdev/work/adl_atlasupstrip/hsio_trunk/pgp/hdl/PgpCellRx.vhd sub00/vhpl18 1413174784
EN pgp_fifo_9x256 NULL /home/daqdev/work/adl_atlasupstrip/hsio_trunk/pgp/coregen/pgp_fifo_9x256.vhd sub00/vhpl13 1413174779
EN pgpmgtwrap NULL /home/daqdev/work/adl_atlasupstrip/hsio_trunk/pgp/hdl/PgpMgtWrap.vhd sub00/vhpl32 1413174798
EN pgpcelltx NULL /home/daqdev/work/adl_atlasupstrip/hsio_trunk/pgp/hdl/PgpCellTx.vhd sub00/vhpl20 1413174786
AR pgppicrembuff pgppicrembuff /home/daqdev/work/adl_atlasupstrip/hsio_trunk/pgp/hdl/PgpPicRemBuff.vhd sub00/vhpl37 1413174803
EN pgp_dpram_51x256 NULL /home/daqdev/work/adl_atlasupstrip/hsio_trunk/pgp/coregen/pgp_dpram_51x256.vhd sub00/vhpl05 1413174771
AR pgpfrontend pgpfrontend /home/daqdev/work/adl_atlasupstrip/hsio_trunk/pgp/hdl/PgpFrontEnd.vhd sub00/vhpl31 1413174797
EN pgpackrx NULL /home/daqdev/work/adl_atlasupstrip/hsio_trunk/pgp/hdl/PgpAckRx.vhd sub00/vhpl16 1413174782
EN pgp_fifo_20x512 NULL /home/daqdev/work/adl_atlasupstrip/hsio_trunk/pgp/coregen/pgp_fifo_20x512.vhd sub00/vhpl07 1413174773
AR pgp_fifo_8x256 pgp_fifo_8x256_a /home/daqdev/work/adl_atlasupstrip/hsio_trunk/pgp/coregen/pgp_fifo_8x256.vhd sub00/vhpl12 1413174778
AR pgptop pgptop /home/daqdev/work/adl_atlasupstrip/hsio_trunk/pgp/hdl/PgpTop.vhd sub00/vhpl43 1413174809
EN pgp_afifo_20x511 NULL /home/daqdev/work/adl_atlasupstrip/hsio_trunk/pgp/coregen/pgp_afifo_20x511.vhd sub00/vhpl03 1413174769
AR pgpcelltx pgpcelltx /home/daqdev/work/adl_atlasupstrip/hsio_trunk/pgp/hdl/PgpCellTx.vhd sub00/vhpl21 1413174787
AR pgpcellrx pgpcellrx /home/daqdev/work/adl_atlasupstrip/hsio_trunk/pgp/hdl/PgpCellRx.vhd sub00/vhpl19 1413174785
AR pgp_fifo_21x512 pgp_fifo_21x512_a /home/daqdev/work/adl_atlasupstrip/hsio_trunk/pgp/coregen/pgp_fifo_21x512.vhd sub00/vhpl10 1413174776
AR pgptxsched pgptxsched /home/daqdev/work/adl_atlasupstrip/hsio_trunk/pgp/hdl/PgpTxSched.vhd sub00/vhpl45 1413174811
AR pgp_fifo_20x512 pgp_fifo_20x512_a /home/daqdev/work/adl_atlasupstrip/hsio_trunk/pgp/coregen/pgp_fifo_20x512.vhd sub00/vhpl08 1413174774
PH pgpversion NULL /home/daqdev/work/adl_atlasupstrip/hsio_trunk/pgp/hdl/PgpVersion.vhd sub00/vhpl15 1413174781
EN pgpfrontend NULL /home/daqdev/work/adl_atlasupstrip/hsio_trunk/pgp/hdl/PgpFrontEnd.vhd sub00/vhpl30 1413174796
EN pgp_fifo_21x512 NULL /home/daqdev/work/adl_atlasupstrip/hsio_trunk/pgp/coregen/pgp_fifo_21x512.vhd sub00/vhpl09 1413174775
AR timestamp rtl /home/daqdev/work/adl_atlasupstrip/hsio_trunk/hsio/src/timestamp.vhd sub00/vhpl47 1413174960
