V3 98
FL /home/daqdev/work/adl_atlasupstrip/hsio_trunk/hsio/src/timestamp.vhd 2014/10/02.14:02:53 P.49d
EN work/timestamp 1412857416 \
      FL /home/daqdev/work/adl_atlasupstrip/hsio_trunk/hsio/src/timestamp.vhd \
      PB ieee/std_logic_1164 1354696159 PB ieee/std_logic_arith 1354696160 \
      PB ieee/STD_LOGIC_UNSIGNED 1354696162
AR work/timestamp/rtl 1412857417 \
      FL /home/daqdev/work/adl_atlasupstrip/hsio_trunk/hsio/src/timestamp.vhd \
      EN work/timestamp 1412857416
FL /home/daqdev/work/adl_atlasupstrip/hsio_trunk/ise/hsio/Version.vhd 2014/10/02.14:02:53 P.49d
PH work/Version 1412857500 \
      FL /home/daqdev/work/adl_atlasupstrip/hsio_trunk/ise/hsio/Version.vhd \
      PB ieee/std_logic_1164 1354696159
FL /home/daqdev/work/adl_atlasupstrip/hsio_trunk/pgp/coregen/pgp_adder_16_16.vhd 2014/10/02.14:02:53 P.49d
EN work/pgp_adder_16_16 1412857501 \
      FL /home/daqdev/work/adl_atlasupstrip/hsio_trunk/pgp/coregen/pgp_adder_16_16.vhd \
      PB ieee/std_logic_1164 1354696159
AR work/pgp_adder_16_16/pgp_adder_16_16_a 1412857502 \
      FL /home/daqdev/work/adl_atlasupstrip/hsio_trunk/pgp/coregen/pgp_adder_16_16.vhd \
      EN work/pgp_adder_16_16 1412857501
FL /home/daqdev/work/adl_atlasupstrip/hsio_trunk/pgp/coregen/pgp_afifo_20x511.vhd 2014/10/02.14:02:53 P.49d
EN work/pgp_afifo_20x511 1412857503 \
      FL /home/daqdev/work/adl_atlasupstrip/hsio_trunk/pgp/coregen/pgp_afifo_20x511.vhd \
      PB ieee/std_logic_1164 1354696159
AR work/pgp_afifo_20x511/pgp_afifo_20x511_a 1412857504 \
      FL /home/daqdev/work/adl_atlasupstrip/hsio_trunk/pgp/coregen/pgp_afifo_20x511.vhd \
      EN work/pgp_afifo_20x511 1412857503
FL /home/daqdev/work/adl_atlasupstrip/hsio_trunk/pgp/coregen/pgp_dpram_51x256.vhd 2014/10/02.14:02:53 P.49d
EN work/pgp_dpram_51x256 1412857505 \
      FL /home/daqdev/work/adl_atlasupstrip/hsio_trunk/pgp/coregen/pgp_dpram_51x256.vhd \
      PB ieee/std_logic_1164 1354696159
AR work/pgp_dpram_51x256/pgp_dpram_51x256_a 1412857506 \
      FL /home/daqdev/work/adl_atlasupstrip/hsio_trunk/pgp/coregen/pgp_dpram_51x256.vhd \
      EN work/pgp_dpram_51x256 1412857505
FL /home/daqdev/work/adl_atlasupstrip/hsio_trunk/pgp/coregen/pgp_fifo_20x512.vhd 2014/10/02.14:02:53 P.49d
EN work/pgp_fifo_20x512 1412857507 \
      FL /home/daqdev/work/adl_atlasupstrip/hsio_trunk/pgp/coregen/pgp_fifo_20x512.vhd \
      PB ieee/std_logic_1164 1354696159
AR work/pgp_fifo_20x512/pgp_fifo_20x512_a 1412857508 \
      FL /home/daqdev/work/adl_atlasupstrip/hsio_trunk/pgp/coregen/pgp_fifo_20x512.vhd \
      EN work/pgp_fifo_20x512 1412857507
FL /home/daqdev/work/adl_atlasupstrip/hsio_trunk/pgp/coregen/pgp_fifo_21x512.vhd 2014/10/02.14:02:53 P.49d
EN work/pgp_fifo_21x512 1412857509 \
      FL /home/daqdev/work/adl_atlasupstrip/hsio_trunk/pgp/coregen/pgp_fifo_21x512.vhd \
      PB ieee/std_logic_1164 1354696159
AR work/pgp_fifo_21x512/pgp_fifo_21x512_a 1412857510 \
      FL /home/daqdev/work/adl_atlasupstrip/hsio_trunk/pgp/coregen/pgp_fifo_21x512.vhd \
      EN work/pgp_fifo_21x512 1412857509
FL /home/daqdev/work/adl_atlasupstrip/hsio_trunk/pgp/coregen/pgp_fifo_8x256.vhd 2014/10/02.14:02:53 P.49d
EN work/pgp_fifo_8x256 1412857511 \
      FL /home/daqdev/work/adl_atlasupstrip/hsio_trunk/pgp/coregen/pgp_fifo_8x256.vhd \
      PB ieee/std_logic_1164 1354696159
AR work/pgp_fifo_8x256/pgp_fifo_8x256_a 1412857512 \
      FL /home/daqdev/work/adl_atlasupstrip/hsio_trunk/pgp/coregen/pgp_fifo_8x256.vhd \
      EN work/pgp_fifo_8x256 1412857511
FL /home/daqdev/work/adl_atlasupstrip/hsio_trunk/pgp/coregen/pgp_fifo_9x256.vhd 2014/10/02.14:02:53 P.49d
EN work/pgp_fifo_9x256 1412857513 \
      FL /home/daqdev/work/adl_atlasupstrip/hsio_trunk/pgp/coregen/pgp_fifo_9x256.vhd \
      PB ieee/std_logic_1164 1354696159
AR work/pgp_fifo_9x256/pgp_fifo_9x256_a 1412857514 \
      FL /home/daqdev/work/adl_atlasupstrip/hsio_trunk/pgp/coregen/pgp_fifo_9x256.vhd \
      EN work/pgp_fifo_9x256 1412857513
FL /home/daqdev/work/adl_atlasupstrip/hsio_trunk/pgp/hdl/PgpAckRx.vhd 2014/10/02.14:02:53 P.49d
EN work/PgpAckRx 1412857516 \
      FL /home/daqdev/work/adl_atlasupstrip/hsio_trunk/pgp/hdl/PgpAckRx.vhd \
      LB work PB ieee/std_logic_1164 1354696159 PB ieee/std_logic_arith 1354696160 \
      PB ieee/STD_LOGIC_UNSIGNED 1354696162
AR work/PgpAckRx/PgpAckRx 1412857517 \
      FL /home/daqdev/work/adl_atlasupstrip/hsio_trunk/pgp/hdl/PgpAckRx.vhd \
      EN work/PgpAckRx 1412857516 CP pgp_fifo_8x256 CP pgp_dpram_51x256 \
      CP pgp_adder_16_16
FL /home/daqdev/work/adl_atlasupstrip/hsio_trunk/pgp/hdl/PgpCellRx.vhd 2014/10/02.14:02:53 P.49d
EN work/PgpCellRx 1412857518 \
      FL /home/daqdev/work/adl_atlasupstrip/hsio_trunk/pgp/hdl/PgpCellRx.vhd \
      LB work PB ieee/std_logic_1164 1354696159 PB ieee/std_logic_arith 1354696160 \
      PB ieee/STD_LOGIC_UNSIGNED 1354696162
AR work/PgpCellRx/PgpCellRx 1412857519 \
      FL /home/daqdev/work/adl_atlasupstrip/hsio_trunk/pgp/hdl/PgpCellRx.vhd \
      EN work/PgpCellRx 1412857518
FL /home/daqdev/work/adl_atlasupstrip/hsio_trunk/pgp/hdl/PgpCellTx.vhd 2014/10/02.14:02:53 P.49d
EN work/PgpCellTx 1412857520 \
      FL /home/daqdev/work/adl_atlasupstrip/hsio_trunk/pgp/hdl/PgpCellTx.vhd \
      LB work PB ieee/std_logic_1164 1354696159 PB ieee/std_logic_arith 1354696160 \
      PB ieee/STD_LOGIC_UNSIGNED 1354696162
AR work/PgpCellTx/PgpCellTx 1412857521 \
      FL /home/daqdev/work/adl_atlasupstrip/hsio_trunk/pgp/hdl/PgpCellTx.vhd \
      EN work/PgpCellTx 1412857520
FL /home/daqdev/work/adl_atlasupstrip/hsio_trunk/pgp/hdl/PgpClkGen.vhd 2014/10/02.14:02:53 P.49d
EN work/PgpClkGen 1412857522 \
      FL /home/daqdev/work/adl_atlasupstrip/hsio_trunk/pgp/hdl/PgpClkGen.vhd \
      LB work PB ieee/std_logic_1164 1354696159 PB ieee/std_logic_arith 1354696160 \
      PB ieee/STD_LOGIC_UNSIGNED 1354696162
AR work/PgpClkGen/PgpClkGen 1412857523 \
      FL /home/daqdev/work/adl_atlasupstrip/hsio_trunk/pgp/hdl/PgpClkGen.vhd \
      EN work/PgpClkGen 1412857522 CP GT11CLK CP DCM CP BUFGMUX
FL /home/daqdev/work/adl_atlasupstrip/hsio_trunk/pgp/hdl/PgpCmdSlave.vhd 2014/10/02.14:02:53 P.49d
EN work/PgpCmdSlave 1412857524 \
      FL /home/daqdev/work/adl_atlasupstrip/hsio_trunk/pgp/hdl/PgpCmdSlave.vhd \
      LB work PB ieee/std_logic_1164 1354696159 PB ieee/std_logic_arith 1354696160 \
      PB ieee/STD_LOGIC_UNSIGNED 1354696162
AR work/PgpCmdSlave/PgpCmdSlave 1412857525 \
      FL /home/daqdev/work/adl_atlasupstrip/hsio_trunk/pgp/hdl/PgpCmdSlave.vhd \
      EN work/PgpCmdSlave 1412857524 CP pgp_afifo_20x511 CP pgp_fifo_20x512
FL /home/daqdev/work/adl_atlasupstrip/hsio_trunk/pgp/hdl/PgpDataBuffer.vhd 2014/10/02.14:02:53 P.49d
EN work/PgpDataBuffer 1412857526 \
      FL /home/daqdev/work/adl_atlasupstrip/hsio_trunk/pgp/hdl/PgpDataBuffer.vhd \
      LB work PB ieee/std_logic_1164 1354696159 PB ieee/std_logic_arith 1354696160 \
      PB ieee/STD_LOGIC_UNSIGNED 1354696162
AR work/PgpDataBuffer/PgpDataBuffer 1412857527 \
      FL /home/daqdev/work/adl_atlasupstrip/hsio_trunk/pgp/hdl/PgpDataBuffer.vhd \
      EN work/PgpDataBuffer 1412857526 CP pgp_afifo_20x511 CP PgpPicRemBuff
FL /home/daqdev/work/adl_atlasupstrip/hsio_trunk/pgp/hdl/PgpDsBuff.vhd 2014/10/02.14:02:53 P.49d
EN work/PgpDsBuff 1412857528 \
      FL /home/daqdev/work/adl_atlasupstrip/hsio_trunk/pgp/hdl/PgpDsBuff.vhd \
      LB work PB ieee/std_logic_1164 1354696159 PB ieee/std_logic_arith 1354696160 \
      PB ieee/STD_LOGIC_UNSIGNED 1354696162
AR work/PgpDsBuff/PgpDsBuff 1412857529 \
      FL /home/daqdev/work/adl_atlasupstrip/hsio_trunk/pgp/hdl/PgpDsBuff.vhd \
      EN work/PgpDsBuff 1412857528 CP pgp_afifo_20x511
FL /home/daqdev/work/adl_atlasupstrip/hsio_trunk/pgp/hdl/PgpFrontEnd.vhd 2014/10/02.14:02:53 P.49d
EN work/PgpFrontEnd 1412857530 \
      FL /home/daqdev/work/adl_atlasupstrip/hsio_trunk/pgp/hdl/PgpFrontEnd.vhd \
      LB work PH work/Version 1412857500 PB ieee/std_logic_1164 1354696159 \
      PB ieee/std_logic_arith 1354696160 PB ieee/STD_LOGIC_UNSIGNED 1354696162
AR work/PgpFrontEnd/PgpFrontEnd 1412857531 \
      FL /home/daqdev/work/adl_atlasupstrip/hsio_trunk/pgp/hdl/PgpFrontEnd.vhd \
      EN work/PgpFrontEnd 1412857530 CP PgpMgtWrap CP PgpCmdSlave CP PgpDataBuffer \
      CP PgpRegSlave CP PgpDsBuff
FL /home/daqdev/work/adl_atlasupstrip/hsio_trunk/pgp/hdl/PgpMgtWrap.vhd 2014/10/02.14:02:53 P.49d
EN work/PgpMgtWrap 1412857532 \
      FL /home/daqdev/work/adl_atlasupstrip/hsio_trunk/pgp/hdl/PgpMgtWrap.vhd \
      LB work PB ieee/std_logic_1164 1354696159 PB ieee/std_logic_arith 1354696160 \
      PB ieee/STD_LOGIC_UNSIGNED 1354696162
AR work/PgpMgtWrap/PgpMgtWrap 1412857533 \
      FL /home/daqdev/work/adl_atlasupstrip/hsio_trunk/pgp/hdl/PgpMgtWrap.vhd \
      EN work/PgpMgtWrap 1412857532 CP PgpTop CP GT11
FL /home/daqdev/work/adl_atlasupstrip/hsio_trunk/pgp/hdl/PgpPhy.vhd 2014/10/02.14:02:53 P.49d
EN work/PgpPhy 1412857534 \
      FL /home/daqdev/work/adl_atlasupstrip/hsio_trunk/pgp/hdl/PgpPhy.vhd LB work \
      PB ieee/std_logic_1164 1354696159 PB ieee/std_logic_arith 1354696160 \
      PB ieee/STD_LOGIC_UNSIGNED 1354696162
AR work/PgpPhy/PgpPhy 1412857535 \
      FL /home/daqdev/work/adl_atlasupstrip/hsio_trunk/pgp/hdl/PgpPhy.vhd \
      EN work/PgpPhy 1412857534
FL /home/daqdev/work/adl_atlasupstrip/hsio_trunk/pgp/hdl/PgpPicRemBuff.vhd 2014/10/02.14:02:53 P.49d
EN work/PgpPicRemBuff 1412857536 \
      FL /home/daqdev/work/adl_atlasupstrip/hsio_trunk/pgp/hdl/PgpPicRemBuff.vhd \
      LB work PB ieee/std_logic_1164 1354696159 PB ieee/std_logic_arith 1354696160 \
      PB ieee/STD_LOGIC_UNSIGNED 1354696162
AR work/PgpPicRemBuff/PgpPicRemBuff 1412857537 \
      FL /home/daqdev/work/adl_atlasupstrip/hsio_trunk/pgp/hdl/PgpPicRemBuff.vhd \
      EN work/PgpPicRemBuff 1412857536 CP pgp_fifo_21x512
FL /home/daqdev/work/adl_atlasupstrip/hsio_trunk/pgp/hdl/PgpRegSlave.vhd 2014/10/02.14:02:53 P.49d
EN work/PgpRegSlave 1412857538 \
      FL /home/daqdev/work/adl_atlasupstrip/hsio_trunk/pgp/hdl/PgpRegSlave.vhd \
      LB work PB ieee/std_logic_1164 1354696159 PB ieee/std_logic_arith 1354696160 \
      PB ieee/STD_LOGIC_UNSIGNED 1354696162
AR work/PgpRegSlave/PgpRegSlave 1412857539 \
      FL /home/daqdev/work/adl_atlasupstrip/hsio_trunk/pgp/hdl/PgpRegSlave.vhd \
      EN work/PgpRegSlave 1412857538 CP pgp_afifo_20x511 CP pgp_fifo_20x512
FL /home/daqdev/work/adl_atlasupstrip/hsio_trunk/pgp/hdl/PgpRxTrack.vhd 2014/10/02.14:02:53 P.49d
EN work/PgpRxTrack 1412857540 \
      FL /home/daqdev/work/adl_atlasupstrip/hsio_trunk/pgp/hdl/PgpRxTrack.vhd \
      LB work PB ieee/std_logic_1164 1354696159 PB ieee/std_logic_arith 1354696160 \
      PB ieee/STD_LOGIC_UNSIGNED 1354696162
AR work/PgpRxTrack/PgpRxTrack 1412857541 \
      FL /home/daqdev/work/adl_atlasupstrip/hsio_trunk/pgp/hdl/PgpRxTrack.vhd \
      EN work/PgpRxTrack 1412857540 CP pgp_fifo_9x256
FL /home/daqdev/work/adl_atlasupstrip/hsio_trunk/pgp/hdl/PgpTop.vhd 2014/10/02.14:02:53 P.49d
EN work/PgpTop 1412857542 \
      FL /home/daqdev/work/adl_atlasupstrip/hsio_trunk/pgp/hdl/PgpTop.vhd LB work \
      PH work/PgpVersion 1412857515 PB ieee/std_logic_1164 1354696159 \
      PB ieee/std_logic_arith 1354696160 PB ieee/STD_LOGIC_UNSIGNED 1354696162
AR work/PgpTop/PgpTop 1412857543 \
      FL /home/daqdev/work/adl_atlasupstrip/hsio_trunk/pgp/hdl/PgpTop.vhd \
      EN work/PgpTop 1412857542 PH work/PgpVersion 1412857515 CP PgpAckRx \
      CP PgpCellRx CP PgpCellTx CP PgpPhy CP PgpRxTrack CP PgpTxSched
FL /home/daqdev/work/adl_atlasupstrip/hsio_trunk/pgp/hdl/PgpTxSched.vhd 2014/10/02.14:02:53 P.49d
EN work/PgpTxSched 1412857544 \
      FL /home/daqdev/work/adl_atlasupstrip/hsio_trunk/pgp/hdl/PgpTxSched.vhd \
      LB work PB ieee/std_logic_1164 1354696159 PB ieee/std_logic_arith 1354696160 \
      PB ieee/STD_LOGIC_UNSIGNED 1354696162
AR work/PgpTxSched/PgpTxSched 1412857545 \
      FL /home/daqdev/work/adl_atlasupstrip/hsio_trunk/pgp/hdl/PgpTxSched.vhd \
      EN work/PgpTxSched 1412857544
FL /home/daqdev/work/adl_atlasupstrip/hsio_trunk/pgp/hdl/PgpVersion.vhd 2014/10/02.14:02:53 P.49d
PH work/PgpVersion 1412857515 \
      FL /home/daqdev/work/adl_atlasupstrip/hsio_trunk/pgp/hdl/PgpVersion.vhd \
      PB ieee/std_logic_1164 1354696159
