V3 98
FL /home/daqdev/work/adl_atlasupstrip/hsio_trunk/hsio/src/timestamp.vhd 2014/10/02.14:02:53 P.49d
EN work/timestamp 1413174959 \
      FL /home/daqdev/work/adl_atlasupstrip/hsio_trunk/hsio/src/timestamp.vhd \
      PB ieee/std_logic_1164 1354696159 PB ieee/std_logic_arith 1354696160 \
      PB ieee/STD_LOGIC_UNSIGNED 1354696162
AR work/timestamp/rtl 1413174960 \
      FL /home/daqdev/work/adl_atlasupstrip/hsio_trunk/hsio/src/timestamp.vhd \
      EN work/timestamp 1413174959
FL /home/daqdev/work/adl_atlasupstrip/hsio_trunk/ise/hsio/Version.vhd 2014/10/02.14:02:53 P.49d
PH work/Version 1413174766 \
      FL /home/daqdev/work/adl_atlasupstrip/hsio_trunk/ise/hsio/Version.vhd \
      PB ieee/std_logic_1164 1354696159
FL /home/daqdev/work/adl_atlasupstrip/hsio_trunk/pgp/coregen/pgp_adder_16_16.vhd 2014/10/02.14:02:53 P.49d
EN work/pgp_adder_16_16 1413174767 \
      FL /home/daqdev/work/adl_atlasupstrip/hsio_trunk/pgp/coregen/pgp_adder_16_16.vhd \
      PB ieee/std_logic_1164 1354696159
AR work/pgp_adder_16_16/pgp_adder_16_16_a 1413174768 \
      FL /home/daqdev/work/adl_atlasupstrip/hsio_trunk/pgp/coregen/pgp_adder_16_16.vhd \
      EN work/pgp_adder_16_16 1413174767
FL /home/daqdev/work/adl_atlasupstrip/hsio_trunk/pgp/coregen/pgp_afifo_20x511.vhd 2014/10/02.14:02:53 P.49d
EN work/pgp_afifo_20x511 1413174769 \
      FL /home/daqdev/work/adl_atlasupstrip/hsio_trunk/pgp/coregen/pgp_afifo_20x511.vhd \
      PB ieee/std_logic_1164 1354696159
AR work/pgp_afifo_20x511/pgp_afifo_20x511_a 1413174770 \
      FL /home/daqdev/work/adl_atlasupstrip/hsio_trunk/pgp/coregen/pgp_afifo_20x511.vhd \
      EN work/pgp_afifo_20x511 1413174769
FL /home/daqdev/work/adl_atlasupstrip/hsio_trunk/pgp/coregen/pgp_dpram_51x256.vhd 2014/10/02.14:02:53 P.49d
EN work/pgp_dpram_51x256 1413174771 \
      FL /home/daqdev/work/adl_atlasupstrip/hsio_trunk/pgp/coregen/pgp_dpram_51x256.vhd \
      PB ieee/std_logic_1164 1354696159
AR work/pgp_dpram_51x256/pgp_dpram_51x256_a 1413174772 \
      FL /home/daqdev/work/adl_atlasupstrip/hsio_trunk/pgp/coregen/pgp_dpram_51x256.vhd \
      EN work/pgp_dpram_51x256 1413174771
FL /home/daqdev/work/adl_atlasupstrip/hsio_trunk/pgp/coregen/pgp_fifo_20x512.vhd 2014/10/02.14:02:53 P.49d
EN work/pgp_fifo_20x512 1413174773 \
      FL /home/daqdev/work/adl_atlasupstrip/hsio_trunk/pgp/coregen/pgp_fifo_20x512.vhd \
      PB ieee/std_logic_1164 1354696159
AR work/pgp_fifo_20x512/pgp_fifo_20x512_a 1413174774 \
      FL /home/daqdev/work/adl_atlasupstrip/hsio_trunk/pgp/coregen/pgp_fifo_20x512.vhd \
      EN work/pgp_fifo_20x512 1413174773
FL /home/daqdev/work/adl_atlasupstrip/hsio_trunk/pgp/coregen/pgp_fifo_21x512.vhd 2014/10/02.14:02:53 P.49d
EN work/pgp_fifo_21x512 1413174775 \
      FL /home/daqdev/work/adl_atlasupstrip/hsio_trunk/pgp/coregen/pgp_fifo_21x512.vhd \
      PB ieee/std_logic_1164 1354696159
AR work/pgp_fifo_21x512/pgp_fifo_21x512_a 1413174776 \
      FL /home/daqdev/work/adl_atlasupstrip/hsio_trunk/pgp/coregen/pgp_fifo_21x512.vhd \
      EN work/pgp_fifo_21x512 1413174775
FL /home/daqdev/work/adl_atlasupstrip/hsio_trunk/pgp/coregen/pgp_fifo_8x256.vhd 2014/10/02.14:02:53 P.49d
EN work/pgp_fifo_8x256 1413174777 \
      FL /home/daqdev/work/adl_atlasupstrip/hsio_trunk/pgp/coregen/pgp_fifo_8x256.vhd \
      PB ieee/std_logic_1164 1354696159
AR work/pgp_fifo_8x256/pgp_fifo_8x256_a 1413174778 \
      FL /home/daqdev/work/adl_atlasupstrip/hsio_trunk/pgp/coregen/pgp_fifo_8x256.vhd \
      EN work/pgp_fifo_8x256 1413174777
FL /home/daqdev/work/adl_atlasupstrip/hsio_trunk/pgp/coregen/pgp_fifo_9x256.vhd 2014/10/02.14:02:53 P.49d
EN work/pgp_fifo_9x256 1413174779 \
      FL /home/daqdev/work/adl_atlasupstrip/hsio_trunk/pgp/coregen/pgp_fifo_9x256.vhd \
      PB ieee/std_logic_1164 1354696159
AR work/pgp_fifo_9x256/pgp_fifo_9x256_a 1413174780 \
      FL /home/daqdev/work/adl_atlasupstrip/hsio_trunk/pgp/coregen/pgp_fifo_9x256.vhd \
      EN work/pgp_fifo_9x256 1413174779
FL /home/daqdev/work/adl_atlasupstrip/hsio_trunk/pgp/hdl/PgpAckRx.vhd 2014/10/02.14:02:53 P.49d
EN work/PgpAckRx 1413174782 \
      FL /home/daqdev/work/adl_atlasupstrip/hsio_trunk/pgp/hdl/PgpAckRx.vhd \
      LB work PB ieee/std_logic_1164 1354696159 PB ieee/std_logic_arith 1354696160 \
      PB ieee/STD_LOGIC_UNSIGNED 1354696162
AR work/PgpAckRx/PgpAckRx 1413174783 \
      FL /home/daqdev/work/adl_atlasupstrip/hsio_trunk/pgp/hdl/PgpAckRx.vhd \
      EN work/PgpAckRx 1413174782 CP pgp_fifo_8x256 CP pgp_dpram_51x256 \
      CP pgp_adder_16_16
FL /home/daqdev/work/adl_atlasupstrip/hsio_trunk/pgp/hdl/PgpCellRx.vhd 2014/10/02.14:02:53 P.49d
EN work/PgpCellRx 1413174784 \
      FL /home/daqdev/work/adl_atlasupstrip/hsio_trunk/pgp/hdl/PgpCellRx.vhd \
      LB work PB ieee/std_logic_1164 1354696159 PB ieee/std_logic_arith 1354696160 \
      PB ieee/STD_LOGIC_UNSIGNED 1354696162
AR work/PgpCellRx/PgpCellRx 1413174785 \
      FL /home/daqdev/work/adl_atlasupstrip/hsio_trunk/pgp/hdl/PgpCellRx.vhd \
      EN work/PgpCellRx 1413174784
FL /home/daqdev/work/adl_atlasupstrip/hsio_trunk/pgp/hdl/PgpCellTx.vhd 2014/10/02.14:02:53 P.49d
EN work/PgpCellTx 1413174786 \
      FL /home/daqdev/work/adl_atlasupstrip/hsio_trunk/pgp/hdl/PgpCellTx.vhd \
      LB work PB ieee/std_logic_1164 1354696159 PB ieee/std_logic_arith 1354696160 \
      PB ieee/STD_LOGIC_UNSIGNED 1354696162
AR work/PgpCellTx/PgpCellTx 1413174787 \
      FL /home/daqdev/work/adl_atlasupstrip/hsio_trunk/pgp/hdl/PgpCellTx.vhd \
      EN work/PgpCellTx 1413174786
FL /home/daqdev/work/adl_atlasupstrip/hsio_trunk/pgp/hdl/PgpClkGen.vhd 2014/10/02.14:02:53 P.49d
EN work/PgpClkGen 1413174788 \
      FL /home/daqdev/work/adl_atlasupstrip/hsio_trunk/pgp/hdl/PgpClkGen.vhd \
      LB work PB ieee/std_logic_1164 1354696159 PB ieee/std_logic_arith 1354696160 \
      PB ieee/STD_LOGIC_UNSIGNED 1354696162
AR work/PgpClkGen/PgpClkGen 1413174789 \
      FL /home/daqdev/work/adl_atlasupstrip/hsio_trunk/pgp/hdl/PgpClkGen.vhd \
      EN work/PgpClkGen 1413174788 CP GT11CLK CP DCM CP BUFGMUX
FL /home/daqdev/work/adl_atlasupstrip/hsio_trunk/pgp/hdl/PgpCmdSlave.vhd 2014/10/02.14:02:53 P.49d
EN work/PgpCmdSlave 1413174790 \
      FL /home/daqdev/work/adl_atlasupstrip/hsio_trunk/pgp/hdl/PgpCmdSlave.vhd \
      LB work PB ieee/std_logic_1164 1354696159 PB ieee/std_logic_arith 1354696160 \
      PB ieee/STD_LOGIC_UNSIGNED 1354696162
AR work/PgpCmdSlave/PgpCmdSlave 1413174791 \
      FL /home/daqdev/work/adl_atlasupstrip/hsio_trunk/pgp/hdl/PgpCmdSlave.vhd \
      EN work/PgpCmdSlave 1413174790 CP pgp_afifo_20x511 CP pgp_fifo_20x512
FL /home/daqdev/work/adl_atlasupstrip/hsio_trunk/pgp/hdl/PgpDataBuffer.vhd 2014/10/02.14:02:53 P.49d
EN work/PgpDataBuffer 1413174792 \
      FL /home/daqdev/work/adl_atlasupstrip/hsio_trunk/pgp/hdl/PgpDataBuffer.vhd \
      LB work PB ieee/std_logic_1164 1354696159 PB ieee/std_logic_arith 1354696160 \
      PB ieee/STD_LOGIC_UNSIGNED 1354696162
AR work/PgpDataBuffer/PgpDataBuffer 1413174793 \
      FL /home/daqdev/work/adl_atlasupstrip/hsio_trunk/pgp/hdl/PgpDataBuffer.vhd \
      EN work/PgpDataBuffer 1413174792 CP pgp_afifo_20x511 CP PgpPicRemBuff
FL /home/daqdev/work/adl_atlasupstrip/hsio_trunk/pgp/hdl/PgpDsBuff.vhd 2014/10/02.14:02:53 P.49d
EN work/PgpDsBuff 1413174794 \
      FL /home/daqdev/work/adl_atlasupstrip/hsio_trunk/pgp/hdl/PgpDsBuff.vhd \
      LB work PB ieee/std_logic_1164 1354696159 PB ieee/std_logic_arith 1354696160 \
      PB ieee/STD_LOGIC_UNSIGNED 1354696162
AR work/PgpDsBuff/PgpDsBuff 1413174795 \
      FL /home/daqdev/work/adl_atlasupstrip/hsio_trunk/pgp/hdl/PgpDsBuff.vhd \
      EN work/PgpDsBuff 1413174794 CP pgp_afifo_20x511
FL /home/daqdev/work/adl_atlasupstrip/hsio_trunk/pgp/hdl/PgpFrontEnd.vhd 2014/10/02.14:02:53 P.49d
EN work/PgpFrontEnd 1413174796 \
      FL /home/daqdev/work/adl_atlasupstrip/hsio_trunk/pgp/hdl/PgpFrontEnd.vhd \
      LB work PH work/Version 1413174766 PB ieee/std_logic_1164 1354696159 \
      PB ieee/std_logic_arith 1354696160 PB ieee/STD_LOGIC_UNSIGNED 1354696162
AR work/PgpFrontEnd/PgpFrontEnd 1413174797 \
      FL /home/daqdev/work/adl_atlasupstrip/hsio_trunk/pgp/hdl/PgpFrontEnd.vhd \
      EN work/PgpFrontEnd 1413174796 CP PgpMgtWrap CP PgpCmdSlave CP PgpDataBuffer \
      CP PgpRegSlave CP PgpDsBuff
FL /home/daqdev/work/adl_atlasupstrip/hsio_trunk/pgp/hdl/PgpMgtWrap.vhd 2014/10/02.14:02:53 P.49d
EN work/PgpMgtWrap 1413174798 \
      FL /home/daqdev/work/adl_atlasupstrip/hsio_trunk/pgp/hdl/PgpMgtWrap.vhd \
      LB work PB ieee/std_logic_1164 1354696159 PB ieee/std_logic_arith 1354696160 \
      PB ieee/STD_LOGIC_UNSIGNED 1354696162
AR work/PgpMgtWrap/PgpMgtWrap 1413174799 \
      FL /home/daqdev/work/adl_atlasupstrip/hsio_trunk/pgp/hdl/PgpMgtWrap.vhd \
      EN work/PgpMgtWrap 1413174798 CP PgpTop CP GT11
FL /home/daqdev/work/adl_atlasupstrip/hsio_trunk/pgp/hdl/PgpPhy.vhd 2014/10/02.14:02:53 P.49d
EN work/PgpPhy 1413174800 \
      FL /home/daqdev/work/adl_atlasupstrip/hsio_trunk/pgp/hdl/PgpPhy.vhd LB work \
      PB ieee/std_logic_1164 1354696159 PB ieee/std_logic_arith 1354696160 \
      PB ieee/STD_LOGIC_UNSIGNED 1354696162
AR work/PgpPhy/PgpPhy 1413174801 \
      FL /home/daqdev/work/adl_atlasupstrip/hsio_trunk/pgp/hdl/PgpPhy.vhd \
      EN work/PgpPhy 1413174800
FL /home/daqdev/work/adl_atlasupstrip/hsio_trunk/pgp/hdl/PgpPicRemBuff.vhd 2014/10/02.14:02:53 P.49d
EN work/PgpPicRemBuff 1413174802 \
      FL /home/daqdev/work/adl_atlasupstrip/hsio_trunk/pgp/hdl/PgpPicRemBuff.vhd \
      LB work PB ieee/std_logic_1164 1354696159 PB ieee/std_logic_arith 1354696160 \
      PB ieee/STD_LOGIC_UNSIGNED 1354696162
AR work/PgpPicRemBuff/PgpPicRemBuff 1413174803 \
      FL /home/daqdev/work/adl_atlasupstrip/hsio_trunk/pgp/hdl/PgpPicRemBuff.vhd \
      EN work/PgpPicRemBuff 1413174802 CP pgp_fifo_21x512
FL /home/daqdev/work/adl_atlasupstrip/hsio_trunk/pgp/hdl/PgpRegSlave.vhd 2014/10/02.14:02:53 P.49d
EN work/PgpRegSlave 1413174804 \
      FL /home/daqdev/work/adl_atlasupstrip/hsio_trunk/pgp/hdl/PgpRegSlave.vhd \
      LB work PB ieee/std_logic_1164 1354696159 PB ieee/std_logic_arith 1354696160 \
      PB ieee/STD_LOGIC_UNSIGNED 1354696162
AR work/PgpRegSlave/PgpRegSlave 1413174805 \
      FL /home/daqdev/work/adl_atlasupstrip/hsio_trunk/pgp/hdl/PgpRegSlave.vhd \
      EN work/PgpRegSlave 1413174804 CP pgp_afifo_20x511 CP pgp_fifo_20x512
FL /home/daqdev/work/adl_atlasupstrip/hsio_trunk/pgp/hdl/PgpRxTrack.vhd 2014/10/02.14:02:53 P.49d
EN work/PgpRxTrack 1413174806 \
      FL /home/daqdev/work/adl_atlasupstrip/hsio_trunk/pgp/hdl/PgpRxTrack.vhd \
      LB work PB ieee/std_logic_1164 1354696159 PB ieee/std_logic_arith 1354696160 \
      PB ieee/STD_LOGIC_UNSIGNED 1354696162
AR work/PgpRxTrack/PgpRxTrack 1413174807 \
      FL /home/daqdev/work/adl_atlasupstrip/hsio_trunk/pgp/hdl/PgpRxTrack.vhd \
      EN work/PgpRxTrack 1413174806 CP pgp_fifo_9x256
FL /home/daqdev/work/adl_atlasupstrip/hsio_trunk/pgp/hdl/PgpTop.vhd 2014/10/02.14:02:53 P.49d
EN work/PgpTop 1413174808 \
      FL /home/daqdev/work/adl_atlasupstrip/hsio_trunk/pgp/hdl/PgpTop.vhd LB work \
      PH work/PgpVersion 1413174781 PB ieee/std_logic_1164 1354696159 \
      PB ieee/std_logic_arith 1354696160 PB ieee/STD_LOGIC_UNSIGNED 1354696162
AR work/PgpTop/PgpTop 1413174809 \
      FL /home/daqdev/work/adl_atlasupstrip/hsio_trunk/pgp/hdl/PgpTop.vhd \
      EN work/PgpTop 1413174808 PH work/PgpVersion 1413174781 CP PgpAckRx \
      CP PgpCellRx CP PgpCellTx CP PgpPhy CP PgpRxTrack CP PgpTxSched
FL /home/daqdev/work/adl_atlasupstrip/hsio_trunk/pgp/hdl/PgpTxSched.vhd 2014/10/02.14:02:53 P.49d
EN work/PgpTxSched 1413174810 \
      FL /home/daqdev/work/adl_atlasupstrip/hsio_trunk/pgp/hdl/PgpTxSched.vhd \
      LB work PB ieee/std_logic_1164 1354696159 PB ieee/std_logic_arith 1354696160 \
      PB ieee/STD_LOGIC_UNSIGNED 1354696162
AR work/PgpTxSched/PgpTxSched 1413174811 \
      FL /home/daqdev/work/adl_atlasupstrip/hsio_trunk/pgp/hdl/PgpTxSched.vhd \
      EN work/PgpTxSched 1413174810
FL /home/daqdev/work/adl_atlasupstrip/hsio_trunk/pgp/hdl/PgpVersion.vhd 2014/10/02.14:02:53 P.49d
PH work/PgpVersion 1413174781 \
      FL /home/daqdev/work/adl_atlasupstrip/hsio_trunk/pgp/hdl/PgpVersion.vhd \
      PB ieee/std_logic_1164 1354696159
