V3 98
FL /afs/cern.ch/work/l/leejr/SCT/hsio_trunk/hsio/src/timestamp.vhd 2014/09/06.01:14:25 P.68d
EN work/timestamp 1410224879 \
      FL /afs/cern.ch/work/l/leejr/SCT/hsio_trunk/hsio/src/timestamp.vhd \
      PB ieee/std_logic_1164 1370735607 PB ieee/std_logic_arith 1370735608 \
      PB ieee/STD_LOGIC_UNSIGNED 1370735609
AR work/timestamp/rtl 1410224880 \
      FL /afs/cern.ch/work/l/leejr/SCT/hsio_trunk/hsio/src/timestamp.vhd \
      EN work/timestamp 1410224879
FL /afs/cern.ch/work/l/leejr/SCT/hsio_trunk/ise/hsio/Version.vhd 2014/09/09.01:12:44 P.68d
PH work/Version 1410224682 \
      FL /afs/cern.ch/work/l/leejr/SCT/hsio_trunk/ise/hsio/Version.vhd \
      PB ieee/std_logic_1164 1370735607
FL /afs/cern.ch/work/l/leejr/SCT/hsio_trunk/pgp/coregen/pgp_adder_16_16.vhd 2014/09/06.02:58:52 P.68d
EN work/pgp_adder_16_16 1410224683 \
      FL /afs/cern.ch/work/l/leejr/SCT/hsio_trunk/pgp/coregen/pgp_adder_16_16.vhd \
      PB ieee/std_logic_1164 1370735607
AR work/pgp_adder_16_16/pgp_adder_16_16_a 1410224684 \
      FL /afs/cern.ch/work/l/leejr/SCT/hsio_trunk/pgp/coregen/pgp_adder_16_16.vhd \
      EN work/pgp_adder_16_16 1410224683
FL /afs/cern.ch/work/l/leejr/SCT/hsio_trunk/pgp/coregen/pgp_afifo_20x511.vhd 2014/09/06.02:58:52 P.68d
EN work/pgp_afifo_20x511 1410224685 \
      FL /afs/cern.ch/work/l/leejr/SCT/hsio_trunk/pgp/coregen/pgp_afifo_20x511.vhd \
      PB ieee/std_logic_1164 1370735607
AR work/pgp_afifo_20x511/pgp_afifo_20x511_a 1410224686 \
      FL /afs/cern.ch/work/l/leejr/SCT/hsio_trunk/pgp/coregen/pgp_afifo_20x511.vhd \
      EN work/pgp_afifo_20x511 1410224685
FL /afs/cern.ch/work/l/leejr/SCT/hsio_trunk/pgp/coregen/pgp_dpram_51x256.vhd 2014/09/06.02:58:52 P.68d
EN work/pgp_dpram_51x256 1410224687 \
      FL /afs/cern.ch/work/l/leejr/SCT/hsio_trunk/pgp/coregen/pgp_dpram_51x256.vhd \
      PB ieee/std_logic_1164 1370735607
AR work/pgp_dpram_51x256/pgp_dpram_51x256_a 1410224688 \
      FL /afs/cern.ch/work/l/leejr/SCT/hsio_trunk/pgp/coregen/pgp_dpram_51x256.vhd \
      EN work/pgp_dpram_51x256 1410224687
FL /afs/cern.ch/work/l/leejr/SCT/hsio_trunk/pgp/coregen/pgp_fifo_20x512.vhd 2014/09/06.02:58:52 P.68d
EN work/pgp_fifo_20x512 1410224689 \
      FL /afs/cern.ch/work/l/leejr/SCT/hsio_trunk/pgp/coregen/pgp_fifo_20x512.vhd \
      PB ieee/std_logic_1164 1370735607
AR work/pgp_fifo_20x512/pgp_fifo_20x512_a 1410224690 \
      FL /afs/cern.ch/work/l/leejr/SCT/hsio_trunk/pgp/coregen/pgp_fifo_20x512.vhd \
      EN work/pgp_fifo_20x512 1410224689
FL /afs/cern.ch/work/l/leejr/SCT/hsio_trunk/pgp/coregen/pgp_fifo_21x512.vhd 2014/09/06.02:58:52 P.68d
EN work/pgp_fifo_21x512 1410224691 \
      FL /afs/cern.ch/work/l/leejr/SCT/hsio_trunk/pgp/coregen/pgp_fifo_21x512.vhd \
      PB ieee/std_logic_1164 1370735607
AR work/pgp_fifo_21x512/pgp_fifo_21x512_a 1410224692 \
      FL /afs/cern.ch/work/l/leejr/SCT/hsio_trunk/pgp/coregen/pgp_fifo_21x512.vhd \
      EN work/pgp_fifo_21x512 1410224691
FL /afs/cern.ch/work/l/leejr/SCT/hsio_trunk/pgp/coregen/pgp_fifo_8x256.vhd 2014/09/06.02:58:52 P.68d
EN work/pgp_fifo_8x256 1410224693 \
      FL /afs/cern.ch/work/l/leejr/SCT/hsio_trunk/pgp/coregen/pgp_fifo_8x256.vhd \
      PB ieee/std_logic_1164 1370735607
AR work/pgp_fifo_8x256/pgp_fifo_8x256_a 1410224694 \
      FL /afs/cern.ch/work/l/leejr/SCT/hsio_trunk/pgp/coregen/pgp_fifo_8x256.vhd \
      EN work/pgp_fifo_8x256 1410224693
FL /afs/cern.ch/work/l/leejr/SCT/hsio_trunk/pgp/coregen/pgp_fifo_9x256.vhd 2014/09/06.02:58:52 P.68d
EN work/pgp_fifo_9x256 1410224695 \
      FL /afs/cern.ch/work/l/leejr/SCT/hsio_trunk/pgp/coregen/pgp_fifo_9x256.vhd \
      PB ieee/std_logic_1164 1370735607
AR work/pgp_fifo_9x256/pgp_fifo_9x256_a 1410224696 \
      FL /afs/cern.ch/work/l/leejr/SCT/hsio_trunk/pgp/coregen/pgp_fifo_9x256.vhd \
      EN work/pgp_fifo_9x256 1410224695
FL /afs/cern.ch/work/l/leejr/SCT/hsio_trunk/pgp/hdl/PgpAckRx.vhd 2014/09/06.02:58:52 P.68d
EN work/PgpAckRx 1410224698 \
      FL /afs/cern.ch/work/l/leejr/SCT/hsio_trunk/pgp/hdl/PgpAckRx.vhd LB work \
      PB ieee/std_logic_1164 1370735607 PB ieee/std_logic_arith 1370735608 \
      PB ieee/STD_LOGIC_UNSIGNED 1370735609
AR work/PgpAckRx/PgpAckRx 1410224699 \
      FL /afs/cern.ch/work/l/leejr/SCT/hsio_trunk/pgp/hdl/PgpAckRx.vhd \
      EN work/PgpAckRx 1410224698 CP pgp_fifo_8x256 CP pgp_dpram_51x256 \
      CP pgp_adder_16_16
FL /afs/cern.ch/work/l/leejr/SCT/hsio_trunk/pgp/hdl/PgpCellRx.vhd 2014/09/06.02:58:52 P.68d
EN work/PgpCellRx 1410224700 \
      FL /afs/cern.ch/work/l/leejr/SCT/hsio_trunk/pgp/hdl/PgpCellRx.vhd LB work \
      PB ieee/std_logic_1164 1370735607 PB ieee/std_logic_arith 1370735608 \
      PB ieee/STD_LOGIC_UNSIGNED 1370735609
AR work/PgpCellRx/PgpCellRx 1410224701 \
      FL /afs/cern.ch/work/l/leejr/SCT/hsio_trunk/pgp/hdl/PgpCellRx.vhd \
      EN work/PgpCellRx 1410224700
FL /afs/cern.ch/work/l/leejr/SCT/hsio_trunk/pgp/hdl/PgpCellTx.vhd 2014/09/06.02:58:52 P.68d
EN work/PgpCellTx 1410224702 \
      FL /afs/cern.ch/work/l/leejr/SCT/hsio_trunk/pgp/hdl/PgpCellTx.vhd LB work \
      PB ieee/std_logic_1164 1370735607 PB ieee/std_logic_arith 1370735608 \
      PB ieee/STD_LOGIC_UNSIGNED 1370735609
AR work/PgpCellTx/PgpCellTx 1410224703 \
      FL /afs/cern.ch/work/l/leejr/SCT/hsio_trunk/pgp/hdl/PgpCellTx.vhd \
      EN work/PgpCellTx 1410224702
FL /afs/cern.ch/work/l/leejr/SCT/hsio_trunk/pgp/hdl/PgpClkGen.vhd 2014/09/06.02:58:52 P.68d
EN work/PgpClkGen 1410224704 \
      FL /afs/cern.ch/work/l/leejr/SCT/hsio_trunk/pgp/hdl/PgpClkGen.vhd LB work \
      PB ieee/std_logic_1164 1370735607 PB ieee/std_logic_arith 1370735608 \
      PB ieee/STD_LOGIC_UNSIGNED 1370735609
AR work/PgpClkGen/PgpClkGen 1410224705 \
      FL /afs/cern.ch/work/l/leejr/SCT/hsio_trunk/pgp/hdl/PgpClkGen.vhd \
      EN work/PgpClkGen 1410224704 CP GT11CLK CP DCM CP BUFGMUX
FL /afs/cern.ch/work/l/leejr/SCT/hsio_trunk/pgp/hdl/PgpCmdSlave.vhd 2014/09/06.02:58:52 P.68d
EN work/PgpCmdSlave 1410224706 \
      FL /afs/cern.ch/work/l/leejr/SCT/hsio_trunk/pgp/hdl/PgpCmdSlave.vhd LB work \
      PB ieee/std_logic_1164 1370735607 PB ieee/std_logic_arith 1370735608 \
      PB ieee/STD_LOGIC_UNSIGNED 1370735609
AR work/PgpCmdSlave/PgpCmdSlave 1410224707 \
      FL /afs/cern.ch/work/l/leejr/SCT/hsio_trunk/pgp/hdl/PgpCmdSlave.vhd \
      EN work/PgpCmdSlave 1410224706 CP pgp_afifo_20x511 CP pgp_fifo_20x512
FL /afs/cern.ch/work/l/leejr/SCT/hsio_trunk/pgp/hdl/PgpDataBuffer.vhd 2014/09/06.02:58:52 P.68d
EN work/PgpDataBuffer 1410224708 \
      FL /afs/cern.ch/work/l/leejr/SCT/hsio_trunk/pgp/hdl/PgpDataBuffer.vhd \
      LB work PB ieee/std_logic_1164 1370735607 PB ieee/std_logic_arith 1370735608 \
      PB ieee/STD_LOGIC_UNSIGNED 1370735609
AR work/PgpDataBuffer/PgpDataBuffer 1410224709 \
      FL /afs/cern.ch/work/l/leejr/SCT/hsio_trunk/pgp/hdl/PgpDataBuffer.vhd \
      EN work/PgpDataBuffer 1410224708 CP pgp_afifo_20x511 CP PgpPicRemBuff
FL /afs/cern.ch/work/l/leejr/SCT/hsio_trunk/pgp/hdl/PgpDsBuff.vhd 2014/09/06.02:58:52 P.68d
EN work/PgpDsBuff 1410224710 \
      FL /afs/cern.ch/work/l/leejr/SCT/hsio_trunk/pgp/hdl/PgpDsBuff.vhd LB work \
      PB ieee/std_logic_1164 1370735607 PB ieee/std_logic_arith 1370735608 \
      PB ieee/STD_LOGIC_UNSIGNED 1370735609
AR work/PgpDsBuff/PgpDsBuff 1410224711 \
      FL /afs/cern.ch/work/l/leejr/SCT/hsio_trunk/pgp/hdl/PgpDsBuff.vhd \
      EN work/PgpDsBuff 1410224710 CP pgp_afifo_20x511
FL /afs/cern.ch/work/l/leejr/SCT/hsio_trunk/pgp/hdl/PgpFrontEnd.vhd 2014/09/06.02:58:52 P.68d
EN work/PgpFrontEnd 1410224712 \
      FL /afs/cern.ch/work/l/leejr/SCT/hsio_trunk/pgp/hdl/PgpFrontEnd.vhd LB work \
      PH work/Version 1410224682 PB ieee/std_logic_1164 1370735607 \
      PB ieee/std_logic_arith 1370735608 PB ieee/STD_LOGIC_UNSIGNED 1370735609
AR work/PgpFrontEnd/PgpFrontEnd 1410224713 \
      FL /afs/cern.ch/work/l/leejr/SCT/hsio_trunk/pgp/hdl/PgpFrontEnd.vhd \
      EN work/PgpFrontEnd 1410224712 CP PgpMgtWrap CP PgpCmdSlave CP PgpDataBuffer \
      CP PgpRegSlave CP PgpDsBuff
FL /afs/cern.ch/work/l/leejr/SCT/hsio_trunk/pgp/hdl/PgpMgtWrap.vhd 2014/09/06.02:58:52 P.68d
EN work/PgpMgtWrap 1410224714 \
      FL /afs/cern.ch/work/l/leejr/SCT/hsio_trunk/pgp/hdl/PgpMgtWrap.vhd LB work \
      PB ieee/std_logic_1164 1370735607 PB ieee/std_logic_arith 1370735608 \
      PB ieee/STD_LOGIC_UNSIGNED 1370735609
AR work/PgpMgtWrap/PgpMgtWrap 1410224715 \
      FL /afs/cern.ch/work/l/leejr/SCT/hsio_trunk/pgp/hdl/PgpMgtWrap.vhd \
      EN work/PgpMgtWrap 1410224714 CP PgpTop CP GT11
FL /afs/cern.ch/work/l/leejr/SCT/hsio_trunk/pgp/hdl/PgpPhy.vhd 2014/09/06.02:58:52 P.68d
EN work/PgpPhy 1410224716 \
      FL /afs/cern.ch/work/l/leejr/SCT/hsio_trunk/pgp/hdl/PgpPhy.vhd LB work \
      PB ieee/std_logic_1164 1370735607 PB ieee/std_logic_arith 1370735608 \
      PB ieee/STD_LOGIC_UNSIGNED 1370735609
AR work/PgpPhy/PgpPhy 1410224717 \
      FL /afs/cern.ch/work/l/leejr/SCT/hsio_trunk/pgp/hdl/PgpPhy.vhd \
      EN work/PgpPhy 1410224716
FL /afs/cern.ch/work/l/leejr/SCT/hsio_trunk/pgp/hdl/PgpPicRemBuff.vhd 2014/09/06.02:58:52 P.68d
EN work/PgpPicRemBuff 1410224718 \
      FL /afs/cern.ch/work/l/leejr/SCT/hsio_trunk/pgp/hdl/PgpPicRemBuff.vhd \
      LB work PB ieee/std_logic_1164 1370735607 PB ieee/std_logic_arith 1370735608 \
      PB ieee/STD_LOGIC_UNSIGNED 1370735609
AR work/PgpPicRemBuff/PgpPicRemBuff 1410224719 \
      FL /afs/cern.ch/work/l/leejr/SCT/hsio_trunk/pgp/hdl/PgpPicRemBuff.vhd \
      EN work/PgpPicRemBuff 1410224718 CP pgp_fifo_21x512
FL /afs/cern.ch/work/l/leejr/SCT/hsio_trunk/pgp/hdl/PgpRegSlave.vhd 2014/09/06.02:58:52 P.68d
EN work/PgpRegSlave 1410224720 \
      FL /afs/cern.ch/work/l/leejr/SCT/hsio_trunk/pgp/hdl/PgpRegSlave.vhd LB work \
      PB ieee/std_logic_1164 1370735607 PB ieee/std_logic_arith 1370735608 \
      PB ieee/STD_LOGIC_UNSIGNED 1370735609
AR work/PgpRegSlave/PgpRegSlave 1410224721 \
      FL /afs/cern.ch/work/l/leejr/SCT/hsio_trunk/pgp/hdl/PgpRegSlave.vhd \
      EN work/PgpRegSlave 1410224720 CP pgp_afifo_20x511 CP pgp_fifo_20x512
FL /afs/cern.ch/work/l/leejr/SCT/hsio_trunk/pgp/hdl/PgpRxTrack.vhd 2014/09/06.02:58:52 P.68d
EN work/PgpRxTrack 1410224722 \
      FL /afs/cern.ch/work/l/leejr/SCT/hsio_trunk/pgp/hdl/PgpRxTrack.vhd LB work \
      PB ieee/std_logic_1164 1370735607 PB ieee/std_logic_arith 1370735608 \
      PB ieee/STD_LOGIC_UNSIGNED 1370735609
AR work/PgpRxTrack/PgpRxTrack 1410224723 \
      FL /afs/cern.ch/work/l/leejr/SCT/hsio_trunk/pgp/hdl/PgpRxTrack.vhd \
      EN work/PgpRxTrack 1410224722 CP pgp_fifo_9x256
FL /afs/cern.ch/work/l/leejr/SCT/hsio_trunk/pgp/hdl/PgpTop.vhd 2014/09/06.02:58:52 P.68d
EN work/PgpTop 1410224724 \
      FL /afs/cern.ch/work/l/leejr/SCT/hsio_trunk/pgp/hdl/PgpTop.vhd LB work \
      PH work/PgpVersion 1410224697 PB ieee/std_logic_1164 1370735607 \
      PB ieee/std_logic_arith 1370735608 PB ieee/STD_LOGIC_UNSIGNED 1370735609
AR work/PgpTop/PgpTop 1410224725 \
      FL /afs/cern.ch/work/l/leejr/SCT/hsio_trunk/pgp/hdl/PgpTop.vhd \
      EN work/PgpTop 1410224724 PH work/PgpVersion 1410224697 CP PgpAckRx \
      CP PgpCellRx CP PgpCellTx CP PgpPhy CP PgpRxTrack CP PgpTxSched
FL /afs/cern.ch/work/l/leejr/SCT/hsio_trunk/pgp/hdl/PgpTxSched.vhd 2014/09/06.02:58:52 P.68d
EN work/PgpTxSched 1410224726 \
      FL /afs/cern.ch/work/l/leejr/SCT/hsio_trunk/pgp/hdl/PgpTxSched.vhd LB work \
      PB ieee/std_logic_1164 1370735607 PB ieee/std_logic_arith 1370735608 \
      PB ieee/STD_LOGIC_UNSIGNED 1370735609
AR work/PgpTxSched/PgpTxSched 1410224727 \
      FL /afs/cern.ch/work/l/leejr/SCT/hsio_trunk/pgp/hdl/PgpTxSched.vhd \
      EN work/PgpTxSched 1410224726
FL /afs/cern.ch/work/l/leejr/SCT/hsio_trunk/pgp/hdl/PgpVersion.vhd 2014/09/06.02:58:52 P.68d
PH work/PgpVersion 1410224697 \
      FL /afs/cern.ch/work/l/leejr/SCT/hsio_trunk/pgp/hdl/PgpVersion.vhd \
      PB ieee/std_logic_1164 1370735607
