AR ticks_gen rtl /afs/cern.ch/work/l/leejr/SCT/hsio_trunk/utils/src/ticks_gen.vhd sub00/vhpl22 1409951650
EN sercom_gen NULL /afs/cern.ch/work/l/leejr/SCT/hsio_trunk/utils/src/sercom_gen.vhd sub00/vhpl09 1409951568
AR counter rtl /afs/cern.ch/work/l/leejr/SCT/hsio_trunk/utils/src/counter.vhd sub00/vhpl04 1409951517
EN ll_enbuff NULL /afs/cern.ch/work/l/leejr/SCT/hsio_trunk/utils/src/ll_enbuff.vhd sub00/vhpl29 1409951657
AR stretch_sr rtl /afs/cern.ch/work/l/leejr/SCT/hsio_trunk/utils/src/stretch_sr.vhd sub00/vhpl06 1409951565
AR edge_detect rtl /afs/cern.ch/work/l/leejr/SCT/hsio_trunk/utils/src/edge_detect.vhd sub00/vhpl36 1409951664
AR count_delay rtl /afs/cern.ch/work/l/leejr/SCT/hsio_trunk/utils/src/count_delay.vhd sub00/vhpl38 1409951666
EN twowire_tri NULL /afs/cern.ch/work/l/leejr/SCT/hsio_trunk/utils/src/twowire_tri.vhd sub00/vhpl39 1409951721
EN led_pulse NULL /afs/cern.ch/work/l/leejr/SCT/hsio_trunk/utils/src/led_pulse.vhd sub00/vhpl31 1409951659
EN stretch1 NULL /afs/cern.ch/work/l/leejr/SCT/hsio_trunk/utils/src/stretch1.vhd sub00/vhpl07 1409951566
EN stretch_sr NULL /afs/cern.ch/work/l/leejr/SCT/hsio_trunk/utils/src/stretch_sr.vhd sub00/vhpl05 1409951564
AR strobe40_gen rtl /afs/cern.ch/work/l/leejr/SCT/hsio_trunk/utils/src/strobe40_gen.vhd sub00/vhpl24 1409951652
EN ll_enbuffn NULL /afs/cern.ch/work/l/leejr/SCT/hsio_trunk/utils/src/ll_enbuffn.vhd sub00/vhpl27 1409951655
EN edge_detect NULL /afs/cern.ch/work/l/leejr/SCT/hsio_trunk/utils/src/edge_detect.vhd sub00/vhpl35 1409951663
EN m_buff NULL /afs/cern.ch/work/l/leejr/SCT/hsio_trunk/utils/src/m_buff.vhd sub00/vhpl15 1409951574
AR prog_delay rtl /afs/cern.ch/work/l/leejr/SCT/hsio_trunk/utils/src/prog_delay.vhd sub00/vhpl12 1409951571
AR sercom_gen rtl /afs/cern.ch/work/l/leejr/SCT/hsio_trunk/utils/src/sercom_gen.vhd sub00/vhpl10 1409951569
AR twowire_tri rtl /afs/cern.ch/work/l/leejr/SCT/hsio_trunk/utils/src/twowire_tri.vhd sub00/vhpl40 1409951722
PH pkg_types NULL /afs/cern.ch/work/l/leejr/SCT/hsio_trunk/utils/src/pkg_types.vhd sub00/vhpl00 1409951489
AR hold_reg rtl /afs/cern.ch/work/l/leejr/SCT/hsio_trunk/utils/src/hold_reg.vhd sub00/vhpl18 1409951577
EN counter NULL /afs/cern.ch/work/l/leejr/SCT/hsio_trunk/utils/src/counter.vhd sub00/vhpl03 1409951516
AR m_inv rtl /afs/cern.ch/work/l/leejr/SCT/hsio_trunk/utils/src/m_inv.vhd sub00/vhpl14 1409951573
AR edgedet_sync rtl /afs/cern.ch/work/l/leejr/SCT/hsio_trunk/utils/src/edgedet_sync.vhd sub00/vhpl20 1409951579
EN m_inv NULL /afs/cern.ch/work/l/leejr/SCT/hsio_trunk/utils/src/m_inv.vhd sub00/vhpl13 1409951572
EN edgedet_sync NULL /afs/cern.ch/work/l/leejr/SCT/hsio_trunk/utils/src/edgedet_sync.vhd sub00/vhpl19 1409951578
AR led_pulse rtl /afs/cern.ch/work/l/leejr/SCT/hsio_trunk/utils/src/led_pulse.vhd sub00/vhpl32 1409951660
AR ff_ddr_rx rtl /afs/cern.ch/work/l/leejr/SCT/hsio_trunk/utils/src/ff_ddr_rx.vhd sub00/vhpl34 1409951662
EN onewire_tri NULL /afs/cern.ch/work/l/leejr/SCT/hsio_trunk/utils/src/onewire_tri.vhd sub00/vhpl41 1409951723
EN strobe40_gen NULL /afs/cern.ch/work/l/leejr/SCT/hsio_trunk/utils/src/strobe40_gen.vhd sub00/vhpl23 1409951651
AR ll_enbuffn rtl /afs/cern.ch/work/l/leejr/SCT/hsio_trunk/utils/src/ll_enbuffn.vhd sub00/vhpl28 1409951656
AR onewire_tri rtl /afs/cern.ch/work/l/leejr/SCT/hsio_trunk/utils/src/onewire_tri.vhd sub00/vhpl42 1409951724
AR ll_enbuff rtl /afs/cern.ch/work/l/leejr/SCT/hsio_trunk/utils/src/ll_enbuff.vhd sub00/vhpl30 1409951658
AR m_power rtl /afs/cern.ch/work/l/leejr/SCT/hsio_trunk/utils/src/m_power.vhd sub00/vhpl02 1409951515
AR pipeline rtl /afs/cern.ch/work/l/leejr/SCT/hsio_trunk/utils/src/pipeline.vhd sub00/vhpl26 1409951654
AR m_buff rtl /afs/cern.ch/work/l/leejr/SCT/hsio_trunk/utils/src/m_buff.vhd sub00/vhpl16 1409951575
EN hold_reg NULL /afs/cern.ch/work/l/leejr/SCT/hsio_trunk/utils/src/hold_reg.vhd sub00/vhpl17 1409951576
EN count_delay NULL /afs/cern.ch/work/l/leejr/SCT/hsio_trunk/utils/src/count_delay.vhd sub00/vhpl37 1409951665
EN prog_delay NULL /afs/cern.ch/work/l/leejr/SCT/hsio_trunk/utils/src/prog_delay.vhd sub00/vhpl11 1409951570
EN m_power NULL /afs/cern.ch/work/l/leejr/SCT/hsio_trunk/utils/src/m_power.vhd sub00/vhpl01 1409951514
EN pipeline NULL /afs/cern.ch/work/l/leejr/SCT/hsio_trunk/utils/src/pipeline.vhd sub00/vhpl25 1409951653
AR stretch1 rtl /afs/cern.ch/work/l/leejr/SCT/hsio_trunk/utils/src/stretch1.vhd sub00/vhpl08 1409951567
EN ticks_gen NULL /afs/cern.ch/work/l/leejr/SCT/hsio_trunk/utils/src/ticks_gen.vhd sub00/vhpl21 1409951649
EN ff_ddr_rx NULL /afs/cern.ch/work/l/leejr/SCT/hsio_trunk/utils/src/ff_ddr_rx.vhd sub00/vhpl33 1409951661
