V3 67
FL /afs/cern.ch/work/l/leejr/SCT/hsio_trunk/utils/src/counter.vhd 2014/09/05.22:58:38 P.68d
EN utils/counter 1409951516 \
      FL /afs/cern.ch/work/l/leejr/SCT/hsio_trunk/utils/src/counter.vhd \
      PB ieee/std_logic_1164 1370735607 PB ieee/std_logic_arith 1370735608 \
      PB ieee/STD_LOGIC_UNSIGNED 1370735609
AR utils/counter/rtl 1409951517 \
      FL /afs/cern.ch/work/l/leejr/SCT/hsio_trunk/utils/src/counter.vhd \
      EN utils/counter 1409951516
FL /afs/cern.ch/work/l/leejr/SCT/hsio_trunk/utils/src/count_delay.vhd 2014/09/05.22:58:38 P.68d
EN utils/count_delay 1409951665 \
      FL /afs/cern.ch/work/l/leejr/SCT/hsio_trunk/utils/src/count_delay.vhd \
      PB ieee/std_logic_1164 1370735607 PB ieee/std_logic_arith 1370735608 \
      PB ieee/STD_LOGIC_UNSIGNED 1370735609
AR utils/count_delay/rtl 1409951666 \
      FL /afs/cern.ch/work/l/leejr/SCT/hsio_trunk/utils/src/count_delay.vhd \
      EN utils/count_delay 1409951665
FL /afs/cern.ch/work/l/leejr/SCT/hsio_trunk/utils/src/edgedet_sync.vhd 2014/09/05.22:58:38 P.68d
EN utils/edgedet_sync 1409951578 \
      FL /afs/cern.ch/work/l/leejr/SCT/hsio_trunk/utils/src/edgedet_sync.vhd \
      PB ieee/std_logic_1164 1370735607 PB ieee/std_logic_arith 1370735608 \
      PB ieee/STD_LOGIC_UNSIGNED 1370735609
AR utils/edgedet_sync/rtl 1409951579 \
      FL /afs/cern.ch/work/l/leejr/SCT/hsio_trunk/utils/src/edgedet_sync.vhd \
      EN utils/edgedet_sync 1409951578
FL /afs/cern.ch/work/l/leejr/SCT/hsio_trunk/utils/src/edge_detect.vhd 2014/09/05.22:58:38 P.68d
EN utils/edge_detect 1409951663 \
      FL /afs/cern.ch/work/l/leejr/SCT/hsio_trunk/utils/src/edge_detect.vhd \
      PB ieee/std_logic_1164 1370735607
AR utils/edge_detect/rtl 1409951664 \
      FL /afs/cern.ch/work/l/leejr/SCT/hsio_trunk/utils/src/edge_detect.vhd \
      EN utils/edge_detect 1409951663
FL /afs/cern.ch/work/l/leejr/SCT/hsio_trunk/utils/src/ff_ddr_rx.vhd 2014/09/05.22:58:38 P.68d
EN utils/ff_ddr_rx 1409951661 \
      FL /afs/cern.ch/work/l/leejr/SCT/hsio_trunk/utils/src/ff_ddr_rx.vhd \
      PB ieee/std_logic_1164 1370735607
AR utils/ff_ddr_rx/rtl 1409951662 \
      FL /afs/cern.ch/work/l/leejr/SCT/hsio_trunk/utils/src/ff_ddr_rx.vhd \
      EN utils/ff_ddr_rx 1409951661
FL /afs/cern.ch/work/l/leejr/SCT/hsio_trunk/utils/src/hold_reg.vhd 2014/09/05.22:58:38 P.68d
EN utils/hold_reg 1409951576 \
      FL /afs/cern.ch/work/l/leejr/SCT/hsio_trunk/utils/src/hold_reg.vhd \
      PB ieee/std_logic_1164 1370735607
AR utils/hold_reg/rtl 1409951577 \
      FL /afs/cern.ch/work/l/leejr/SCT/hsio_trunk/utils/src/hold_reg.vhd \
      EN utils/hold_reg 1409951576
FL /afs/cern.ch/work/l/leejr/SCT/hsio_trunk/utils/src/led_pulse.vhd 2014/09/05.22:58:38 P.68d
EN utils/led_pulse 1409951659 \
      FL /afs/cern.ch/work/l/leejr/SCT/hsio_trunk/utils/src/led_pulse.vhd \
      PB ieee/std_logic_1164 1370735607 PB ieee/std_logic_arith 1370735608 \
      PB ieee/STD_LOGIC_UNSIGNED 1370735609
AR utils/led_pulse/rtl 1409951660 \
      FL /afs/cern.ch/work/l/leejr/SCT/hsio_trunk/utils/src/led_pulse.vhd \
      EN utils/led_pulse 1409951659
FL /afs/cern.ch/work/l/leejr/SCT/hsio_trunk/utils/src/ll_enbuff.vhd 2014/09/05.22:58:38 P.68d
EN utils/ll_enbuff 1409951657 \
      FL /afs/cern.ch/work/l/leejr/SCT/hsio_trunk/utils/src/ll_enbuff.vhd \
      PB ieee/std_logic_1164 1370735607
AR utils/ll_enbuff/rtl 1409951658 \
      FL /afs/cern.ch/work/l/leejr/SCT/hsio_trunk/utils/src/ll_enbuff.vhd \
      EN utils/ll_enbuff 1409951657
FL /afs/cern.ch/work/l/leejr/SCT/hsio_trunk/utils/src/ll_enbuffn.vhd 2014/09/05.22:58:38 P.68d
EN utils/ll_enbuffn 1409951655 \
      FL /afs/cern.ch/work/l/leejr/SCT/hsio_trunk/utils/src/ll_enbuffn.vhd \
      PB ieee/std_logic_1164 1370735607
AR utils/ll_enbuffn/rtl 1409951656 \
      FL /afs/cern.ch/work/l/leejr/SCT/hsio_trunk/utils/src/ll_enbuffn.vhd \
      EN utils/ll_enbuffn 1409951655
FL /afs/cern.ch/work/l/leejr/SCT/hsio_trunk/utils/src/m_buff.vhd 2014/09/05.22:58:38 P.68d
EN utils/m_buff 1409951574 \
      FL /afs/cern.ch/work/l/leejr/SCT/hsio_trunk/utils/src/m_buff.vhd \
      PB ieee/std_logic_1164 1370735607
AR utils/m_buff/rtl 1409951575 \
      FL /afs/cern.ch/work/l/leejr/SCT/hsio_trunk/utils/src/m_buff.vhd \
      EN utils/m_buff 1409951574
FL /afs/cern.ch/work/l/leejr/SCT/hsio_trunk/utils/src/m_inv.vhd 2014/09/05.22:58:38 P.68d
EN utils/m_inv 1409951572 \
      FL /afs/cern.ch/work/l/leejr/SCT/hsio_trunk/utils/src/m_inv.vhd \
      PB ieee/std_logic_1164 1370735607
AR utils/m_inv/rtl 1409951573 \
      FL /afs/cern.ch/work/l/leejr/SCT/hsio_trunk/utils/src/m_inv.vhd \
      EN utils/m_inv 1409951572
FL /afs/cern.ch/work/l/leejr/SCT/hsio_trunk/utils/src/m_power.vhd 2014/09/05.22:58:38 P.68d
EN utils/m_power 1409951514 \
      FL /afs/cern.ch/work/l/leejr/SCT/hsio_trunk/utils/src/m_power.vhd \
      PB ieee/std_logic_1164 1370735607
AR utils/m_power/rtl 1409951515 \
      FL /afs/cern.ch/work/l/leejr/SCT/hsio_trunk/utils/src/m_power.vhd \
      EN utils/m_power 1409951514
FL /afs/cern.ch/work/l/leejr/SCT/hsio_trunk/utils/src/onewire_tri.vhd 2014/09/05.22:58:38 P.68d
EN utils/onewire_tri 1409951723 \
      FL /afs/cern.ch/work/l/leejr/SCT/hsio_trunk/utils/src/onewire_tri.vhd \
      PB ieee/std_logic_1164 1370735607
AR utils/onewire_tri/rtl 1409951724 \
      FL /afs/cern.ch/work/l/leejr/SCT/hsio_trunk/utils/src/onewire_tri.vhd \
      EN utils/onewire_tri 1409951723
FL /afs/cern.ch/work/l/leejr/SCT/hsio_trunk/utils/src/pipeline.vhd 2014/09/05.22:58:38 P.68d
EN utils/pipeline 1409951653 \
      FL /afs/cern.ch/work/l/leejr/SCT/hsio_trunk/utils/src/pipeline.vhd \
      PB ieee/std_logic_1164 1370735607 PB ieee/std_logic_arith 1370735608 \
      PB ieee/STD_LOGIC_UNSIGNED 1370735609
AR utils/pipeline/rtl 1409951654 \
      FL /afs/cern.ch/work/l/leejr/SCT/hsio_trunk/utils/src/pipeline.vhd \
      EN utils/pipeline 1409951653
FL /afs/cern.ch/work/l/leejr/SCT/hsio_trunk/utils/src/pkg_types.vhd 2014/09/05.22:58:38 P.68d
PH utils/pkg_types 1409951489 \
      FL /afs/cern.ch/work/l/leejr/SCT/hsio_trunk/utils/src/pkg_types.vhd \
      PB ieee/std_logic_1164 1370735607
FL /afs/cern.ch/work/l/leejr/SCT/hsio_trunk/utils/src/prog_delay.vhd 2014/09/05.22:58:38 P.68d
EN utils/prog_delay 1409951570 \
      FL /afs/cern.ch/work/l/leejr/SCT/hsio_trunk/utils/src/prog_delay.vhd \
      PB ieee/std_logic_1164 1370735607 PB ieee/std_logic_arith 1370735608 \
      PB ieee/STD_LOGIC_UNSIGNED 1370735609
AR utils/prog_delay/rtl 1409951571 \
      FL /afs/cern.ch/work/l/leejr/SCT/hsio_trunk/utils/src/prog_delay.vhd \
      EN utils/prog_delay 1409951570
FL /afs/cern.ch/work/l/leejr/SCT/hsio_trunk/utils/src/sercom_gen.vhd 2014/09/05.22:58:38 P.68d
EN utils/sercom_gen 1409951568 \
      FL /afs/cern.ch/work/l/leejr/SCT/hsio_trunk/utils/src/sercom_gen.vhd \
      PB ieee/std_logic_1164 1370735607 PB ieee/std_logic_arith 1370735608 \
      PB ieee/STD_LOGIC_UNSIGNED 1370735609
AR utils/sercom_gen/rtl 1409951569 \
      FL /afs/cern.ch/work/l/leejr/SCT/hsio_trunk/utils/src/sercom_gen.vhd \
      EN utils/sercom_gen 1409951568
FL /afs/cern.ch/work/l/leejr/SCT/hsio_trunk/utils/src/stretch1.vhd 2014/09/05.22:58:38 P.68d
EN utils/stretch1 1409951566 \
      FL /afs/cern.ch/work/l/leejr/SCT/hsio_trunk/utils/src/stretch1.vhd \
      PB ieee/std_logic_1164 1370735607
AR utils/stretch1/rtl 1409951567 \
      FL /afs/cern.ch/work/l/leejr/SCT/hsio_trunk/utils/src/stretch1.vhd \
      EN utils/stretch1 1409951566
FL /afs/cern.ch/work/l/leejr/SCT/hsio_trunk/utils/src/stretch_sr.vhd 2014/09/05.22:58:38 P.68d
EN utils/stretch_sr 1409951564 \
      FL /afs/cern.ch/work/l/leejr/SCT/hsio_trunk/utils/src/stretch_sr.vhd \
      PB ieee/std_logic_1164 1370735607
AR utils/stretch_sr/rtl 1409951565 \
      FL /afs/cern.ch/work/l/leejr/SCT/hsio_trunk/utils/src/stretch_sr.vhd \
      EN utils/stretch_sr 1409951564
FL /afs/cern.ch/work/l/leejr/SCT/hsio_trunk/utils/src/strobe40_gen.vhd 2014/09/05.22:58:38 P.68d
EN utils/strobe40_gen 1409951651 \
      FL /afs/cern.ch/work/l/leejr/SCT/hsio_trunk/utils/src/strobe40_gen.vhd \
      PB ieee/std_logic_1164 1370735607 PB ieee/std_logic_arith 1370735608 \
      PB ieee/STD_LOGIC_UNSIGNED 1370735609
AR utils/strobe40_gen/rtl 1409951652 \
      FL /afs/cern.ch/work/l/leejr/SCT/hsio_trunk/utils/src/strobe40_gen.vhd \
      EN utils/strobe40_gen 1409951651
FL /afs/cern.ch/work/l/leejr/SCT/hsio_trunk/utils/src/ticks_gen.vhd 2014/09/05.22:58:38 P.68d
EN utils/ticks_gen 1409951649 \
      FL /afs/cern.ch/work/l/leejr/SCT/hsio_trunk/utils/src/ticks_gen.vhd \
      PB ieee/std_logic_1164 1370735607 PB ieee/std_logic_arith 1370735608 \
      PB ieee/STD_LOGIC_UNSIGNED 1370735609 LB utils PH utils/pkg_types 1409951489
AR utils/ticks_gen/rtl 1409951650 \
      FL /afs/cern.ch/work/l/leejr/SCT/hsio_trunk/utils/src/ticks_gen.vhd \
      EN utils/ticks_gen 1409951649
FL /afs/cern.ch/work/l/leejr/SCT/hsio_trunk/utils/src/twowire_tri.vhd 2014/09/05.22:58:38 P.68d
EN utils/twowire_tri 1409951721 \
      FL /afs/cern.ch/work/l/leejr/SCT/hsio_trunk/utils/src/twowire_tri.vhd \
      PB ieee/std_logic_1164 1370735607 LB UNISIM PH unisim/VCOMPONENTS 1370735613
AR utils/twowire_tri/rtl 1409951722 \
      FL /afs/cern.ch/work/l/leejr/SCT/hsio_trunk/utils/src/twowire_tri.vhd \
      EN utils/twowire_tri 1409951721
