AR idelay_prog rtl /afs/cern.ch/work/l/leejr/SCT/hsio_trunk/hsio/src/idelay_prog_rtl.vhd sub00/vhpl39 1409951626
EN hsio_proc_wrapper NULL /afs/cern.ch/work/l/leejr/SCT/hsio_trunk/hsio/src/hsio_proc_wrapper.vhd sub00/vhpl84 1409951729
AR trig_tlu_if rtl /afs/cern.ch/work/l/leejr/SCT/hsio_trunk/hsio/src/trig_tlu_if.vhd sub00/vhpl18 1409951605
AR disp_binmap rtl /afs/cern.ch/work/l/leejr/SCT/hsio_trunk/hsio/src/disp_binmap.vhd sub00/vhpl67 1409951696
AR dio_ibeos_drv struct /afs/cern.ch/work/l/leejr/SCT/hsio_trunk/hsio/src/dio_ibeos_drv_struct.vhd sub00/vhpl89 1409951734
EN ro_datagen NULL /afs/cern.ch/work/l/leejr/SCT/hsio_trunk/hsio/src/ro_datagen.vhd sub00/vhpl14 1409951552
AR idelay_block struct /afs/cern.ch/work/l/leejr/SCT/hsio_trunk/hsio/src/idelay_block_struct.vhd sub00/vhpl61 1409951690
AR clocks_top struct /afs/cern.ch/work/l/leejr/SCT/hsio_trunk/hsio/src/clocks_top_struct.vhd sub00/vhpl91 1409951736
AR control_top struct /afs/cern.ch/work/l/leejr/SCT/hsio_trunk/hsio/src/control_top_struct.vhd sub00/vhpl71 1409951700
AR slac_tdc_calib rtl /afs/cern.ch/work/l/leejr/SCT/hsio_trunk/hsio/src/slac_tdc_calib.vhd sub00/vhpl26 1409951613
AR slac_tdc rtl /afs/cern.ch/work/l/leejr/SCT/hsio_trunk/hsio/src/slac_tdc.vhd sub00/vhpl28 1409951615
EN idelay_prog NULL /afs/cern.ch/work/l/leejr/SCT/hsio_trunk/hsio/src/idelay_prog_rtl.vhd sub00/vhpl38 1409951625
AR trig_dataenc rtl /afs/cern.ch/work/l/leejr/SCT/hsio_trunk/hsio/src/trig_dataenc.vhd sub00/vhpl20 1409951607
EN cg_dcm_80_160 NULL /afs/cern.ch/work/l/leejr/SCT/hsio_trunk/hsio/coregen/cg_dcm_80_160.vhd sub00/vhpl74 1409951703
AR ro_datagen rtl /afs/cern.ch/work/l/leejr/SCT/hsio_trunk/hsio/src/ro_datagen.vhd sub00/vhpl15 1409951553
EN cg_dcm_125div3 NULL /afs/cern.ch/work/l/leejr/SCT/hsio_trunk/hsio/coregen/cg_dcm_125div3.vhd sub00/vhpl78 1409951707
AR hsio_top struct /afs/cern.ch/work/l/leejr/SCT/hsio_trunk/hsio/src/hsio_top_struct.vhd sub00/vhpl95 1409951742
AR cg_dcm_125div3 behavioral /afs/cern.ch/work/l/leejr/SCT/hsio_trunk/hsio/coregen/cg_dcm_125div3.vhd sub00/vhpl79 1409951708
EN disp_binmap NULL /afs/cern.ch/work/l/leejr/SCT/hsio_trunk/hsio/src/disp_binmap.vhd sub00/vhpl66 1409951695
AR dcm_conf rtl /afs/cern.ch/work/l/leejr/SCT/hsio_trunk/hsio/src/dcm_conf.vhd sub00/vhpl69 1409951698
EN rx_packet_decoder NULL /afs/cern.ch/work/l/leejr/SCT/hsio_trunk/hsio/src/rx_packet_decoder.vhd sub00/vhpl29 1409951616
EN trigger_top NULL /afs/cern.ch/work/l/leejr/SCT/hsio_trunk/hsio/src/trigger_top_struct.vhd sub00/vhpl48 1409951677
EN hsio_top NULL /afs/cern.ch/work/l/leejr/SCT/hsio_trunk/hsio/src/hsio_top_struct.vhd sub00/vhpl94 1409951741
AR xilinx_reset struct /afs/cern.ch/work/l/leejr/SCT/hsio_trunk/hsio/src/xilinx_reset_struct.vhd sub00/vhpl47 1409951676
AR disp_top rtl /afs/cern.ch/work/l/leejr/SCT/hsio_trunk/hsio/src/disp_top.vhd sub00/vhpl65 1409951694
AR outsigs_enc_map rtl /afs/cern.ch/work/l/leejr/SCT/hsio_trunk/hsio/src/outsigs_enc_map.vhd sub00/vhpl35 1409951622
EN com_decoder NULL /afs/cern.ch/work/l/leejr/SCT/hsio_trunk/hsio/src/com_decoder.vhd sub00/vhpl44 1409951631
EN ro_deser NULL /afs/cern.ch/work/l/leejr/SCT/hsio_trunk/hsio/src/ro_deser.vhd sub00/vhpl12 1409951550
AR com_decoder rtl /afs/cern.ch/work/l/leejr/SCT/hsio_trunk/hsio/src/com_decoder.vhd sub00/vhpl45 1409951632
AR disp_control rtl /afs/cern.ch/work/l/leejr/SCT/hsio_trunk/hsio/src/disp_control.vhd sub00/vhpl41 1409951628
AR ro_unit_fifo rtl /afs/cern.ch/work/l/leejr/SCT/hsio_trunk/hsio/src/ro_unit_fifo.vhd sub00/vhpl09 1409951547
AR main_top struct /afs/cern.ch/work/l/leejr/SCT/hsio_trunk/hsio/src/main_top_struct.vhd sub00/vhpl83 1409951728
EN trig_tlu_if NULL /afs/cern.ch/work/l/leejr/SCT/hsio_trunk/hsio/src/trig_tlu_if.vhd sub00/vhpl17 1409951604
EN control_top NULL /afs/cern.ch/work/l/leejr/SCT/hsio_trunk/hsio/src/control_top_struct.vhd sub00/vhpl70 1409951699
EN timestamp NULL /afs/cern.ch/work/l/leejr/SCT/hsio_trunk/hsio/src/timestamp.vhd sub00/vhpl50 1409951679
EN ro_unit_stat NULL /afs/cern.ch/work/l/leejr/SCT/hsio_trunk/hsio/src/ro_unit_stat.vhd sub00/vhpl06 1409951544
EN ro_shiftreg NULL /afs/cern.ch/work/l/leejr/SCT/hsio_trunk/hsio/src/ro_shiftreg.vhd sub00/vhpl10 1409951548
EN cg_dcm_4080 NULL /afs/cern.ch/work/l/leejr/SCT/hsio_trunk/hsio/coregen/cg_dcm_4080.vhd sub00/vhpl76 1409951705
EN l1_autogen NULL /afs/cern.ch/work/l/leejr/SCT/hsio_trunk/hsio/src/l1_autogen.vhd sub00/vhpl36 1409951623
AR ro_unit_stat rtl /afs/cern.ch/work/l/leejr/SCT/hsio_trunk/hsio/src/ro_unit_stat.vhd sub00/vhpl07 1409951545
AR ro_unit struct /afs/cern.ch/work/l/leejr/SCT/hsio_trunk/hsio/src/ro_unit_struct.vhd sub00/vhpl32 1409951619
EN sct_sim_lfsr NULL /afs/cern.ch/work/l/leejr/SCT/hsio_trunk/hsio/src/lfsr.vhd sub00/vhpl02 1409951498
AR net_tx_pktfmt16 rtl /afs/cern.ch/work/l/leejr/SCT/hsio_trunk/hsio/src/net_tx_pktfmt16.vhd sub00/vhpl57 1409951686
AR rx_packet_decoder rtl /afs/cern.ch/work/l/leejr/SCT/hsio_trunk/hsio/src/rx_packet_decoder.vhd sub00/vhpl30 1409951617
EN trig_burst NULL /afs/cern.ch/work/l/leejr/SCT/hsio_trunk/hsio/src/trig_burst.vhd sub00/vhpl21 1409951608
EN xilinx_reset NULL /afs/cern.ch/work/l/leejr/SCT/hsio_trunk/hsio/src/xilinx_reset_struct.vhd sub00/vhpl46 1409951675
AR cg_dcm_80_160 behavioral /afs/cern.ch/work/l/leejr/SCT/hsio_trunk/hsio/coregen/cg_dcm_80_160.vhd sub00/vhpl75 1409951704
AR slac_tdc_encode rtl /afs/cern.ch/work/l/leejr/SCT/hsio_trunk/hsio/src/slac_tdc_encode.vhd sub00/vhpl24 1409951611
AR hsio_proc_wrapper behavioral /afs/cern.ch/work/l/leejr/SCT/hsio_trunk/hsio/src/hsio_proc_wrapper.vhd sub00/vhpl85 1409951730
AR ro_spy_unit struct /afs/cern.ch/work/l/leejr/SCT/hsio_trunk/hsio/src/ro_spy_unit_struct.vhd sub00/vhpl53 1409951682
EN cg_dcm_80_160_ps NULL /afs/cern.ch/work/l/leejr/SCT/hsio_trunk/hsio/coregen/cg_dcm_80_160_ps.vhd sub00/vhpl72 1409951701
AR sct_sim_lfsr rtl /afs/cern.ch/work/l/leejr/SCT/hsio_trunk/hsio/src/lfsr.vhd sub00/vhpl03 1409951499
EN slac_tdc NULL /afs/cern.ch/work/l/leejr/SCT/hsio_trunk/hsio/src/slac_tdc.vhd sub00/vhpl27 1409951614
EN slac_tdc_calib NULL /afs/cern.ch/work/l/leejr/SCT/hsio_trunk/hsio/src/slac_tdc_calib.vhd sub00/vhpl25 1409951612
EN ro_unit NULL /afs/cern.ch/work/l/leejr/SCT/hsio_trunk/hsio/src/ro_unit_struct.vhd sub00/vhpl31 1409951618
EN disp_control NULL /afs/cern.ch/work/l/leejr/SCT/hsio_trunk/hsio/src/disp_control.vhd sub00/vhpl40 1409951627
EN readout_top NULL /afs/cern.ch/work/l/leejr/SCT/hsio_trunk/hsio/src/readout_top_struct.vhd sub00/vhpl54 1409951683
EN dcm_conf NULL /afs/cern.ch/work/l/leejr/SCT/hsio_trunk/hsio/src/dcm_conf.vhd sub00/vhpl68 1409951697
AR dio_ibeos_idc struct /afs/cern.ch/work/l/leejr/SCT/hsio_trunk/hsio/src/dio_ibeos_idc_struct.vhd sub00/vhpl87 1409951732
PB pkg_core_globals pkg_core_globals /afs/cern.ch/work/l/leejr/SCT/hsio_trunk/hsio/src/pkg_core_globals.vhd sub00/vhpl01 1409951497
PH pkg_hsio_globals NULL /afs/cern.ch/work/l/leejr/SCT/hsio_trunk/hsio/src/pkg_hsio_globals.vhd sub00/vhpl33 1409951620
EN net_usb_top NULL /afs/cern.ch/work/l/leejr/SCT/hsio_trunk/hsio/src/net_usb_top_struct.vhd sub00/vhpl80 1409951725
PH pkg_core_globals NULL /afs/cern.ch/work/l/leejr/SCT/hsio_trunk/hsio/src/pkg_core_globals.vhd sub00/vhpl00 1409951496
EN trig_dataenc NULL /afs/cern.ch/work/l/leejr/SCT/hsio_trunk/hsio/src/trig_dataenc.vhd sub00/vhpl19 1409951606
AR trigger_top struct /afs/cern.ch/work/l/leejr/SCT/hsio_trunk/hsio/src/trigger_top_struct.vhd sub00/vhpl49 1409951678
EN net_rx_pktfmt16 NULL /afs/cern.ch/work/l/leejr/SCT/hsio_trunk/hsio/src/net_rx_pktfmt16.vhd sub00/vhpl58 1409951687
EN ro_unit_fifo NULL /afs/cern.ch/work/l/leejr/SCT/hsio_trunk/hsio/src/ro_unit_fifo.vhd sub00/vhpl08 1409951546
EN disp_top NULL /afs/cern.ch/work/l/leejr/SCT/hsio_trunk/hsio/src/disp_top.vhd sub00/vhpl64 1409951693
AR ro_shiftreg rtl /afs/cern.ch/work/l/leejr/SCT/hsio_trunk/hsio/src/ro_shiftreg.vhd sub00/vhpl11 1409951549
EN dio_ibeos_drv NULL /afs/cern.ch/work/l/leejr/SCT/hsio_trunk/hsio/src/dio_ibeos_drv_struct.vhd sub00/vhpl88 1409951733
EN slac_tdc_encode NULL /afs/cern.ch/work/l/leejr/SCT/hsio_trunk/hsio/src/slac_tdc_encode.vhd sub00/vhpl23 1409951610
AR four_phase rtl /afs/cern.ch/work/l/leejr/SCT/hsio_trunk/hsio/src/four_phase.vhd sub00/vhpl63 1409951692
PH disp_characters NULL /afs/cern.ch/work/l/leejr/SCT/hsio_trunk/hsio/src/disp_characters.vhd sub00/vhpl16 1409951554
AR net_usb_top struct /afs/cern.ch/work/l/leejr/SCT/hsio_trunk/hsio/src/net_usb_top_struct.vhd sub00/vhpl81 1409951726
EN main_top NULL /afs/cern.ch/work/l/leejr/SCT/hsio_trunk/hsio/src/main_top_struct.vhd sub00/vhpl82 1409951727
EN data_gen_top NULL /afs/cern.ch/work/l/leejr/SCT/hsio_trunk/hsio/src/data_gen_top_struct.vhd sub00/vhpl42 1409951629
EN ro_spy_unit NULL /afs/cern.ch/work/l/leejr/SCT/hsio_trunk/hsio/src/ro_spy_unit_struct.vhd sub00/vhpl52 1409951681
EN outsigs_enc_map NULL /afs/cern.ch/work/l/leejr/SCT/hsio_trunk/hsio/src/outsigs_enc_map.vhd sub00/vhpl34 1409951621
AR cg_dcm_80_160_ps behavioral /afs/cern.ch/work/l/leejr/SCT/hsio_trunk/hsio/coregen/cg_dcm_80_160_ps.vhd sub00/vhpl73 1409951702
EN clocks_main NULL /afs/cern.ch/work/l/leejr/SCT/hsio_trunk/hsio/src/clocks_main_struct.vhd sub00/vhpl92 1409951737
AR ro_deser rtl /afs/cern.ch/work/l/leejr/SCT/hsio_trunk/hsio/src/ro_deser.vhd sub00/vhpl13 1409951551
AR readout_top struct /afs/cern.ch/work/l/leejr/SCT/hsio_trunk/hsio/src/readout_top_struct.vhd sub00/vhpl55 1409951684
EN net_tx_pktfmt16 NULL /afs/cern.ch/work/l/leejr/SCT/hsio_trunk/hsio/src/net_tx_pktfmt16.vhd sub00/vhpl56 1409951685
EN four_phase NULL /afs/cern.ch/work/l/leejr/SCT/hsio_trunk/hsio/src/four_phase.vhd sub00/vhpl62 1409951691
EN sct_sim_module NULL /afs/cern.ch/work/l/leejr/SCT/hsio_trunk/hsio/src/sct_sim_module.vhd sub00/vhpl04 1409951542
EN dio_ibeos_idc NULL /afs/cern.ch/work/l/leejr/SCT/hsio_trunk/hsio/src/dio_ibeos_idc_struct.vhd sub00/vhpl86 1409951731
AR l1_autogen rtl /afs/cern.ch/work/l/leejr/SCT/hsio_trunk/hsio/src/l1_autogen.vhd sub00/vhpl37 1409951624
AR clocks_main struct /afs/cern.ch/work/l/leejr/SCT/hsio_trunk/hsio/src/clocks_main_struct.vhd sub00/vhpl93 1409951738
AR net_rx_pktfmt16 rtl /afs/cern.ch/work/l/leejr/SCT/hsio_trunk/hsio/src/net_rx_pktfmt16.vhd sub00/vhpl59 1409951688
AR cg_dcm_4080 behavioral /afs/cern.ch/work/l/leejr/SCT/hsio_trunk/hsio/coregen/cg_dcm_4080.vhd sub00/vhpl77 1409951706
AR sct_sim_module rtl /afs/cern.ch/work/l/leejr/SCT/hsio_trunk/hsio/src/sct_sim_module.vhd sub00/vhpl05 1409951543
AR data_gen_top struct /afs/cern.ch/work/l/leejr/SCT/hsio_trunk/hsio/src/data_gen_top_struct.vhd sub00/vhpl43 1409951630
EN idelay_block NULL /afs/cern.ch/work/l/leejr/SCT/hsio_trunk/hsio/src/idelay_block_struct.vhd sub00/vhpl60 1409951689
EN clocks_top NULL /afs/cern.ch/work/l/leejr/SCT/hsio_trunk/hsio/src/clocks_top_struct.vhd sub00/vhpl90 1409951735
AR timestamp rtl /afs/cern.ch/work/l/leejr/SCT/hsio_trunk/hsio/src/timestamp.vhd sub00/vhpl51 1409951680
AR trig_burst rtl /afs/cern.ch/work/l/leejr/SCT/hsio_trunk/hsio/src/trig_burst.vhd sub00/vhpl22 1409951609
