AR gmii_if phy_if /afs/cern.ch/work/l/leejr/SCT/hsio_trunk/ethernet_v4/src/gmii_if.vhd sub00/vhpl21 1409951556
AR eth_gmii16_locallink top_level /afs/cern.ch/work/l/leejr/SCT/hsio_trunk/ethernet_v4/src/eth_gmii16_locallink.vhd sub00/vhpl44 1409951712
EN rx_client_fifo_16 NULL /afs/cern.ch/work/l/leejr/SCT/hsio_trunk/ethernet_v4/src/rx_client_fifo_16.vhd sub00/vhpl08 1409951502
AR cal_block_v1_4_1 rtl /afs/cern.ch/work/l/leejr/SCT/hsio_trunk/ethernet_v4/src/cal_block_v1_4_1.vhd sub00/vhpl05 1409951495
EN statword_build NULL /afs/cern.ch/work/l/leejr/SCT/hsio_trunk/ethernet_v4/src/statword_build.vhd sub00/vhpl29 1409951633
AR gt11_init_tx rtl /afs/cern.ch/work/l/leejr/SCT/hsio_trunk/ethernet_v4/src/gt11_init_tx.vhd sub00/vhpl11 1409951505
AR pausequantatimer rtl /afs/cern.ch/work/l/leejr/SCT/hsio_trunk/ethernet_v4/src/pause_quanta_timer.vhd sub00/vhpl42 1409951710
EN gmii_if NULL /afs/cern.ch/work/l/leejr/SCT/hsio_trunk/ethernet_v4/src/gmii_if.vhd sub00/vhpl20 1409951555
AR gt11_dual_1000x structural /afs/cern.ch/work/l/leejr/SCT/hsio_trunk/ethernet_v4/src/gt11_dual_1000X.vhd sub00/vhpl15 1409951509
AR eth2x16_top struct /afs/cern.ch/work/l/leejr/SCT/hsio_trunk/ethernet_v4/src/eth2x16_top_struct.vhd sub00/vhpl46 1409951714
EN dcm_reset NULL /afs/cern.ch/work/l/leejr/SCT/hsio_trunk/ethernet_v4/src/dcm_reset.vhd sub00/vhpl18 1409951512
AR sync_block structural /afs/cern.ch/work/l/leejr/SCT/hsio_trunk/ethernet_v4/src/sync_block.vhd sub00/vhpl01 1409951491
EN gt11_init_rx NULL /afs/cern.ch/work/l/leejr/SCT/hsio_trunk/ethernet_v4/src/gt11_init_rx.vhd sub00/vhpl12 1409951506
EN gt11_dual_1000x NULL /afs/cern.ch/work/l/leejr/SCT/hsio_trunk/ethernet_v4/src/gt11_dual_1000X.vhd sub00/vhpl14 1409951508
EN gt11togt_rxclkcorcnt_shim NULL /afs/cern.ch/work/l/leejr/SCT/hsio_trunk/ethernet_v4/src/gt11_to_gt_rxclkcorcnt_shim.vhd sub00/vhpl02 1409951492
EN host_interface NULL /afs/cern.ch/work/l/leejr/SCT/hsio_trunk/ethernet_v4/src/host_interface.vhd sub00/vhpl31 1409951635
AR tx_client_fifo_16 rtl /afs/cern.ch/work/l/leejr/SCT/hsio_trunk/ethernet_v4/src/tx_client_fifo_16.vhd sub00/vhpl07 1409951501
EN eth2x16 NULL /afs/cern.ch/work/l/leejr/SCT/hsio_trunk/ethernet_v4/src/eth2x16.vhd sub00/vhpl16 1409951510
EN gt11_init_tx NULL /afs/cern.ch/work/l/leejr/SCT/hsio_trunk/ethernet_v4/src/gt11_init_tx.vhd sub00/vhpl10 1409951504
AR eth2x16_locallink_muxed top_level /afs/cern.ch/work/l/leejr/SCT/hsio_trunk/ethernet_v4/src/eth2x16_locallink_muxed.vhd sub00/vhpl40 1409951644
AR eth_fifo_8_16 rtl /afs/cern.ch/work/l/leejr/SCT/hsio_trunk/ethernet_v4/src/eth_fifo_8_16.vhd sub00/vhpl38 1409951642
EN eth_fifo_8_16 NULL /afs/cern.ch/work/l/leejr/SCT/hsio_trunk/ethernet_v4/src/eth_fifo_8_16.vhd sub00/vhpl37 1409951641
EN eth2x16_block NULL /afs/cern.ch/work/l/leejr/SCT/hsio_trunk/ethernet_v4/src/eth2x16_block.vhd sub00/vhpl27 1409951562
AR eth_gmii wrapper /afs/cern.ch/work/l/leejr/SCT/hsio_trunk/ethernet_v4/src/eth_gmii.vhd sub00/vhpl24 1409951559
EN eth2x16_top NULL /afs/cern.ch/work/l/leejr/SCT/hsio_trunk/ethernet_v4/src/eth2x16_top_struct.vhd sub00/vhpl45 1409951713
EN eth_gmii_block NULL /afs/cern.ch/work/l/leejr/SCT/hsio_trunk/ethernet_v4/src/eth_gmii_block.vhd sub00/vhpl35 1409951639
EN cal_block_v1_4_1 NULL /afs/cern.ch/work/l/leejr/SCT/hsio_trunk/ethernet_v4/src/cal_block_v1_4_1.vhd sub00/vhpl04 1409951494
EN tx_client_fifo_16 NULL /afs/cern.ch/work/l/leejr/SCT/hsio_trunk/ethernet_v4/src/tx_client_fifo_16.vhd sub00/vhpl06 1409951500
EN eth_gmii16_locallink NULL /afs/cern.ch/work/l/leejr/SCT/hsio_trunk/ethernet_v4/src/eth_gmii16_locallink.vhd sub00/vhpl43 1409951711
EN pausequantatimer NULL /afs/cern.ch/work/l/leejr/SCT/hsio_trunk/ethernet_v4/src/pause_quanta_timer.vhd sub00/vhpl41 1409951709
AR gt11_init_rx rtl /afs/cern.ch/work/l/leejr/SCT/hsio_trunk/ethernet_v4/src/gt11_init_rx.vhd sub00/vhpl13 1409951507
AR gt11togt_rxclkcorcnt_shim rtl /afs/cern.ch/work/l/leejr/SCT/hsio_trunk/ethernet_v4/src/gt11_to_gt_rxclkcorcnt_shim.vhd sub00/vhpl03 1409951493
AR dcm_reset rtl /afs/cern.ch/work/l/leejr/SCT/hsio_trunk/ethernet_v4/src/dcm_reset.vhd sub00/vhpl19 1409951513
AR eth2x16_block top_level /afs/cern.ch/work/l/leejr/SCT/hsio_trunk/ethernet_v4/src/eth2x16_block.vhd sub00/vhpl28 1409951563
AR eth2x16 wrapper /afs/cern.ch/work/l/leejr/SCT/hsio_trunk/ethernet_v4/src/eth2x16.vhd sub00/vhpl17 1409951511
EN eth2x16_locallink_muxed NULL /afs/cern.ch/work/l/leejr/SCT/hsio_trunk/ethernet_v4/src/eth2x16_locallink_muxed.vhd sub00/vhpl39 1409951643
AR eth_fifo_16 rtl /afs/cern.ch/work/l/leejr/SCT/hsio_trunk/ethernet_v4/src/eth_fifo_16.vhd sub00/vhpl26 1409951561
EN sync_block NULL /afs/cern.ch/work/l/leejr/SCT/hsio_trunk/ethernet_v4/src/sync_block.vhd sub00/vhpl00 1409951490
EN eth_fifo_16 NULL /afs/cern.ch/work/l/leejr/SCT/hsio_trunk/ethernet_v4/src/eth_fifo_16.vhd sub00/vhpl25 1409951560
AR statword_build rtl /afs/cern.ch/work/l/leejr/SCT/hsio_trunk/ethernet_v4/src/statword_build.vhd sub00/vhpl30 1409951634
AR host_interface rtl /afs/cern.ch/work/l/leejr/SCT/hsio_trunk/ethernet_v4/src/host_interface.vhd sub00/vhpl32 1409951636
PH eth_types NULL /afs/cern.ch/work/l/leejr/SCT/hsio_trunk/ethernet_v4/src/eth_types.vhd sub00/vhpl22 1409951557
EN eth_gmii NULL /afs/cern.ch/work/l/leejr/SCT/hsio_trunk/ethernet_v4/src/eth_gmii.vhd sub00/vhpl23 1409951558
AR eth_stat_decoder rtl /afs/cern.ch/work/l/leejr/SCT/hsio_trunk/ethernet_v4/src/eth_stat_decoder.vhd sub00/vhpl34 1409951638
AR rx_client_fifo_16 rtl /afs/cern.ch/work/l/leejr/SCT/hsio_trunk/ethernet_v4/src/rx_client_fifo_16.vhd sub00/vhpl09 1409951503
EN eth_stat_decoder NULL /afs/cern.ch/work/l/leejr/SCT/hsio_trunk/ethernet_v4/src/eth_stat_decoder.vhd sub00/vhpl33 1409951637
AR eth_gmii_block top_level /afs/cern.ch/work/l/leejr/SCT/hsio_trunk/ethernet_v4/src/eth_gmii_block.vhd sub00/vhpl36 1409951640
