V3 114
FL /afs/cern.ch/work/l/leejr/SCT/hsio_trunk/ethernet_v4/src/cal_block_v1_4_1.vhd 2014/09/05.22:56:41 P.68d
EN ethernet_v4/cal_block_v1_4_1 1409951494 \
      FL /afs/cern.ch/work/l/leejr/SCT/hsio_trunk/ethernet_v4/src/cal_block_v1_4_1.vhd \
      PB ieee/std_logic_1164 1370735607 PB ieee/NUMERIC_STD 1370735611 \
      LB ethernet_v4
AR ethernet_v4/cal_block_v1_4_1/rtl 1409951495 \
      FL /afs/cern.ch/work/l/leejr/SCT/hsio_trunk/ethernet_v4/src/cal_block_v1_4_1.vhd \
      EN ethernet_v4/cal_block_v1_4_1 1409951494
FL /afs/cern.ch/work/l/leejr/SCT/hsio_trunk/ethernet_v4/src/dcm_reset.vhd 2014/09/05.22:56:43 P.68d
EN ethernet_v4/dcm_reset 1409951512 \
      FL /afs/cern.ch/work/l/leejr/SCT/hsio_trunk/ethernet_v4/src/dcm_reset.vhd \
      LB unisim PH unisim/VCOMPONENTS 1370735613 PB ieee/std_logic_1164 1370735607 \
      PB ieee/NUMERIC_STD 1370735611
AR ethernet_v4/dcm_reset/rtl 1409951513 \
      FL /afs/cern.ch/work/l/leejr/SCT/hsio_trunk/ethernet_v4/src/dcm_reset.vhd \
      EN ethernet_v4/dcm_reset 1409951512 CP sync_block
FL /afs/cern.ch/work/l/leejr/SCT/hsio_trunk/ethernet_v4/src/eth2x16.vhd 2014/09/05.22:56:43 P.68d
EN ethernet_v4/eth2x16 1409951510 \
      FL /afs/cern.ch/work/l/leejr/SCT/hsio_trunk/ethernet_v4/src/eth2x16.vhd \
      LB unisim PH unisim/VCOMPONENTS 1370735613 PB ieee/std_logic_1164 1370735607
AR ethernet_v4/eth2x16/WRAPPER 1409951511 \
      FL /afs/cern.ch/work/l/leejr/SCT/hsio_trunk/ethernet_v4/src/eth2x16.vhd \
      EN ethernet_v4/eth2x16 1409951510 CP EMAC
FL /afs/cern.ch/work/l/leejr/SCT/hsio_trunk/ethernet_v4/src/eth2x16_block.vhd 2014/09/05.22:56:41 P.68d
EN ethernet_v4/eth2x16_block 1409951562 \
      FL /afs/cern.ch/work/l/leejr/SCT/hsio_trunk/ethernet_v4/src/eth2x16_block.vhd \
      LB unisim PH unisim/VCOMPONENTS 1370735613 PB ieee/std_logic_1164 1370735607
AR ethernet_v4/eth2x16_block/TOP_LEVEL 1409951563 \
      FL /afs/cern.ch/work/l/leejr/SCT/hsio_trunk/ethernet_v4/src/eth2x16_block.vhd \
      EN ethernet_v4/eth2x16_block 1409951562 CP GT11_DUAL_1000X CP gt11_init_rx \
      CP gt11_init_tx CP BUFG CP DCM_BASE CP dcm_reset CP eth2x16
FL /afs/cern.ch/work/l/leejr/SCT/hsio_trunk/ethernet_v4/src/eth2x16_locallink_muxed.vhd 2014/09/05.22:56:43 P.68d
EN ethernet_v4/eth2x16_locallink_muxed 1409951643 \
      FL /afs/cern.ch/work/l/leejr/SCT/hsio_trunk/ethernet_v4/src/eth2x16_locallink_muxed.vhd \
      LB unisim PH unisim/VCOMPONENTS 1370735613 PB ieee/std_logic_1164 1370735607 \
      PH ethernet_v4/eth_types 1409951557
AR ethernet_v4/eth2x16_locallink_muxed/TOP_LEVEL 1409951644 \
      FL /afs/cern.ch/work/l/leejr/SCT/hsio_trunk/ethernet_v4/src/eth2x16_locallink_muxed.vhd \
      EN ethernet_v4/eth2x16_locallink_muxed 1409951643 CP eth2x16_block \
      CP eth_fifo_16
FL /afs/cern.ch/work/l/leejr/SCT/hsio_trunk/ethernet_v4/src/eth2x16_top_struct.vhd 2014/09/05.22:56:41 P.68d
EN ethernet_v4/eth2x16_top 1409951713 \
      FL /afs/cern.ch/work/l/leejr/SCT/hsio_trunk/ethernet_v4/src/eth2x16_top_struct.vhd \
      PB ieee/std_logic_1164 1370735607 PB ieee/STD_LOGIC_UNSIGNED 1370735609 \
      PB ieee/std_logic_arith 1370735608 LB unisim PH unisim/VCOMPONENTS 1370735613 \
      LB utils PH ethernet_v4/eth_types 1409951557 PH utils/pkg_types 1409951489
AR ethernet_v4/eth2x16_top/struct 1409951714 \
      FL /afs/cern.ch/work/l/leejr/SCT/hsio_trunk/ethernet_v4/src/eth2x16_top_struct.vhd \
      EN ethernet_v4/eth2x16_top 1409951713 PB ieee/std_logic_1164 1370735607 \
      PB ieee/std_logic_arith 1370735608 PB ieee/STD_LOGIC_UNSIGNED 1370735609 \
      LB utils CP eth2x16_locallink_muxed CP host_interface CP m_buff CP m_inv \
      CP m_power CP eth_stat_decoder CP statword_build PH utils/pkg_types 1409951489
FL /afs/cern.ch/work/l/leejr/SCT/hsio_trunk/ethernet_v4/src/eth_fifo_16.vhd 2014/09/05.22:56:43 P.68d
EN ethernet_v4/eth_fifo_16 1409951560 \
      FL /afs/cern.ch/work/l/leejr/SCT/hsio_trunk/ethernet_v4/src/eth_fifo_16.vhd \
      LB unisim PH unisim/VCOMPONENTS 1370735613 PB ieee/std_logic_1164 1370735607 \
      PB ieee/STD_LOGIC_UNSIGNED 1370735609 PB ieee/NUMERIC_STD 1370735611
AR ethernet_v4/eth_fifo_16/RTL 1409951561 \
      FL /afs/cern.ch/work/l/leejr/SCT/hsio_trunk/ethernet_v4/src/eth_fifo_16.vhd \
      EN ethernet_v4/eth_fifo_16 1409951560 CP tx_client_fifo_16 \
      CP rx_client_fifo_16
FL /afs/cern.ch/work/l/leejr/SCT/hsio_trunk/ethernet_v4/src/eth_fifo_8_16.vhd 2014/09/05.22:56:41 P.68d
EN ethernet_v4/eth_fifo_8_16 1409951641 \
      FL /afs/cern.ch/work/l/leejr/SCT/hsio_trunk/ethernet_v4/src/eth_fifo_8_16.vhd \
      LB unisim PH unisim/VCOMPONENTS 1370735613 PB ieee/std_logic_1164 1370735607 \
      PB ieee/STD_LOGIC_UNSIGNED 1370735609 PB ieee/NUMERIC_STD 1370735611
AR ethernet_v4/eth_fifo_8_16/RTL 1409951642 \
      FL /afs/cern.ch/work/l/leejr/SCT/hsio_trunk/ethernet_v4/src/eth_fifo_8_16.vhd \
      EN ethernet_v4/eth_fifo_8_16 1409951641 CP rx_client_fifo_16 \
      CP tx_client_fifo_16
FL /afs/cern.ch/work/l/leejr/SCT/hsio_trunk/ethernet_v4/src/eth_gmii.vhd 2014/09/05.22:56:41 P.68d
EN ethernet_v4/eth_gmii 1409951558 \
      FL /afs/cern.ch/work/l/leejr/SCT/hsio_trunk/ethernet_v4/src/eth_gmii.vhd \
      LB unisim PH unisim/VCOMPONENTS 1370735613 PB ieee/std_logic_1164 1370735607
AR ethernet_v4/eth_gmii/WRAPPER 1409951559 \
      FL /afs/cern.ch/work/l/leejr/SCT/hsio_trunk/ethernet_v4/src/eth_gmii.vhd \
      EN ethernet_v4/eth_gmii 1409951558 CP EMAC
FL /afs/cern.ch/work/l/leejr/SCT/hsio_trunk/ethernet_v4/src/eth_gmii16_locallink.vhd 2014/09/05.22:56:41 P.68d
EN ethernet_v4/eth_gmii16_locallink 1409951711 \
      FL /afs/cern.ch/work/l/leejr/SCT/hsio_trunk/ethernet_v4/src/eth_gmii16_locallink.vhd \
      LB unisim PH unisim/VCOMPONENTS 1370735613 PB ieee/std_logic_1164 1370735607
AR ethernet_v4/eth_gmii16_locallink/TOP_LEVEL 1409951712 \
      FL /afs/cern.ch/work/l/leejr/SCT/hsio_trunk/ethernet_v4/src/eth_gmii16_locallink.vhd \
      EN ethernet_v4/eth_gmii16_locallink 1409951711 CP eth_gmii_block \
      CP eth_fifo_8_16
FL /afs/cern.ch/work/l/leejr/SCT/hsio_trunk/ethernet_v4/src/eth_gmii_block.vhd 2014/09/05.22:56:41 P.68d
EN ethernet_v4/eth_gmii_block 1409951639 \
      FL /afs/cern.ch/work/l/leejr/SCT/hsio_trunk/ethernet_v4/src/eth_gmii_block.vhd \
      LB unisim PH unisim/VCOMPONENTS 1370735613 PB ieee/std_logic_1164 1370735607
AR ethernet_v4/eth_gmii_block/TOP_LEVEL 1409951640 \
      FL /afs/cern.ch/work/l/leejr/SCT/hsio_trunk/ethernet_v4/src/eth_gmii_block.vhd \
      EN ethernet_v4/eth_gmii_block 1409951639 CP gmii_if CP IBUF CP IDELAYCTRL \
      CP SRL16 CP BUFGMUX CP IBUFG CP IDELAY CP BUFG CP eth_gmii
FL /afs/cern.ch/work/l/leejr/SCT/hsio_trunk/ethernet_v4/src/eth_stat_decoder.vhd 2014/09/05.22:56:43 P.68d
EN ethernet_v4/eth_stat_decoder 1409951637 \
      FL /afs/cern.ch/work/l/leejr/SCT/hsio_trunk/ethernet_v4/src/eth_stat_decoder.vhd \
      PB ieee/std_logic_1164 1370735607 PB ieee/std_logic_arith 1370735608 \
      PB ieee/STD_LOGIC_UNSIGNED 1370735609
AR ethernet_v4/eth_stat_decoder/rtl 1409951638 \
      FL /afs/cern.ch/work/l/leejr/SCT/hsio_trunk/ethernet_v4/src/eth_stat_decoder.vhd \
      EN ethernet_v4/eth_stat_decoder 1409951637
FL /afs/cern.ch/work/l/leejr/SCT/hsio_trunk/ethernet_v4/src/eth_types.vhd 2014/09/05.22:56:43 P.68d
PH ethernet_v4/eth_types 1409951557 \
      FL /afs/cern.ch/work/l/leejr/SCT/hsio_trunk/ethernet_v4/src/eth_types.vhd \
      PB ieee/std_logic_1164 1370735607 PB std/TEXTIO 1370735606
FL /afs/cern.ch/work/l/leejr/SCT/hsio_trunk/ethernet_v4/src/gmii_if.vhd 2014/09/05.22:56:43 P.68d
EN ethernet_v4/gmii_if 1409951555 \
      FL /afs/cern.ch/work/l/leejr/SCT/hsio_trunk/ethernet_v4/src/gmii_if.vhd \
      LB unisim PH unisim/VCOMPONENTS 1370735613 PB ieee/std_logic_1164 1370735607
AR ethernet_v4/gmii_if/PHY_IF 1409951556 \
      FL /afs/cern.ch/work/l/leejr/SCT/hsio_trunk/ethernet_v4/src/gmii_if.vhd \
      EN ethernet_v4/gmii_if 1409951555 CP ODDR CP OBUF CP IBUF CP IDELAY
FL /afs/cern.ch/work/l/leejr/SCT/hsio_trunk/ethernet_v4/src/gt11_dual_1000X.vhd 2014/09/05.22:56:41 P.68d
EN ethernet_v4/GT11_dual_1000X 1409951508 \
      FL /afs/cern.ch/work/l/leejr/SCT/hsio_trunk/ethernet_v4/src/gt11_dual_1000X.vhd \
      PB ieee/std_logic_1164 1370735607 PB ieee/NUMERIC_STD 1370735611 LB unisim \
      PH unisim/VCOMPONENTS 1370735613
AR ethernet_v4/GT11_dual_1000X/structural 1409951509 \
      FL /afs/cern.ch/work/l/leejr/SCT/hsio_trunk/ethernet_v4/src/gt11_dual_1000X.vhd \
      EN ethernet_v4/GT11_dual_1000X 1409951508 CP gt11togt_rxclkcorcnt_shim \
      CP GT11 CP cal_block_v1_4_1
FL /afs/cern.ch/work/l/leejr/SCT/hsio_trunk/ethernet_v4/src/gt11_init_rx.vhd 2014/09/05.22:56:43 P.68d
EN ethernet_v4/gt11_init_rx 1409951506 \
      FL /afs/cern.ch/work/l/leejr/SCT/hsio_trunk/ethernet_v4/src/gt11_init_rx.vhd \
      PB ieee/std_logic_1164 1370735607 PB ieee/NUMERIC_STD 1370735611 LB unisim \
      PH unisim/VCOMPONENTS 1370735613
AR ethernet_v4/gt11_init_rx/rtl 1409951507 \
      FL /afs/cern.ch/work/l/leejr/SCT/hsio_trunk/ethernet_v4/src/gt11_init_rx.vhd \
      EN ethernet_v4/gt11_init_rx 1409951506 CP SRL16E CP FDE CP FDRE
FL /afs/cern.ch/work/l/leejr/SCT/hsio_trunk/ethernet_v4/src/gt11_init_tx.vhd 2014/09/05.22:56:43 P.68d
EN ethernet_v4/GT11_INIT_TX 1409951504 \
      FL /afs/cern.ch/work/l/leejr/SCT/hsio_trunk/ethernet_v4/src/gt11_init_tx.vhd \
      PB ieee/std_logic_1164 1370735607 PB ieee/NUMERIC_STD 1370735611 LB unisim \
      PH unisim/VCOMPONENTS 1370735613
AR ethernet_v4/GT11_INIT_TX/rtl 1409951505 \
      FL /afs/cern.ch/work/l/leejr/SCT/hsio_trunk/ethernet_v4/src/gt11_init_tx.vhd \
      EN ethernet_v4/GT11_INIT_TX 1409951504
FL /afs/cern.ch/work/l/leejr/SCT/hsio_trunk/ethernet_v4/src/gt11_to_gt_rxclkcorcnt_shim.vhd 2014/09/05.22:56:41 P.68d
EN ethernet_v4/gt11togt_rxclkcorcnt_shim 1409951492 \
      FL /afs/cern.ch/work/l/leejr/SCT/hsio_trunk/ethernet_v4/src/gt11_to_gt_rxclkcorcnt_shim.vhd \
      PB ieee/std_logic_1164 1370735607 PB ieee/NUMERIC_STD 1370735611
AR ethernet_v4/gt11togt_rxclkcorcnt_shim/rtl 1409951493 \
      FL /afs/cern.ch/work/l/leejr/SCT/hsio_trunk/ethernet_v4/src/gt11_to_gt_rxclkcorcnt_shim.vhd \
      EN ethernet_v4/gt11togt_rxclkcorcnt_shim 1409951492
FL /afs/cern.ch/work/l/leejr/SCT/hsio_trunk/ethernet_v4/src/host_interface.vhd 2014/09/05.22:56:43 P.68d
EN ethernet_v4/host_interface 1409951635 \
      FL /afs/cern.ch/work/l/leejr/SCT/hsio_trunk/ethernet_v4/src/host_interface.vhd \
      PB ieee/std_logic_1164 1370735607 PB ieee/std_logic_arith 1370735608 \
      PB ieee/STD_LOGIC_UNSIGNED 1370735609
AR ethernet_v4/host_interface/rtl 1409951636 \
      FL /afs/cern.ch/work/l/leejr/SCT/hsio_trunk/ethernet_v4/src/host_interface.vhd \
      EN ethernet_v4/host_interface 1409951635
FL /afs/cern.ch/work/l/leejr/SCT/hsio_trunk/ethernet_v4/src/pause_quanta_timer.vhd 2014/09/05.22:56:41 P.68d
EN ethernet_v4/PauseQuantaTimer 1409951709 \
      FL /afs/cern.ch/work/l/leejr/SCT/hsio_trunk/ethernet_v4/src/pause_quanta_timer.vhd \
      PB ieee/std_logic_1164 1370735607 PB ieee/std_logic_arith 1370735608 \
      PB ieee/STD_LOGIC_UNSIGNED 1370735609
AR ethernet_v4/PauseQuantaTimer/rtl 1409951710 \
      FL /afs/cern.ch/work/l/leejr/SCT/hsio_trunk/ethernet_v4/src/pause_quanta_timer.vhd \
      EN ethernet_v4/PauseQuantaTimer 1409951709
FL /afs/cern.ch/work/l/leejr/SCT/hsio_trunk/ethernet_v4/src/rx_client_fifo_16.vhd 2014/09/05.22:56:41 P.68d
EN ethernet_v4/rx_client_fifo_16 1409951502 \
      FL /afs/cern.ch/work/l/leejr/SCT/hsio_trunk/ethernet_v4/src/rx_client_fifo_16.vhd \
      LB unisim PH unisim/VCOMPONENTS 1370735613 PB ieee/std_logic_1164 1370735607 \
      PB ieee/STD_LOGIC_UNSIGNED 1370735609 PB ieee/NUMERIC_STD 1370735611
AR ethernet_v4/rx_client_fifo_16/RTL 1409951503 \
      FL /afs/cern.ch/work/l/leejr/SCT/hsio_trunk/ethernet_v4/src/rx_client_fifo_16.vhd \
      EN ethernet_v4/rx_client_fifo_16 1409951502 CP RAMB16_S18_S18
FL /afs/cern.ch/work/l/leejr/SCT/hsio_trunk/ethernet_v4/src/statword_build.vhd 2014/09/05.22:56:43 P.68d
EN ethernet_v4/statword_build 1409951633 \
      FL /afs/cern.ch/work/l/leejr/SCT/hsio_trunk/ethernet_v4/src/statword_build.vhd \
      PB ieee/std_logic_1164 1370735607 PB ieee/std_logic_arith 1370735608 \
      PB ieee/STD_LOGIC_UNSIGNED 1370735609
AR ethernet_v4/statword_build/rtl 1409951634 \
      FL /afs/cern.ch/work/l/leejr/SCT/hsio_trunk/ethernet_v4/src/statword_build.vhd \
      EN ethernet_v4/statword_build 1409951633
FL /afs/cern.ch/work/l/leejr/SCT/hsio_trunk/ethernet_v4/src/sync_block.vhd 2014/09/05.22:56:43 P.68d
EN ethernet_v4/sync_block 1409951490 \
      FL /afs/cern.ch/work/l/leejr/SCT/hsio_trunk/ethernet_v4/src/sync_block.vhd \
      PB ieee/std_logic_1164 1370735607 LB unisim PH unisim/VCOMPONENTS 1370735613
AR ethernet_v4/sync_block/structural 1409951491 \
      FL /afs/cern.ch/work/l/leejr/SCT/hsio_trunk/ethernet_v4/src/sync_block.vhd \
      EN ethernet_v4/sync_block 1409951490 CP FD
FL /afs/cern.ch/work/l/leejr/SCT/hsio_trunk/ethernet_v4/src/tx_client_fifo_16.vhd 2014/09/05.22:56:41 P.68d
EN ethernet_v4/tx_client_fifo_16 1409951500 \
      FL /afs/cern.ch/work/l/leejr/SCT/hsio_trunk/ethernet_v4/src/tx_client_fifo_16.vhd \
      LB unisim PH unisim/VCOMPONENTS 1370735613 PB ieee/std_logic_1164 1370735607 \
      PB ieee/STD_LOGIC_UNSIGNED 1370735609 PB ieee/NUMERIC_STD 1370735611
AR ethernet_v4/tx_client_fifo_16/RTL 1409951501 \
      FL /afs/cern.ch/work/l/leejr/SCT/hsio_trunk/ethernet_v4/src/tx_client_fifo_16.vhd \
      EN ethernet_v4/tx_client_fifo_16 1409951500 CP RAMB16_S18_S18
