AR ro13_datagen rtl /home/daqdev/work/adl_atlasupstrip/hsio_trunk/readout130/src/ro13_datagen.vhd sub00/vhpl11 1413520299
AR ro13_link struct /home/daqdev/work/adl_atlasupstrip/hsio_trunk/readout130/src/ro13_link_struct.vhd sub00/vhpl13 1413520351
EN ro13_datagen80 NULL /home/daqdev/work/adl_atlasupstrip/hsio_trunk/readout130/src/ro13_datagen80.vhd sub00/vhpl08 1413520296
AR ro13_datagen80 rtl /home/daqdev/work/adl_atlasupstrip/hsio_trunk/readout130/src/ro13_datagen80.vhd sub00/vhpl09 1413520297
EN ro13_link NULL /home/daqdev/work/adl_atlasupstrip/hsio_trunk/readout130/src/ro13_link_struct.vhd sub00/vhpl12 1413520350
EN ro13_datagen NULL /home/daqdev/work/adl_atlasupstrip/hsio_trunk/readout130/src/ro13_datagen.vhd sub00/vhpl10 1413520298
EN ro13_deser NULL /home/daqdev/work/adl_atlasupstrip/hsio_trunk/readout130/src/ro13_deser.vhd sub00/vhpl06 1413520294
AR src_mux rtl /home/daqdev/work/adl_atlasupstrip/hsio_trunk/readout130/src/src_mux.vhd sub00/vhpl01 1413520289
EN ro13_mod_stat NULL /home/daqdev/work/adl_atlasupstrip/hsio_trunk/readout130/src/ro13_mod_stat.vhd sub00/vhpl02 1413520290
AR ro13_mod_fifo rtl /home/daqdev/work/adl_atlasupstrip/hsio_trunk/readout130/src/ro13_mod_fifo.vhd sub00/vhpl05 1413520293
AR ro13_deser rtl /home/daqdev/work/adl_atlasupstrip/hsio_trunk/readout130/src/ro13_deser.vhd sub00/vhpl07 1413520295
AR ro13_mod_stat rtl /home/daqdev/work/adl_atlasupstrip/hsio_trunk/readout130/src/ro13_mod_stat.vhd sub00/vhpl03 1413520291
EN ro13_mod_fifo NULL /home/daqdev/work/adl_atlasupstrip/hsio_trunk/readout130/src/ro13_mod_fifo.vhd sub00/vhpl04 1413520292
EN src_mux NULL /home/daqdev/work/adl_atlasupstrip/hsio_trunk/readout130/src/src_mux.vhd sub00/vhpl00 1413520288
