AR ro13_datagen rtl /afs/cern.ch/work/l/leejr/SCT/hsio_trunk/readout130/src/ro13_datagen.vhd sub00/vhpl11 1410224468
AR ro13_link struct /afs/cern.ch/work/l/leejr/SCT/hsio_trunk/readout130/src/ro13_link_struct.vhd sub00/vhpl13 1410224520
EN ro13_datagen80 NULL /afs/cern.ch/work/l/leejr/SCT/hsio_trunk/readout130/src/ro13_datagen80.vhd sub00/vhpl08 1410224465
AR ro13_datagen80 rtl /afs/cern.ch/work/l/leejr/SCT/hsio_trunk/readout130/src/ro13_datagen80.vhd sub00/vhpl09 1410224466
EN ro13_link NULL /afs/cern.ch/work/l/leejr/SCT/hsio_trunk/readout130/src/ro13_link_struct.vhd sub00/vhpl12 1410224519
EN ro13_datagen NULL /afs/cern.ch/work/l/leejr/SCT/hsio_trunk/readout130/src/ro13_datagen.vhd sub00/vhpl10 1410224467
EN ro13_deser NULL /afs/cern.ch/work/l/leejr/SCT/hsio_trunk/readout130/src/ro13_deser.vhd sub00/vhpl06 1410224463
AR src_mux rtl /afs/cern.ch/work/l/leejr/SCT/hsio_trunk/readout130/src/src_mux.vhd sub00/vhpl01 1410224458
EN ro13_mod_stat NULL /afs/cern.ch/work/l/leejr/SCT/hsio_trunk/readout130/src/ro13_mod_stat.vhd sub00/vhpl02 1410224459
AR ro13_mod_fifo rtl /afs/cern.ch/work/l/leejr/SCT/hsio_trunk/readout130/src/ro13_mod_fifo.vhd sub00/vhpl05 1410224462
AR ro13_deser rtl /afs/cern.ch/work/l/leejr/SCT/hsio_trunk/readout130/src/ro13_deser.vhd sub00/vhpl07 1410224464
AR ro13_mod_stat rtl /afs/cern.ch/work/l/leejr/SCT/hsio_trunk/readout130/src/ro13_mod_stat.vhd sub00/vhpl03 1410224460
EN ro13_mod_fifo NULL /afs/cern.ch/work/l/leejr/SCT/hsio_trunk/readout130/src/ro13_mod_fifo.vhd sub00/vhpl04 1410224461
EN src_mux NULL /afs/cern.ch/work/l/leejr/SCT/hsio_trunk/readout130/src/src_mux.vhd sub00/vhpl00 1410224457
