V3 33
FL /home/daqdev/work/adl_atlasupstrip/hsio_trunk/readout130/src/ro13_datagen.vhd 2014/10/02.14:02:54 P.49d
EN readout130/ro13_datagen 1413520298 \
      FL /home/daqdev/work/adl_atlasupstrip/hsio_trunk/readout130/src/ro13_datagen.vhd \
      PB ieee/std_logic_1164 1354696159 PB ieee/std_logic_arith 1354696160 \
      PB ieee/STD_LOGIC_UNSIGNED 1354696162 LB utils PH utils/pkg_types 1413520259
AR readout130/ro13_datagen/rtl 1413520299 \
      FL /home/daqdev/work/adl_atlasupstrip/hsio_trunk/readout130/src/ro13_datagen.vhd \
      EN readout130/ro13_datagen 1413520298
FL /home/daqdev/work/adl_atlasupstrip/hsio_trunk/readout130/src/ro13_datagen80.vhd 2014/10/02.14:02:54 P.49d
EN readout130/ro13_datagen80 1413520296 \
      FL /home/daqdev/work/adl_atlasupstrip/hsio_trunk/readout130/src/ro13_datagen80.vhd \
      PB ieee/std_logic_1164 1354696159 PB ieee/std_logic_arith 1354696160 \
      PB ieee/STD_LOGIC_UNSIGNED 1354696162 LB utils PH utils/pkg_types 1413520259
AR readout130/ro13_datagen80/rtl 1413520297 \
      FL /home/daqdev/work/adl_atlasupstrip/hsio_trunk/readout130/src/ro13_datagen80.vhd \
      EN readout130/ro13_datagen80 1413520296
FL /home/daqdev/work/adl_atlasupstrip/hsio_trunk/readout130/src/ro13_deser.vhd 2014/10/02.14:02:54 P.49d
EN readout130/ro13_deser 1413520294 \
      FL /home/daqdev/work/adl_atlasupstrip/hsio_trunk/readout130/src/ro13_deser.vhd \
      PB ieee/std_logic_1164 1354696159 PB ieee/std_logic_arith 1354696160 \
      PB ieee/STD_LOGIC_UNSIGNED 1354696162 LB utils PH utils/pkg_types 1413520259 \
      LB hsio PB hsio/pkg_core_globals 1413520267
AR readout130/ro13_deser/rtl 1413520295 \
      FL /home/daqdev/work/adl_atlasupstrip/hsio_trunk/readout130/src/ro13_deser.vhd \
      EN readout130/ro13_deser 1413520294
FL /home/daqdev/work/adl_atlasupstrip/hsio_trunk/readout130/src/ro13_link_struct.vhd 2014/10/02.14:02:54 P.49d
EN readout130/ro13_link 1413520350 \
      FL /home/daqdev/work/adl_atlasupstrip/hsio_trunk/readout130/src/ro13_link_struct.vhd \
      PB ieee/std_logic_1164 1354696159 PB ieee/std_logic_arith 1354696160 \
      PB ieee/STD_LOGIC_UNSIGNED 1354696162 LB utils PH utils/pkg_types 1413520259 \
      LB hsio PB hsio/pkg_core_globals 1413520267
AR readout130/ro13_link/struct 1413520351 \
      FL /home/daqdev/work/adl_atlasupstrip/hsio_trunk/readout130/src/ro13_link_struct.vhd \
      EN readout130/ro13_link 1413520350 PB ieee/std_logic_1164 1354696159 \
      PB ieee/std_logic_arith 1354696160 PB ieee/STD_LOGIC_UNSIGNED 1354696162 \
      LB UNISIM PH unisim/VCOMPONENTS 1354696165 LB utils PH utils/pkg_types 1413520259 \
      LB hsio PB hsio/pkg_core_globals 1413520267 CP ll_automux CP lls_zero \
      CP ro13_mod_stat CP m_power CP ro13_deser CP src_mux CP counter \
      CP ro13_mod_fifo
FL /home/daqdev/work/adl_atlasupstrip/hsio_trunk/readout130/src/ro13_mod_fifo.vhd 2014/10/02.14:02:54 P.49d
EN readout130/ro13_mod_fifo 1413520292 \
      FL /home/daqdev/work/adl_atlasupstrip/hsio_trunk/readout130/src/ro13_mod_fifo.vhd \
      PB ieee/std_logic_1164 1354696159 PB ieee/std_logic_arith 1354696160 \
      PB ieee/STD_LOGIC_UNSIGNED 1354696162 LB utils PH utils/pkg_types 1413520259 \
      LB hsio PB hsio/pkg_core_globals 1413520267
AR readout130/ro13_mod_fifo/rtl 1413520293 \
      FL /home/daqdev/work/adl_atlasupstrip/hsio_trunk/readout130/src/ro13_mod_fifo.vhd \
      EN readout130/ro13_mod_fifo 1413520292 CP cg_brfifo_2kx18
FL /home/daqdev/work/adl_atlasupstrip/hsio_trunk/readout130/src/ro13_mod_stat.vhd 2014/10/02.14:02:54 P.49d
EN readout130/ro13_mod_stat 1413520290 \
      FL /home/daqdev/work/adl_atlasupstrip/hsio_trunk/readout130/src/ro13_mod_stat.vhd \
      PB ieee/std_logic_1164 1354696159 PB ieee/std_logic_arith 1354696160 \
      PB ieee/STD_LOGIC_UNSIGNED 1354696162 LB utils PH utils/pkg_types 1413520259 \
      LB hsio PB hsio/pkg_core_globals 1413520267
AR readout130/ro13_mod_stat/rtl 1413520291 \
      FL /home/daqdev/work/adl_atlasupstrip/hsio_trunk/readout130/src/ro13_mod_stat.vhd \
      EN readout130/ro13_mod_stat 1413520290
FL /home/daqdev/work/adl_atlasupstrip/hsio_trunk/readout130/src/src_mux.vhd 2014/10/02.14:02:54 P.49d
EN readout130/src_mux 1413520288 \
      FL /home/daqdev/work/adl_atlasupstrip/hsio_trunk/readout130/src/src_mux.vhd \
      PB ieee/std_logic_1164 1354696159 PB ieee/std_logic_arith 1354696160 \
      PB ieee/STD_LOGIC_UNSIGNED 1354696162 LB utils PH utils/pkg_types 1413520259
AR readout130/src_mux/rtl 1413520289 \
      FL /home/daqdev/work/adl_atlasupstrip/hsio_trunk/readout130/src/src_mux.vhd \
      EN readout130/src_mux 1413520288
