AR gmii_if phy_if /home/daqdev/work/adl_atlasupstrip/hsio_trunk/ethernet_v4/src/gmii_if.vhd sub00/vhpl21 1412225864
AR eth_gmii16_locallink top_level /home/daqdev/work/adl_atlasupstrip/hsio_trunk/ethernet_v4/src/eth_gmii16_locallink.vhd sub00/vhpl44 1412226020
EN rx_client_fifo_16 NULL /home/daqdev/work/adl_atlasupstrip/hsio_trunk/ethernet_v4/src/rx_client_fifo_16.vhd sub00/vhpl08 1412225810
AR cal_block_v1_4_1 rtl /home/daqdev/work/adl_atlasupstrip/hsio_trunk/ethernet_v4/src/cal_block_v1_4_1.vhd sub00/vhpl05 1412225803
EN statword_build NULL /home/daqdev/work/adl_atlasupstrip/hsio_trunk/ethernet_v4/src/statword_build.vhd sub00/vhpl29 1412225941
AR gt11_init_tx rtl /home/daqdev/work/adl_atlasupstrip/hsio_trunk/ethernet_v4/src/gt11_init_tx.vhd sub00/vhpl11 1412225813
AR pausequantatimer rtl /home/daqdev/work/adl_atlasupstrip/hsio_trunk/ethernet_v4/src/pause_quanta_timer.vhd sub00/vhpl42 1412226018
EN gmii_if NULL /home/daqdev/work/adl_atlasupstrip/hsio_trunk/ethernet_v4/src/gmii_if.vhd sub00/vhpl20 1412225863
AR gt11_dual_1000x structural /home/daqdev/work/adl_atlasupstrip/hsio_trunk/ethernet_v4/src/gt11_dual_1000X.vhd sub00/vhpl15 1412225817
AR eth2x16_top struct /home/daqdev/work/adl_atlasupstrip/hsio_trunk/ethernet_v4/src/eth2x16_top_struct.vhd sub00/vhpl46 1412226022
EN dcm_reset NULL /home/daqdev/work/adl_atlasupstrip/hsio_trunk/ethernet_v4/src/dcm_reset.vhd sub00/vhpl18 1412225820
AR sync_block structural /home/daqdev/work/adl_atlasupstrip/hsio_trunk/ethernet_v4/src/sync_block.vhd sub00/vhpl01 1412225799
EN gt11_init_rx NULL /home/daqdev/work/adl_atlasupstrip/hsio_trunk/ethernet_v4/src/gt11_init_rx.vhd sub00/vhpl12 1412225814
EN gt11_dual_1000x NULL /home/daqdev/work/adl_atlasupstrip/hsio_trunk/ethernet_v4/src/gt11_dual_1000X.vhd sub00/vhpl14 1412225816
EN gt11togt_rxclkcorcnt_shim NULL /home/daqdev/work/adl_atlasupstrip/hsio_trunk/ethernet_v4/src/gt11_to_gt_rxclkcorcnt_shim.vhd sub00/vhpl02 1412225800
EN host_interface NULL /home/daqdev/work/adl_atlasupstrip/hsio_trunk/ethernet_v4/src/host_interface.vhd sub00/vhpl31 1412225943
AR tx_client_fifo_16 rtl /home/daqdev/work/adl_atlasupstrip/hsio_trunk/ethernet_v4/src/tx_client_fifo_16.vhd sub00/vhpl07 1412225809
EN eth2x16 NULL /home/daqdev/work/adl_atlasupstrip/hsio_trunk/ethernet_v4/src/eth2x16.vhd sub00/vhpl16 1412225818
EN gt11_init_tx NULL /home/daqdev/work/adl_atlasupstrip/hsio_trunk/ethernet_v4/src/gt11_init_tx.vhd sub00/vhpl10 1412225812
AR eth2x16_locallink_muxed top_level /home/daqdev/work/adl_atlasupstrip/hsio_trunk/ethernet_v4/src/eth2x16_locallink_muxed.vhd sub00/vhpl40 1412225952
AR eth_fifo_8_16 rtl /home/daqdev/work/adl_atlasupstrip/hsio_trunk/ethernet_v4/src/eth_fifo_8_16.vhd sub00/vhpl38 1412225950
EN eth_fifo_8_16 NULL /home/daqdev/work/adl_atlasupstrip/hsio_trunk/ethernet_v4/src/eth_fifo_8_16.vhd sub00/vhpl37 1412225949
EN eth2x16_block NULL /home/daqdev/work/adl_atlasupstrip/hsio_trunk/ethernet_v4/src/eth2x16_block.vhd sub00/vhpl27 1412225870
AR eth_gmii wrapper /home/daqdev/work/adl_atlasupstrip/hsio_trunk/ethernet_v4/src/eth_gmii.vhd sub00/vhpl24 1412225867
EN eth2x16_top NULL /home/daqdev/work/adl_atlasupstrip/hsio_trunk/ethernet_v4/src/eth2x16_top_struct.vhd sub00/vhpl45 1412226021
EN eth_gmii_block NULL /home/daqdev/work/adl_atlasupstrip/hsio_trunk/ethernet_v4/src/eth_gmii_block.vhd sub00/vhpl35 1412225947
EN cal_block_v1_4_1 NULL /home/daqdev/work/adl_atlasupstrip/hsio_trunk/ethernet_v4/src/cal_block_v1_4_1.vhd sub00/vhpl04 1412225802
EN tx_client_fifo_16 NULL /home/daqdev/work/adl_atlasupstrip/hsio_trunk/ethernet_v4/src/tx_client_fifo_16.vhd sub00/vhpl06 1412225808
EN eth_gmii16_locallink NULL /home/daqdev/work/adl_atlasupstrip/hsio_trunk/ethernet_v4/src/eth_gmii16_locallink.vhd sub00/vhpl43 1412226019
EN pausequantatimer NULL /home/daqdev/work/adl_atlasupstrip/hsio_trunk/ethernet_v4/src/pause_quanta_timer.vhd sub00/vhpl41 1412226017
AR gt11_init_rx rtl /home/daqdev/work/adl_atlasupstrip/hsio_trunk/ethernet_v4/src/gt11_init_rx.vhd sub00/vhpl13 1412225815
AR gt11togt_rxclkcorcnt_shim rtl /home/daqdev/work/adl_atlasupstrip/hsio_trunk/ethernet_v4/src/gt11_to_gt_rxclkcorcnt_shim.vhd sub00/vhpl03 1412225801
AR dcm_reset rtl /home/daqdev/work/adl_atlasupstrip/hsio_trunk/ethernet_v4/src/dcm_reset.vhd sub00/vhpl19 1412225821
AR eth2x16_block top_level /home/daqdev/work/adl_atlasupstrip/hsio_trunk/ethernet_v4/src/eth2x16_block.vhd sub00/vhpl28 1412225871
AR eth2x16 wrapper /home/daqdev/work/adl_atlasupstrip/hsio_trunk/ethernet_v4/src/eth2x16.vhd sub00/vhpl17 1412225819
EN eth2x16_locallink_muxed NULL /home/daqdev/work/adl_atlasupstrip/hsio_trunk/ethernet_v4/src/eth2x16_locallink_muxed.vhd sub00/vhpl39 1412225951
AR eth_fifo_16 rtl /home/daqdev/work/adl_atlasupstrip/hsio_trunk/ethernet_v4/src/eth_fifo_16.vhd sub00/vhpl26 1412225869
EN sync_block NULL /home/daqdev/work/adl_atlasupstrip/hsio_trunk/ethernet_v4/src/sync_block.vhd sub00/vhpl00 1412225798
EN eth_fifo_16 NULL /home/daqdev/work/adl_atlasupstrip/hsio_trunk/ethernet_v4/src/eth_fifo_16.vhd sub00/vhpl25 1412225868
AR statword_build rtl /home/daqdev/work/adl_atlasupstrip/hsio_trunk/ethernet_v4/src/statword_build.vhd sub00/vhpl30 1412225942
AR host_interface rtl /home/daqdev/work/adl_atlasupstrip/hsio_trunk/ethernet_v4/src/host_interface.vhd sub00/vhpl32 1412225944
PH eth_types NULL /home/daqdev/work/adl_atlasupstrip/hsio_trunk/ethernet_v4/src/eth_types.vhd sub00/vhpl22 1412225865
EN eth_gmii NULL /home/daqdev/work/adl_atlasupstrip/hsio_trunk/ethernet_v4/src/eth_gmii.vhd sub00/vhpl23 1412225866
AR eth_stat_decoder rtl /home/daqdev/work/adl_atlasupstrip/hsio_trunk/ethernet_v4/src/eth_stat_decoder.vhd sub00/vhpl34 1412225946
AR rx_client_fifo_16 rtl /home/daqdev/work/adl_atlasupstrip/hsio_trunk/ethernet_v4/src/rx_client_fifo_16.vhd sub00/vhpl09 1412225811
EN eth_stat_decoder NULL /home/daqdev/work/adl_atlasupstrip/hsio_trunk/ethernet_v4/src/eth_stat_decoder.vhd sub00/vhpl33 1412225945
AR eth_gmii_block top_level /home/daqdev/work/adl_atlasupstrip/hsio_trunk/ethernet_v4/src/eth_gmii_block.vhd sub00/vhpl36 1412225948
