V3 114
FL /home/daqdev/work/adl_atlasupstrip/hsio_trunk/ethernet_v4/src/cal_block_v1_4_1.vhd 2014/10/02.14:02:53 P.49d
EN ethernet_v4/cal_block_v1_4_1 1413174817 \
      FL /home/daqdev/work/adl_atlasupstrip/hsio_trunk/ethernet_v4/src/cal_block_v1_4_1.vhd \
      PB ieee/std_logic_1164 1354696159 PB ieee/NUMERIC_STD 1354696164 \
      LB ethernet_v4
AR ethernet_v4/cal_block_v1_4_1/rtl 1413174818 \
      FL /home/daqdev/work/adl_atlasupstrip/hsio_trunk/ethernet_v4/src/cal_block_v1_4_1.vhd \
      EN ethernet_v4/cal_block_v1_4_1 1413174817
FL /home/daqdev/work/adl_atlasupstrip/hsio_trunk/ethernet_v4/src/dcm_reset.vhd 2014/10/02.14:02:53 P.49d
EN ethernet_v4/dcm_reset 1413174835 \
      FL /home/daqdev/work/adl_atlasupstrip/hsio_trunk/ethernet_v4/src/dcm_reset.vhd \
      LB unisim PH unisim/VCOMPONENTS 1354696165 PB ieee/std_logic_1164 1354696159 \
      PB ieee/NUMERIC_STD 1354696164
AR ethernet_v4/dcm_reset/rtl 1413174836 \
      FL /home/daqdev/work/adl_atlasupstrip/hsio_trunk/ethernet_v4/src/dcm_reset.vhd \
      EN ethernet_v4/dcm_reset 1413174835 CP sync_block
FL /home/daqdev/work/adl_atlasupstrip/hsio_trunk/ethernet_v4/src/eth2x16.vhd 2014/10/02.14:02:53 P.49d
EN ethernet_v4/eth2x16 1413174833 \
      FL /home/daqdev/work/adl_atlasupstrip/hsio_trunk/ethernet_v4/src/eth2x16.vhd \
      LB unisim PH unisim/VCOMPONENTS 1354696165 PB ieee/std_logic_1164 1354696159
AR ethernet_v4/eth2x16/WRAPPER 1413174834 \
      FL /home/daqdev/work/adl_atlasupstrip/hsio_trunk/ethernet_v4/src/eth2x16.vhd \
      EN ethernet_v4/eth2x16 1413174833 CP EMAC
FL /home/daqdev/work/adl_atlasupstrip/hsio_trunk/ethernet_v4/src/eth2x16_block.vhd 2014/10/02.14:02:53 P.49d
EN ethernet_v4/eth2x16_block 1413174885 \
      FL /home/daqdev/work/adl_atlasupstrip/hsio_trunk/ethernet_v4/src/eth2x16_block.vhd \
      LB unisim PH unisim/VCOMPONENTS 1354696165 PB ieee/std_logic_1164 1354696159
AR ethernet_v4/eth2x16_block/TOP_LEVEL 1413174886 \
      FL /home/daqdev/work/adl_atlasupstrip/hsio_trunk/ethernet_v4/src/eth2x16_block.vhd \
      EN ethernet_v4/eth2x16_block 1413174885 CP GT11_DUAL_1000X CP gt11_init_rx \
      CP gt11_init_tx CP BUFG CP DCM_BASE CP dcm_reset CP eth2x16
FL /home/daqdev/work/adl_atlasupstrip/hsio_trunk/ethernet_v4/src/eth2x16_locallink_muxed.vhd 2014/10/02.14:02:53 P.49d
EN ethernet_v4/eth2x16_locallink_muxed 1413174966 \
      FL /home/daqdev/work/adl_atlasupstrip/hsio_trunk/ethernet_v4/src/eth2x16_locallink_muxed.vhd \
      LB unisim PH unisim/VCOMPONENTS 1354696165 PB ieee/std_logic_1164 1354696159 \
      PH ethernet_v4/eth_types 1413174880
AR ethernet_v4/eth2x16_locallink_muxed/TOP_LEVEL 1413174967 \
      FL /home/daqdev/work/adl_atlasupstrip/hsio_trunk/ethernet_v4/src/eth2x16_locallink_muxed.vhd \
      EN ethernet_v4/eth2x16_locallink_muxed 1413174966 CP eth2x16_block \
      CP eth_fifo_16
FL /home/daqdev/work/adl_atlasupstrip/hsio_trunk/ethernet_v4/src/eth2x16_top_struct.vhd 2014/10/02.14:02:53 P.49d
EN ethernet_v4/eth2x16_top 1413175036 \
      FL /home/daqdev/work/adl_atlasupstrip/hsio_trunk/ethernet_v4/src/eth2x16_top_struct.vhd \
      PB ieee/std_logic_1164 1354696159 PB ieee/STD_LOGIC_UNSIGNED 1354696162 \
      PB ieee/std_logic_arith 1354696160 LB unisim PH unisim/VCOMPONENTS 1354696165 \
      PH ethernet_v4/eth_types 1413174880 LB utils PH utils/pkg_types 1413174812
AR ethernet_v4/eth2x16_top/struct 1413175037 \
      FL /home/daqdev/work/adl_atlasupstrip/hsio_trunk/ethernet_v4/src/eth2x16_top_struct.vhd \
      EN ethernet_v4/eth2x16_top 1413175036 PB ieee/std_logic_1164 1354696159 \
      PB ieee/std_logic_arith 1354696160 PB ieee/STD_LOGIC_UNSIGNED 1354696162 \
      LB utils PH utils/pkg_types 1413174812 CP eth2x16_locallink_muxed \
      CP host_interface CP m_buff CP m_inv CP m_power CP eth_stat_decoder \
      CP statword_build
FL /home/daqdev/work/adl_atlasupstrip/hsio_trunk/ethernet_v4/src/eth_fifo_16.vhd 2014/10/02.14:02:53 P.49d
EN ethernet_v4/eth_fifo_16 1413174883 \
      FL /home/daqdev/work/adl_atlasupstrip/hsio_trunk/ethernet_v4/src/eth_fifo_16.vhd \
      LB unisim PH unisim/VCOMPONENTS 1354696165 PB ieee/std_logic_1164 1354696159 \
      PB ieee/STD_LOGIC_UNSIGNED 1354696162 PB ieee/NUMERIC_STD 1354696164
AR ethernet_v4/eth_fifo_16/RTL 1413174884 \
      FL /home/daqdev/work/adl_atlasupstrip/hsio_trunk/ethernet_v4/src/eth_fifo_16.vhd \
      EN ethernet_v4/eth_fifo_16 1413174883 CP tx_client_fifo_16 \
      CP rx_client_fifo_16
FL /home/daqdev/work/adl_atlasupstrip/hsio_trunk/ethernet_v4/src/eth_fifo_8_16.vhd 2014/10/02.14:02:53 P.49d
EN ethernet_v4/eth_fifo_8_16 1413174964 \
      FL /home/daqdev/work/adl_atlasupstrip/hsio_trunk/ethernet_v4/src/eth_fifo_8_16.vhd \
      LB unisim PH unisim/VCOMPONENTS 1354696165 PB ieee/std_logic_1164 1354696159 \
      PB ieee/STD_LOGIC_UNSIGNED 1354696162 PB ieee/NUMERIC_STD 1354696164
AR ethernet_v4/eth_fifo_8_16/RTL 1413174965 \
      FL /home/daqdev/work/adl_atlasupstrip/hsio_trunk/ethernet_v4/src/eth_fifo_8_16.vhd \
      EN ethernet_v4/eth_fifo_8_16 1413174964 CP rx_client_fifo_16 \
      CP tx_client_fifo_16
FL /home/daqdev/work/adl_atlasupstrip/hsio_trunk/ethernet_v4/src/eth_gmii.vhd 2014/10/02.14:02:53 P.49d
EN ethernet_v4/eth_gmii 1413174881 \
      FL /home/daqdev/work/adl_atlasupstrip/hsio_trunk/ethernet_v4/src/eth_gmii.vhd \
      LB unisim PH unisim/VCOMPONENTS 1354696165 PB ieee/std_logic_1164 1354696159
AR ethernet_v4/eth_gmii/WRAPPER 1413174882 \
      FL /home/daqdev/work/adl_atlasupstrip/hsio_trunk/ethernet_v4/src/eth_gmii.vhd \
      EN ethernet_v4/eth_gmii 1413174881 CP EMAC
FL /home/daqdev/work/adl_atlasupstrip/hsio_trunk/ethernet_v4/src/eth_gmii16_locallink.vhd 2014/10/02.14:02:53 P.49d
EN ethernet_v4/eth_gmii16_locallink 1413175034 \
      FL /home/daqdev/work/adl_atlasupstrip/hsio_trunk/ethernet_v4/src/eth_gmii16_locallink.vhd \
      LB unisim PH unisim/VCOMPONENTS 1354696165 PB ieee/std_logic_1164 1354696159
AR ethernet_v4/eth_gmii16_locallink/TOP_LEVEL 1413175035 \
      FL /home/daqdev/work/adl_atlasupstrip/hsio_trunk/ethernet_v4/src/eth_gmii16_locallink.vhd \
      EN ethernet_v4/eth_gmii16_locallink 1413175034 CP eth_gmii_block \
      CP eth_fifo_8_16
FL /home/daqdev/work/adl_atlasupstrip/hsio_trunk/ethernet_v4/src/eth_gmii_block.vhd 2014/10/02.14:02:53 P.49d
EN ethernet_v4/eth_gmii_block 1413174962 \
      FL /home/daqdev/work/adl_atlasupstrip/hsio_trunk/ethernet_v4/src/eth_gmii_block.vhd \
      LB unisim PH unisim/VCOMPONENTS 1354696165 PB ieee/std_logic_1164 1354696159
AR ethernet_v4/eth_gmii_block/TOP_LEVEL 1413174963 \
      FL /home/daqdev/work/adl_atlasupstrip/hsio_trunk/ethernet_v4/src/eth_gmii_block.vhd \
      EN ethernet_v4/eth_gmii_block 1413174962 CP gmii_if CP IBUF CP IDELAYCTRL \
      CP SRL16 CP BUFGMUX CP IBUFG CP IDELAY CP BUFG CP eth_gmii
FL /home/daqdev/work/adl_atlasupstrip/hsio_trunk/ethernet_v4/src/eth_stat_decoder.vhd 2014/10/02.14:02:53 P.49d
EN ethernet_v4/eth_stat_decoder 1413174960 \
      FL /home/daqdev/work/adl_atlasupstrip/hsio_trunk/ethernet_v4/src/eth_stat_decoder.vhd \
      PB ieee/std_logic_1164 1354696159 PB ieee/std_logic_arith 1354696160 \
      PB ieee/STD_LOGIC_UNSIGNED 1354696162
AR ethernet_v4/eth_stat_decoder/rtl 1413174961 \
      FL /home/daqdev/work/adl_atlasupstrip/hsio_trunk/ethernet_v4/src/eth_stat_decoder.vhd \
      EN ethernet_v4/eth_stat_decoder 1413174960
FL /home/daqdev/work/adl_atlasupstrip/hsio_trunk/ethernet_v4/src/eth_types.vhd 2014/10/02.14:02:53 P.49d
PH ethernet_v4/eth_types 1413174880 \
      FL /home/daqdev/work/adl_atlasupstrip/hsio_trunk/ethernet_v4/src/eth_types.vhd \
      PB ieee/std_logic_1164 1354696159 PB std/TEXTIO 1354696158
FL /home/daqdev/work/adl_atlasupstrip/hsio_trunk/ethernet_v4/src/gmii_if.vhd 2014/10/02.14:02:53 P.49d
EN ethernet_v4/gmii_if 1413174878 \
      FL /home/daqdev/work/adl_atlasupstrip/hsio_trunk/ethernet_v4/src/gmii_if.vhd \
      LB unisim PH unisim/VCOMPONENTS 1354696165 PB ieee/std_logic_1164 1354696159
AR ethernet_v4/gmii_if/PHY_IF 1413174879 \
      FL /home/daqdev/work/adl_atlasupstrip/hsio_trunk/ethernet_v4/src/gmii_if.vhd \
      EN ethernet_v4/gmii_if 1413174878 CP ODDR CP OBUF CP IBUF CP IDELAY
FL /home/daqdev/work/adl_atlasupstrip/hsio_trunk/ethernet_v4/src/gt11_dual_1000X.vhd 2014/10/02.14:02:53 P.49d
EN ethernet_v4/GT11_dual_1000X 1413174831 \
      FL /home/daqdev/work/adl_atlasupstrip/hsio_trunk/ethernet_v4/src/gt11_dual_1000X.vhd \
      PB ieee/std_logic_1164 1354696159 PB ieee/NUMERIC_STD 1354696164 LB unisim \
      PH unisim/VCOMPONENTS 1354696165
AR ethernet_v4/GT11_dual_1000X/structural 1413174832 \
      FL /home/daqdev/work/adl_atlasupstrip/hsio_trunk/ethernet_v4/src/gt11_dual_1000X.vhd \
      EN ethernet_v4/GT11_dual_1000X 1413174831 CP gt11togt_rxclkcorcnt_shim \
      CP GT11 CP cal_block_v1_4_1
FL /home/daqdev/work/adl_atlasupstrip/hsio_trunk/ethernet_v4/src/gt11_init_rx.vhd 2014/10/02.14:02:53 P.49d
EN ethernet_v4/gt11_init_rx 1413174829 \
      FL /home/daqdev/work/adl_atlasupstrip/hsio_trunk/ethernet_v4/src/gt11_init_rx.vhd \
      PB ieee/std_logic_1164 1354696159 PB ieee/NUMERIC_STD 1354696164 LB unisim \
      PH unisim/VCOMPONENTS 1354696165
AR ethernet_v4/gt11_init_rx/rtl 1413174830 \
      FL /home/daqdev/work/adl_atlasupstrip/hsio_trunk/ethernet_v4/src/gt11_init_rx.vhd \
      EN ethernet_v4/gt11_init_rx 1413174829 CP SRL16E CP FDE CP FDRE
FL /home/daqdev/work/adl_atlasupstrip/hsio_trunk/ethernet_v4/src/gt11_init_tx.vhd 2014/10/02.14:02:53 P.49d
EN ethernet_v4/GT11_INIT_TX 1413174827 \
      FL /home/daqdev/work/adl_atlasupstrip/hsio_trunk/ethernet_v4/src/gt11_init_tx.vhd \
      PB ieee/std_logic_1164 1354696159 PB ieee/NUMERIC_STD 1354696164 LB unisim \
      PH unisim/VCOMPONENTS 1354696165
AR ethernet_v4/GT11_INIT_TX/rtl 1413174828 \
      FL /home/daqdev/work/adl_atlasupstrip/hsio_trunk/ethernet_v4/src/gt11_init_tx.vhd \
      EN ethernet_v4/GT11_INIT_TX 1413174827
FL /home/daqdev/work/adl_atlasupstrip/hsio_trunk/ethernet_v4/src/gt11_to_gt_rxclkcorcnt_shim.vhd 2014/10/02.14:02:53 P.49d
EN ethernet_v4/gt11togt_rxclkcorcnt_shim 1413174815 \
      FL /home/daqdev/work/adl_atlasupstrip/hsio_trunk/ethernet_v4/src/gt11_to_gt_rxclkcorcnt_shim.vhd \
      PB ieee/std_logic_1164 1354696159 PB ieee/NUMERIC_STD 1354696164
AR ethernet_v4/gt11togt_rxclkcorcnt_shim/rtl 1413174816 \
      FL /home/daqdev/work/adl_atlasupstrip/hsio_trunk/ethernet_v4/src/gt11_to_gt_rxclkcorcnt_shim.vhd \
      EN ethernet_v4/gt11togt_rxclkcorcnt_shim 1413174815
FL /home/daqdev/work/adl_atlasupstrip/hsio_trunk/ethernet_v4/src/host_interface.vhd 2014/10/02.14:02:53 P.49d
EN ethernet_v4/host_interface 1413174958 \
      FL /home/daqdev/work/adl_atlasupstrip/hsio_trunk/ethernet_v4/src/host_interface.vhd \
      PB ieee/std_logic_1164 1354696159 PB ieee/std_logic_arith 1354696160 \
      PB ieee/STD_LOGIC_UNSIGNED 1354696162
AR ethernet_v4/host_interface/rtl 1413174959 \
      FL /home/daqdev/work/adl_atlasupstrip/hsio_trunk/ethernet_v4/src/host_interface.vhd \
      EN ethernet_v4/host_interface 1413174958
FL /home/daqdev/work/adl_atlasupstrip/hsio_trunk/ethernet_v4/src/pause_quanta_timer.vhd 2014/10/02.14:02:53 P.49d
EN ethernet_v4/PauseQuantaTimer 1413175032 \
      FL /home/daqdev/work/adl_atlasupstrip/hsio_trunk/ethernet_v4/src/pause_quanta_timer.vhd \
      PB ieee/std_logic_1164 1354696159 PB ieee/std_logic_arith 1354696160 \
      PB ieee/STD_LOGIC_UNSIGNED 1354696162
AR ethernet_v4/PauseQuantaTimer/rtl 1413175033 \
      FL /home/daqdev/work/adl_atlasupstrip/hsio_trunk/ethernet_v4/src/pause_quanta_timer.vhd \
      EN ethernet_v4/PauseQuantaTimer 1413175032
FL /home/daqdev/work/adl_atlasupstrip/hsio_trunk/ethernet_v4/src/rx_client_fifo_16.vhd 2014/10/02.14:02:53 P.49d
EN ethernet_v4/rx_client_fifo_16 1413174825 \
      FL /home/daqdev/work/adl_atlasupstrip/hsio_trunk/ethernet_v4/src/rx_client_fifo_16.vhd \
      LB unisim PH unisim/VCOMPONENTS 1354696165 PB ieee/std_logic_1164 1354696159 \
      PB ieee/STD_LOGIC_UNSIGNED 1354696162 PB ieee/NUMERIC_STD 1354696164
AR ethernet_v4/rx_client_fifo_16/RTL 1413174826 \
      FL /home/daqdev/work/adl_atlasupstrip/hsio_trunk/ethernet_v4/src/rx_client_fifo_16.vhd \
      EN ethernet_v4/rx_client_fifo_16 1413174825 CP RAMB16_S18_S18
FL /home/daqdev/work/adl_atlasupstrip/hsio_trunk/ethernet_v4/src/statword_build.vhd 2014/10/02.14:02:53 P.49d
EN ethernet_v4/statword_build 1413174956 \
      FL /home/daqdev/work/adl_atlasupstrip/hsio_trunk/ethernet_v4/src/statword_build.vhd \
      PB ieee/std_logic_1164 1354696159 PB ieee/std_logic_arith 1354696160 \
      PB ieee/STD_LOGIC_UNSIGNED 1354696162
AR ethernet_v4/statword_build/rtl 1413174957 \
      FL /home/daqdev/work/adl_atlasupstrip/hsio_trunk/ethernet_v4/src/statword_build.vhd \
      EN ethernet_v4/statword_build 1413174956
FL /home/daqdev/work/adl_atlasupstrip/hsio_trunk/ethernet_v4/src/sync_block.vhd 2014/10/02.14:02:53 P.49d
EN ethernet_v4/sync_block 1413174813 \
      FL /home/daqdev/work/adl_atlasupstrip/hsio_trunk/ethernet_v4/src/sync_block.vhd \
      PB ieee/std_logic_1164 1354696159 LB unisim PH unisim/VCOMPONENTS 1354696165
AR ethernet_v4/sync_block/structural 1413174814 \
      FL /home/daqdev/work/adl_atlasupstrip/hsio_trunk/ethernet_v4/src/sync_block.vhd \
      EN ethernet_v4/sync_block 1413174813 CP FD
FL /home/daqdev/work/adl_atlasupstrip/hsio_trunk/ethernet_v4/src/tx_client_fifo_16.vhd 2014/10/02.14:02:53 P.49d
EN ethernet_v4/tx_client_fifo_16 1413174823 \
      FL /home/daqdev/work/adl_atlasupstrip/hsio_trunk/ethernet_v4/src/tx_client_fifo_16.vhd \
      LB unisim PH unisim/VCOMPONENTS 1354696165 PB ieee/std_logic_1164 1354696159 \
      PB ieee/STD_LOGIC_UNSIGNED 1354696162 PB ieee/NUMERIC_STD 1354696164
AR ethernet_v4/tx_client_fifo_16/RTL 1413174824 \
      FL /home/daqdev/work/adl_atlasupstrip/hsio_trunk/ethernet_v4/src/tx_client_fifo_16.vhd \
      EN ethernet_v4/tx_client_fifo_16 1413174823 CP RAMB16_S18_S18
