V3 114
FL /home/daqdev/work/adl_atlasupstrip/hsio_trunk/ethernet_v4/src/cal_block_v1_4_1.vhd 2014/10/02.14:02:53 P.49d
EN ethernet_v4/cal_block_v1_4_1 1413520264 \
      FL /home/daqdev/work/adl_atlasupstrip/hsio_trunk/ethernet_v4/src/cal_block_v1_4_1.vhd \
      PB ieee/std_logic_1164 1354696159 PB ieee/NUMERIC_STD 1354696164 \
      LB ethernet_v4
AR ethernet_v4/cal_block_v1_4_1/rtl 1413520265 \
      FL /home/daqdev/work/adl_atlasupstrip/hsio_trunk/ethernet_v4/src/cal_block_v1_4_1.vhd \
      EN ethernet_v4/cal_block_v1_4_1 1413520264
FL /home/daqdev/work/adl_atlasupstrip/hsio_trunk/ethernet_v4/src/dcm_reset.vhd 2014/10/02.14:02:53 P.49d
EN ethernet_v4/dcm_reset 1413520282 \
      FL /home/daqdev/work/adl_atlasupstrip/hsio_trunk/ethernet_v4/src/dcm_reset.vhd \
      LB unisim PH unisim/VCOMPONENTS 1354696165 PB ieee/std_logic_1164 1354696159 \
      PB ieee/NUMERIC_STD 1354696164
AR ethernet_v4/dcm_reset/rtl 1413520283 \
      FL /home/daqdev/work/adl_atlasupstrip/hsio_trunk/ethernet_v4/src/dcm_reset.vhd \
      EN ethernet_v4/dcm_reset 1413520282 CP sync_block
FL /home/daqdev/work/adl_atlasupstrip/hsio_trunk/ethernet_v4/src/eth2x16.vhd 2014/10/02.14:02:53 P.49d
EN ethernet_v4/eth2x16 1413520280 \
      FL /home/daqdev/work/adl_atlasupstrip/hsio_trunk/ethernet_v4/src/eth2x16.vhd \
      LB unisim PH unisim/VCOMPONENTS 1354696165 PB ieee/std_logic_1164 1354696159
AR ethernet_v4/eth2x16/WRAPPER 1413520281 \
      FL /home/daqdev/work/adl_atlasupstrip/hsio_trunk/ethernet_v4/src/eth2x16.vhd \
      EN ethernet_v4/eth2x16 1413520280 CP EMAC
FL /home/daqdev/work/adl_atlasupstrip/hsio_trunk/ethernet_v4/src/eth2x16_block.vhd 2014/10/02.14:02:53 P.49d
EN ethernet_v4/eth2x16_block 1413520332 \
      FL /home/daqdev/work/adl_atlasupstrip/hsio_trunk/ethernet_v4/src/eth2x16_block.vhd \
      LB unisim PH unisim/VCOMPONENTS 1354696165 PB ieee/std_logic_1164 1354696159
AR ethernet_v4/eth2x16_block/TOP_LEVEL 1413520333 \
      FL /home/daqdev/work/adl_atlasupstrip/hsio_trunk/ethernet_v4/src/eth2x16_block.vhd \
      EN ethernet_v4/eth2x16_block 1413520332 CP GT11_DUAL_1000X CP gt11_init_rx \
      CP gt11_init_tx CP BUFG CP DCM_BASE CP dcm_reset CP eth2x16
FL /home/daqdev/work/adl_atlasupstrip/hsio_trunk/ethernet_v4/src/eth2x16_locallink_muxed.vhd 2014/10/02.14:02:53 P.49d
EN ethernet_v4/eth2x16_locallink_muxed 1413520413 \
      FL /home/daqdev/work/adl_atlasupstrip/hsio_trunk/ethernet_v4/src/eth2x16_locallink_muxed.vhd \
      LB unisim PH unisim/VCOMPONENTS 1354696165 PB ieee/std_logic_1164 1354696159 \
      PH ethernet_v4/eth_types 1413520327
AR ethernet_v4/eth2x16_locallink_muxed/TOP_LEVEL 1413520414 \
      FL /home/daqdev/work/adl_atlasupstrip/hsio_trunk/ethernet_v4/src/eth2x16_locallink_muxed.vhd \
      EN ethernet_v4/eth2x16_locallink_muxed 1413520413 CP eth2x16_block \
      CP eth_fifo_16
FL /home/daqdev/work/adl_atlasupstrip/hsio_trunk/ethernet_v4/src/eth2x16_top_struct.vhd 2014/10/02.14:02:53 P.49d
EN ethernet_v4/eth2x16_top 1413520483 \
      FL /home/daqdev/work/adl_atlasupstrip/hsio_trunk/ethernet_v4/src/eth2x16_top_struct.vhd \
      PB ieee/std_logic_1164 1354696159 PB ieee/STD_LOGIC_UNSIGNED 1354696162 \
      PB ieee/std_logic_arith 1354696160 LB unisim PH unisim/VCOMPONENTS 1354696165 \
      PH ethernet_v4/eth_types 1413520327 LB utils PH utils/pkg_types 1413520259
AR ethernet_v4/eth2x16_top/struct 1413520484 \
      FL /home/daqdev/work/adl_atlasupstrip/hsio_trunk/ethernet_v4/src/eth2x16_top_struct.vhd \
      EN ethernet_v4/eth2x16_top 1413520483 PB ieee/std_logic_1164 1354696159 \
      PB ieee/std_logic_arith 1354696160 PB ieee/STD_LOGIC_UNSIGNED 1354696162 \
      LB utils PH utils/pkg_types 1413520259 CP eth2x16_locallink_muxed \
      CP host_interface CP m_buff CP m_inv CP m_power CP eth_stat_decoder \
      CP statword_build
FL /home/daqdev/work/adl_atlasupstrip/hsio_trunk/ethernet_v4/src/eth_fifo_16.vhd 2014/10/02.14:02:53 P.49d
EN ethernet_v4/eth_fifo_16 1413520330 \
      FL /home/daqdev/work/adl_atlasupstrip/hsio_trunk/ethernet_v4/src/eth_fifo_16.vhd \
      LB unisim PH unisim/VCOMPONENTS 1354696165 PB ieee/std_logic_1164 1354696159 \
      PB ieee/STD_LOGIC_UNSIGNED 1354696162 PB ieee/NUMERIC_STD 1354696164
AR ethernet_v4/eth_fifo_16/RTL 1413520331 \
      FL /home/daqdev/work/adl_atlasupstrip/hsio_trunk/ethernet_v4/src/eth_fifo_16.vhd \
      EN ethernet_v4/eth_fifo_16 1413520330 CP tx_client_fifo_16 \
      CP rx_client_fifo_16
FL /home/daqdev/work/adl_atlasupstrip/hsio_trunk/ethernet_v4/src/eth_fifo_8_16.vhd 2014/10/02.14:02:53 P.49d
EN ethernet_v4/eth_fifo_8_16 1413520411 \
      FL /home/daqdev/work/adl_atlasupstrip/hsio_trunk/ethernet_v4/src/eth_fifo_8_16.vhd \
      LB unisim PH unisim/VCOMPONENTS 1354696165 PB ieee/std_logic_1164 1354696159 \
      PB ieee/STD_LOGIC_UNSIGNED 1354696162 PB ieee/NUMERIC_STD 1354696164
AR ethernet_v4/eth_fifo_8_16/RTL 1413520412 \
      FL /home/daqdev/work/adl_atlasupstrip/hsio_trunk/ethernet_v4/src/eth_fifo_8_16.vhd \
      EN ethernet_v4/eth_fifo_8_16 1413520411 CP rx_client_fifo_16 \
      CP tx_client_fifo_16
FL /home/daqdev/work/adl_atlasupstrip/hsio_trunk/ethernet_v4/src/eth_gmii.vhd 2014/10/02.14:02:53 P.49d
EN ethernet_v4/eth_gmii 1413520328 \
      FL /home/daqdev/work/adl_atlasupstrip/hsio_trunk/ethernet_v4/src/eth_gmii.vhd \
      LB unisim PH unisim/VCOMPONENTS 1354696165 PB ieee/std_logic_1164 1354696159
AR ethernet_v4/eth_gmii/WRAPPER 1413520329 \
      FL /home/daqdev/work/adl_atlasupstrip/hsio_trunk/ethernet_v4/src/eth_gmii.vhd \
      EN ethernet_v4/eth_gmii 1413520328 CP EMAC
FL /home/daqdev/work/adl_atlasupstrip/hsio_trunk/ethernet_v4/src/eth_gmii16_locallink.vhd 2014/10/02.14:02:53 P.49d
EN ethernet_v4/eth_gmii16_locallink 1413520481 \
      FL /home/daqdev/work/adl_atlasupstrip/hsio_trunk/ethernet_v4/src/eth_gmii16_locallink.vhd \
      LB unisim PH unisim/VCOMPONENTS 1354696165 PB ieee/std_logic_1164 1354696159
AR ethernet_v4/eth_gmii16_locallink/TOP_LEVEL 1413520482 \
      FL /home/daqdev/work/adl_atlasupstrip/hsio_trunk/ethernet_v4/src/eth_gmii16_locallink.vhd \
      EN ethernet_v4/eth_gmii16_locallink 1413520481 CP eth_gmii_block \
      CP eth_fifo_8_16
FL /home/daqdev/work/adl_atlasupstrip/hsio_trunk/ethernet_v4/src/eth_gmii_block.vhd 2014/10/02.14:02:53 P.49d
EN ethernet_v4/eth_gmii_block 1413520409 \
      FL /home/daqdev/work/adl_atlasupstrip/hsio_trunk/ethernet_v4/src/eth_gmii_block.vhd \
      LB unisim PH unisim/VCOMPONENTS 1354696165 PB ieee/std_logic_1164 1354696159
AR ethernet_v4/eth_gmii_block/TOP_LEVEL 1413520410 \
      FL /home/daqdev/work/adl_atlasupstrip/hsio_trunk/ethernet_v4/src/eth_gmii_block.vhd \
      EN ethernet_v4/eth_gmii_block 1413520409 CP gmii_if CP IBUF CP IDELAYCTRL \
      CP SRL16 CP BUFGMUX CP IBUFG CP IDELAY CP BUFG CP eth_gmii
FL /home/daqdev/work/adl_atlasupstrip/hsio_trunk/ethernet_v4/src/eth_stat_decoder.vhd 2014/10/02.14:02:53 P.49d
EN ethernet_v4/eth_stat_decoder 1413520407 \
      FL /home/daqdev/work/adl_atlasupstrip/hsio_trunk/ethernet_v4/src/eth_stat_decoder.vhd \
      PB ieee/std_logic_1164 1354696159 PB ieee/std_logic_arith 1354696160 \
      PB ieee/STD_LOGIC_UNSIGNED 1354696162
AR ethernet_v4/eth_stat_decoder/rtl 1413520408 \
      FL /home/daqdev/work/adl_atlasupstrip/hsio_trunk/ethernet_v4/src/eth_stat_decoder.vhd \
      EN ethernet_v4/eth_stat_decoder 1413520407
FL /home/daqdev/work/adl_atlasupstrip/hsio_trunk/ethernet_v4/src/eth_types.vhd 2014/10/02.14:02:53 P.49d
PH ethernet_v4/eth_types 1413520327 \
      FL /home/daqdev/work/adl_atlasupstrip/hsio_trunk/ethernet_v4/src/eth_types.vhd \
      PB ieee/std_logic_1164 1354696159 PB std/TEXTIO 1354696158
FL /home/daqdev/work/adl_atlasupstrip/hsio_trunk/ethernet_v4/src/gmii_if.vhd 2014/10/02.14:02:53 P.49d
EN ethernet_v4/gmii_if 1413520325 \
      FL /home/daqdev/work/adl_atlasupstrip/hsio_trunk/ethernet_v4/src/gmii_if.vhd \
      LB unisim PH unisim/VCOMPONENTS 1354696165 PB ieee/std_logic_1164 1354696159
AR ethernet_v4/gmii_if/PHY_IF 1413520326 \
      FL /home/daqdev/work/adl_atlasupstrip/hsio_trunk/ethernet_v4/src/gmii_if.vhd \
      EN ethernet_v4/gmii_if 1413520325 CP ODDR CP OBUF CP IBUF CP IDELAY
FL /home/daqdev/work/adl_atlasupstrip/hsio_trunk/ethernet_v4/src/gt11_dual_1000X.vhd 2014/10/02.14:02:53 P.49d
EN ethernet_v4/GT11_dual_1000X 1413520278 \
      FL /home/daqdev/work/adl_atlasupstrip/hsio_trunk/ethernet_v4/src/gt11_dual_1000X.vhd \
      PB ieee/std_logic_1164 1354696159 PB ieee/NUMERIC_STD 1354696164 LB unisim \
      PH unisim/VCOMPONENTS 1354696165
AR ethernet_v4/GT11_dual_1000X/structural 1413520279 \
      FL /home/daqdev/work/adl_atlasupstrip/hsio_trunk/ethernet_v4/src/gt11_dual_1000X.vhd \
      EN ethernet_v4/GT11_dual_1000X 1413520278 CP gt11togt_rxclkcorcnt_shim \
      CP GT11 CP cal_block_v1_4_1
FL /home/daqdev/work/adl_atlasupstrip/hsio_trunk/ethernet_v4/src/gt11_init_rx.vhd 2014/10/02.14:02:53 P.49d
EN ethernet_v4/gt11_init_rx 1413520276 \
      FL /home/daqdev/work/adl_atlasupstrip/hsio_trunk/ethernet_v4/src/gt11_init_rx.vhd \
      PB ieee/std_logic_1164 1354696159 PB ieee/NUMERIC_STD 1354696164 LB unisim \
      PH unisim/VCOMPONENTS 1354696165
AR ethernet_v4/gt11_init_rx/rtl 1413520277 \
      FL /home/daqdev/work/adl_atlasupstrip/hsio_trunk/ethernet_v4/src/gt11_init_rx.vhd \
      EN ethernet_v4/gt11_init_rx 1413520276 CP SRL16E CP FDE CP FDRE
FL /home/daqdev/work/adl_atlasupstrip/hsio_trunk/ethernet_v4/src/gt11_init_tx.vhd 2014/10/02.14:02:53 P.49d
EN ethernet_v4/GT11_INIT_TX 1413520274 \
      FL /home/daqdev/work/adl_atlasupstrip/hsio_trunk/ethernet_v4/src/gt11_init_tx.vhd \
      PB ieee/std_logic_1164 1354696159 PB ieee/NUMERIC_STD 1354696164 LB unisim \
      PH unisim/VCOMPONENTS 1354696165
AR ethernet_v4/GT11_INIT_TX/rtl 1413520275 \
      FL /home/daqdev/work/adl_atlasupstrip/hsio_trunk/ethernet_v4/src/gt11_init_tx.vhd \
      EN ethernet_v4/GT11_INIT_TX 1413520274
FL /home/daqdev/work/adl_atlasupstrip/hsio_trunk/ethernet_v4/src/gt11_to_gt_rxclkcorcnt_shim.vhd 2014/10/02.14:02:53 P.49d
EN ethernet_v4/gt11togt_rxclkcorcnt_shim 1413520262 \
      FL /home/daqdev/work/adl_atlasupstrip/hsio_trunk/ethernet_v4/src/gt11_to_gt_rxclkcorcnt_shim.vhd \
      PB ieee/std_logic_1164 1354696159 PB ieee/NUMERIC_STD 1354696164
AR ethernet_v4/gt11togt_rxclkcorcnt_shim/rtl 1413520263 \
      FL /home/daqdev/work/adl_atlasupstrip/hsio_trunk/ethernet_v4/src/gt11_to_gt_rxclkcorcnt_shim.vhd \
      EN ethernet_v4/gt11togt_rxclkcorcnt_shim 1413520262
FL /home/daqdev/work/adl_atlasupstrip/hsio_trunk/ethernet_v4/src/host_interface.vhd 2014/10/02.14:02:53 P.49d
EN ethernet_v4/host_interface 1413520405 \
      FL /home/daqdev/work/adl_atlasupstrip/hsio_trunk/ethernet_v4/src/host_interface.vhd \
      PB ieee/std_logic_1164 1354696159 PB ieee/std_logic_arith 1354696160 \
      PB ieee/STD_LOGIC_UNSIGNED 1354696162
AR ethernet_v4/host_interface/rtl 1413520406 \
      FL /home/daqdev/work/adl_atlasupstrip/hsio_trunk/ethernet_v4/src/host_interface.vhd \
      EN ethernet_v4/host_interface 1413520405
FL /home/daqdev/work/adl_atlasupstrip/hsio_trunk/ethernet_v4/src/pause_quanta_timer.vhd 2014/10/02.14:02:53 P.49d
EN ethernet_v4/PauseQuantaTimer 1413520479 \
      FL /home/daqdev/work/adl_atlasupstrip/hsio_trunk/ethernet_v4/src/pause_quanta_timer.vhd \
      PB ieee/std_logic_1164 1354696159 PB ieee/std_logic_arith 1354696160 \
      PB ieee/STD_LOGIC_UNSIGNED 1354696162
AR ethernet_v4/PauseQuantaTimer/rtl 1413520480 \
      FL /home/daqdev/work/adl_atlasupstrip/hsio_trunk/ethernet_v4/src/pause_quanta_timer.vhd \
      EN ethernet_v4/PauseQuantaTimer 1413520479
FL /home/daqdev/work/adl_atlasupstrip/hsio_trunk/ethernet_v4/src/rx_client_fifo_16.vhd 2014/10/02.14:02:53 P.49d
EN ethernet_v4/rx_client_fifo_16 1413520272 \
      FL /home/daqdev/work/adl_atlasupstrip/hsio_trunk/ethernet_v4/src/rx_client_fifo_16.vhd \
      LB unisim PH unisim/VCOMPONENTS 1354696165 PB ieee/std_logic_1164 1354696159 \
      PB ieee/STD_LOGIC_UNSIGNED 1354696162 PB ieee/NUMERIC_STD 1354696164
AR ethernet_v4/rx_client_fifo_16/RTL 1413520273 \
      FL /home/daqdev/work/adl_atlasupstrip/hsio_trunk/ethernet_v4/src/rx_client_fifo_16.vhd \
      EN ethernet_v4/rx_client_fifo_16 1413520272 CP RAMB16_S18_S18
FL /home/daqdev/work/adl_atlasupstrip/hsio_trunk/ethernet_v4/src/statword_build.vhd 2014/10/02.14:02:53 P.49d
EN ethernet_v4/statword_build 1413520403 \
      FL /home/daqdev/work/adl_atlasupstrip/hsio_trunk/ethernet_v4/src/statword_build.vhd \
      PB ieee/std_logic_1164 1354696159 PB ieee/std_logic_arith 1354696160 \
      PB ieee/STD_LOGIC_UNSIGNED 1354696162
AR ethernet_v4/statword_build/rtl 1413520404 \
      FL /home/daqdev/work/adl_atlasupstrip/hsio_trunk/ethernet_v4/src/statword_build.vhd \
      EN ethernet_v4/statword_build 1413520403
FL /home/daqdev/work/adl_atlasupstrip/hsio_trunk/ethernet_v4/src/sync_block.vhd 2014/10/02.14:02:53 P.49d
EN ethernet_v4/sync_block 1413520260 \
      FL /home/daqdev/work/adl_atlasupstrip/hsio_trunk/ethernet_v4/src/sync_block.vhd \
      PB ieee/std_logic_1164 1354696159 LB unisim PH unisim/VCOMPONENTS 1354696165
AR ethernet_v4/sync_block/structural 1413520261 \
      FL /home/daqdev/work/adl_atlasupstrip/hsio_trunk/ethernet_v4/src/sync_block.vhd \
      EN ethernet_v4/sync_block 1413520260 CP FD
FL /home/daqdev/work/adl_atlasupstrip/hsio_trunk/ethernet_v4/src/tx_client_fifo_16.vhd 2014/10/02.14:02:53 P.49d
EN ethernet_v4/tx_client_fifo_16 1413520270 \
      FL /home/daqdev/work/adl_atlasupstrip/hsio_trunk/ethernet_v4/src/tx_client_fifo_16.vhd \
      LB unisim PH unisim/VCOMPONENTS 1354696165 PB ieee/std_logic_1164 1354696159 \
      PB ieee/STD_LOGIC_UNSIGNED 1354696162 PB ieee/NUMERIC_STD 1354696164
AR ethernet_v4/tx_client_fifo_16/RTL 1413520271 \
      FL /home/daqdev/work/adl_atlasupstrip/hsio_trunk/ethernet_v4/src/tx_client_fifo_16.vhd \
      EN ethernet_v4/tx_client_fifo_16 1413520270 CP RAMB16_S18_S18
