AR ocb_rawcom rtl /afs/cern.ch/work/l/leejr/SCT/hsio_trunk/ocb/src/ocb_rawcom.vhd sub00/vhpl13 1409951595
AR ocb_echo_watchdog rtl /afs/cern.ch/work/l/leejr/SCT/hsio_trunk/ocb/src/ocb_echo_watchdog.vhd sub00/vhpl15 1409951597
AR ocb_rawsigs rtl /afs/cern.ch/work/l/leejr/SCT/hsio_trunk/ocb/src/ocb_rawsigs.vhd sub00/vhpl09 1409951591
EN ocb_rawseq NULL /afs/cern.ch/work/l/leejr/SCT/hsio_trunk/ocb/src/ocb_rawseq.vhd sub00/vhpl10 1409951592
EN ocb_streams NULL /afs/cern.ch/work/l/leejr/SCT/hsio_trunk/ocb/src/ocb_streams.vhd sub00/vhpl02 1409951584
EN ocb_statread NULL /afs/cern.ch/work/l/leejr/SCT/hsio_trunk/ocb/src/ocb_statread.vhd sub00/vhpl04 1409951586
AR ocb_statread rtl /afs/cern.ch/work/l/leejr/SCT/hsio_trunk/ocb/src/ocb_statread.vhd sub00/vhpl05 1409951587
EN ocb_rawcom NULL /afs/cern.ch/work/l/leejr/SCT/hsio_trunk/ocb/src/ocb_rawcom.vhd sub00/vhpl12 1409951594
AR ocb_streams rtl /afs/cern.ch/work/l/leejr/SCT/hsio_trunk/ocb/src/ocb_streams.vhd sub00/vhpl03 1409951585
EN ocb_echo_watchdog NULL /afs/cern.ch/work/l/leejr/SCT/hsio_trunk/ocb/src/ocb_echo_watchdog.vhd sub00/vhpl14 1409951596
AR ocb_rawseq rtl /afs/cern.ch/work/l/leejr/SCT/hsio_trunk/ocb/src/ocb_rawseq.vhd sub00/vhpl11 1409951593
EN ocb_regblock NULL /afs/cern.ch/work/l/leejr/SCT/hsio_trunk/ocb/src/ocb_regblock.vhd sub00/vhpl06 1409951588
AR ocb_twowire rtl /afs/cern.ch/work/l/leejr/SCT/hsio_trunk/ocb/src/ocb_twowire.vhd sub00/vhpl01 1409951583
EN ocb_rawsigs NULL /afs/cern.ch/work/l/leejr/SCT/hsio_trunk/ocb/src/ocb_rawsigs.vhd sub00/vhpl08 1409951590
EN ocb_twowire NULL /afs/cern.ch/work/l/leejr/SCT/hsio_trunk/ocb/src/ocb_twowire.vhd sub00/vhpl00 1409951582
EN ocb_command NULL /afs/cern.ch/work/l/leejr/SCT/hsio_trunk/ocb/src/ocb_command.vhd sub00/vhpl16 1409951598
AR ocb_regblock rtl /afs/cern.ch/work/l/leejr/SCT/hsio_trunk/ocb/src/ocb_regblock.vhd sub00/vhpl07 1409951589
AR ocb_command rtl /afs/cern.ch/work/l/leejr/SCT/hsio_trunk/ocb/src/ocb_command.vhd sub00/vhpl17 1409951599
