AR ll_mux_ctrl256 rtl /home/daqdev/work/adl_atlasupstrip/hsio_trunk/locallink/src/ll_mux_ctrl256.vhd sub00/vhpl15 1412225911
AR lls_en_zero rtl /home/daqdev/work/adl_atlasupstrip/hsio_trunk/locallink/src/lls_en_zero.vhd sub00/vhpl11 1412225849
EN ll_mux_passive NULL /home/daqdev/work/adl_atlasupstrip/hsio_trunk/locallink/src/ll_mux_passive.vhd sub00/vhpl18 1412225977
AR ll_syncmux256 struct /home/daqdev/work/adl_atlasupstrip/hsio_trunk/locallink/src/ll_syncmux256_struct.vhd sub00/vhpl17 1412225976
EN lls_make NULL /home/daqdev/work/adl_atlasupstrip/hsio_trunk/locallink/src/lls_make.vhd sub00/vhpl20 1412225979
AR lls_zero rtl /home/daqdev/work/adl_atlasupstrip/hsio_trunk/locallink/src/lls_zero.vhd sub00/vhpl09 1412225847
EN ll_ack_gen NULL /home/daqdev/work/adl_atlasupstrip/hsio_trunk/locallink/src/ll_ack_gen.vhd sub00/vhpl06 1412225844
AR ll_ack_gen rtl /home/daqdev/work/adl_atlasupstrip/hsio_trunk/locallink/src/ll_ack_gen.vhd sub00/vhpl07 1412225845
AR lls_make rtl /home/daqdev/work/adl_atlasupstrip/hsio_trunk/locallink/src/lls_make.vhd sub00/vhpl21 1412225980
EN lls_zero NULL /home/daqdev/work/adl_atlasupstrip/hsio_trunk/locallink/src/lls_zero.vhd sub00/vhpl08 1412225846
EN ll_mux_ctrl256 NULL /home/daqdev/work/adl_atlasupstrip/hsio_trunk/locallink/src/ll_mux_ctrl256.vhd sub00/vhpl14 1412225910
EN lls_break NULL /home/daqdev/work/adl_atlasupstrip/hsio_trunk/locallink/src/lls_break.vhd sub00/vhpl22 1412225981
EN ll_syncmux256 NULL /home/daqdev/work/adl_atlasupstrip/hsio_trunk/locallink/src/ll_syncmux256_struct.vhd sub00/vhpl16 1412225975
EN ll_automux NULL /home/daqdev/work/adl_atlasupstrip/hsio_trunk/locallink/src/ll_automux.vhd sub00/vhpl04 1412225842
AR ll_fifo_ack_gen rtl /home/daqdev/work/adl_atlasupstrip/hsio_trunk/locallink/src/ll_fifo_ack_gen.vhd sub00/vhpl03 1412225841
EN ll_fifo_ack_gen NULL /home/daqdev/work/adl_atlasupstrip/hsio_trunk/locallink/src/ll_fifo_ack_gen.vhd sub00/vhpl02 1412225840
AR ll_mux_passive rtl /home/daqdev/work/adl_atlasupstrip/hsio_trunk/locallink/src/ll_mux_passive.vhd sub00/vhpl19 1412225978
AR ll_automux rtl /home/daqdev/work/adl_atlasupstrip/hsio_trunk/locallink/src/ll_automux.vhd sub00/vhpl05 1412225843
EN ll_smx256 NULL /home/daqdev/work/adl_atlasupstrip/hsio_trunk/locallink/src/ll_smx256.vhd sub00/vhpl12 1412225908
AR ll_smx256 rtl /home/daqdev/work/adl_atlasupstrip/hsio_trunk/locallink/src/ll_smx256.vhd sub00/vhpl13 1412225909
EN ll_smx_unit NULL /home/daqdev/work/adl_atlasupstrip/hsio_trunk/locallink/src/ll_smx_unit.vhd sub00/vhpl00 1412225838
AR lls_break rtl /home/daqdev/work/adl_atlasupstrip/hsio_trunk/locallink/src/lls_break.vhd sub00/vhpl23 1412225982
AR ll_smx_unit rtl /home/daqdev/work/adl_atlasupstrip/hsio_trunk/locallink/src/ll_smx_unit.vhd sub00/vhpl01 1412225839
EN lls_en_zero NULL /home/daqdev/work/adl_atlasupstrip/hsio_trunk/locallink/src/lls_en_zero.vhd sub00/vhpl10 1412225848
