AR ll_mux_ctrl256 rtl /home/daqdev/work/adl_atlasupstrip/hsio_trunk/locallink/src/ll_mux_ctrl256.vhd sub00/vhpl15 1412857360
AR lls_en_zero rtl /home/daqdev/work/adl_atlasupstrip/hsio_trunk/locallink/src/lls_en_zero.vhd sub00/vhpl11 1412857298
EN ll_mux_passive NULL /home/daqdev/work/adl_atlasupstrip/hsio_trunk/locallink/src/ll_mux_passive.vhd sub00/vhpl18 1412857426
AR ll_syncmux256 struct /home/daqdev/work/adl_atlasupstrip/hsio_trunk/locallink/src/ll_syncmux256_struct.vhd sub00/vhpl17 1412857425
EN lls_make NULL /home/daqdev/work/adl_atlasupstrip/hsio_trunk/locallink/src/lls_make.vhd sub00/vhpl20 1412857428
AR lls_zero rtl /home/daqdev/work/adl_atlasupstrip/hsio_trunk/locallink/src/lls_zero.vhd sub00/vhpl09 1412857296
EN ll_ack_gen NULL /home/daqdev/work/adl_atlasupstrip/hsio_trunk/locallink/src/ll_ack_gen.vhd sub00/vhpl06 1412857293
AR ll_ack_gen rtl /home/daqdev/work/adl_atlasupstrip/hsio_trunk/locallink/src/ll_ack_gen.vhd sub00/vhpl07 1412857294
AR lls_make rtl /home/daqdev/work/adl_atlasupstrip/hsio_trunk/locallink/src/lls_make.vhd sub00/vhpl21 1412857429
EN lls_zero NULL /home/daqdev/work/adl_atlasupstrip/hsio_trunk/locallink/src/lls_zero.vhd sub00/vhpl08 1412857295
EN ll_mux_ctrl256 NULL /home/daqdev/work/adl_atlasupstrip/hsio_trunk/locallink/src/ll_mux_ctrl256.vhd sub00/vhpl14 1412857359
EN lls_break NULL /home/daqdev/work/adl_atlasupstrip/hsio_trunk/locallink/src/lls_break.vhd sub00/vhpl22 1412857430
EN ll_syncmux256 NULL /home/daqdev/work/adl_atlasupstrip/hsio_trunk/locallink/src/ll_syncmux256_struct.vhd sub00/vhpl16 1412857424
EN ll_automux NULL /home/daqdev/work/adl_atlasupstrip/hsio_trunk/locallink/src/ll_automux.vhd sub00/vhpl04 1412857291
AR ll_fifo_ack_gen rtl /home/daqdev/work/adl_atlasupstrip/hsio_trunk/locallink/src/ll_fifo_ack_gen.vhd sub00/vhpl03 1412857290
EN ll_fifo_ack_gen NULL /home/daqdev/work/adl_atlasupstrip/hsio_trunk/locallink/src/ll_fifo_ack_gen.vhd sub00/vhpl02 1412857289
AR ll_mux_passive rtl /home/daqdev/work/adl_atlasupstrip/hsio_trunk/locallink/src/ll_mux_passive.vhd sub00/vhpl19 1412857427
AR ll_automux rtl /home/daqdev/work/adl_atlasupstrip/hsio_trunk/locallink/src/ll_automux.vhd sub00/vhpl05 1412857292
EN ll_smx256 NULL /home/daqdev/work/adl_atlasupstrip/hsio_trunk/locallink/src/ll_smx256.vhd sub00/vhpl12 1412857357
AR ll_smx256 rtl /home/daqdev/work/adl_atlasupstrip/hsio_trunk/locallink/src/ll_smx256.vhd sub00/vhpl13 1412857358
EN ll_smx_unit NULL /home/daqdev/work/adl_atlasupstrip/hsio_trunk/locallink/src/ll_smx_unit.vhd sub00/vhpl00 1412857287
AR lls_break rtl /home/daqdev/work/adl_atlasupstrip/hsio_trunk/locallink/src/lls_break.vhd sub00/vhpl23 1412857431
AR ll_smx_unit rtl /home/daqdev/work/adl_atlasupstrip/hsio_trunk/locallink/src/ll_smx_unit.vhd sub00/vhpl01 1412857288
EN lls_en_zero NULL /home/daqdev/work/adl_atlasupstrip/hsio_trunk/locallink/src/lls_en_zero.vhd sub00/vhpl10 1412857297
