AR ll_mux_ctrl256 rtl /afs/cern.ch/work/l/leejr/SCT/hsio_trunk/locallink/src/ll_mux_ctrl256.vhd sub00/vhpl15 1410224542
AR lls_en_zero rtl /afs/cern.ch/work/l/leejr/SCT/hsio_trunk/locallink/src/lls_en_zero.vhd sub00/vhpl11 1410224480
EN ll_mux_passive NULL /afs/cern.ch/work/l/leejr/SCT/hsio_trunk/locallink/src/ll_mux_passive.vhd sub00/vhpl18 1410224608
AR ll_syncmux256 struct /afs/cern.ch/work/l/leejr/SCT/hsio_trunk/locallink/src/ll_syncmux256_struct.vhd sub00/vhpl17 1410224607
EN lls_make NULL /afs/cern.ch/work/l/leejr/SCT/hsio_trunk/locallink/src/lls_make.vhd sub00/vhpl20 1410224610
AR lls_zero rtl /afs/cern.ch/work/l/leejr/SCT/hsio_trunk/locallink/src/lls_zero.vhd sub00/vhpl09 1410224478
EN ll_ack_gen NULL /afs/cern.ch/work/l/leejr/SCT/hsio_trunk/locallink/src/ll_ack_gen.vhd sub00/vhpl06 1410224475
AR ll_ack_gen rtl /afs/cern.ch/work/l/leejr/SCT/hsio_trunk/locallink/src/ll_ack_gen.vhd sub00/vhpl07 1410224476
AR lls_make rtl /afs/cern.ch/work/l/leejr/SCT/hsio_trunk/locallink/src/lls_make.vhd sub00/vhpl21 1410224611
EN lls_zero NULL /afs/cern.ch/work/l/leejr/SCT/hsio_trunk/locallink/src/lls_zero.vhd sub00/vhpl08 1410224477
EN ll_mux_ctrl256 NULL /afs/cern.ch/work/l/leejr/SCT/hsio_trunk/locallink/src/ll_mux_ctrl256.vhd sub00/vhpl14 1410224541
EN lls_break NULL /afs/cern.ch/work/l/leejr/SCT/hsio_trunk/locallink/src/lls_break.vhd sub00/vhpl22 1410224612
EN ll_syncmux256 NULL /afs/cern.ch/work/l/leejr/SCT/hsio_trunk/locallink/src/ll_syncmux256_struct.vhd sub00/vhpl16 1410224606
EN ll_automux NULL /afs/cern.ch/work/l/leejr/SCT/hsio_trunk/locallink/src/ll_automux.vhd sub00/vhpl04 1410224473
AR ll_fifo_ack_gen rtl /afs/cern.ch/work/l/leejr/SCT/hsio_trunk/locallink/src/ll_fifo_ack_gen.vhd sub00/vhpl03 1410224472
EN ll_fifo_ack_gen NULL /afs/cern.ch/work/l/leejr/SCT/hsio_trunk/locallink/src/ll_fifo_ack_gen.vhd sub00/vhpl02 1410224471
AR ll_mux_passive rtl /afs/cern.ch/work/l/leejr/SCT/hsio_trunk/locallink/src/ll_mux_passive.vhd sub00/vhpl19 1410224609
AR ll_automux rtl /afs/cern.ch/work/l/leejr/SCT/hsio_trunk/locallink/src/ll_automux.vhd sub00/vhpl05 1410224474
EN ll_smx256 NULL /afs/cern.ch/work/l/leejr/SCT/hsio_trunk/locallink/src/ll_smx256.vhd sub00/vhpl12 1410224539
AR ll_smx256 rtl /afs/cern.ch/work/l/leejr/SCT/hsio_trunk/locallink/src/ll_smx256.vhd sub00/vhpl13 1410224540
EN ll_smx_unit NULL /afs/cern.ch/work/l/leejr/SCT/hsio_trunk/locallink/src/ll_smx_unit.vhd sub00/vhpl00 1410224469
AR lls_break rtl /afs/cern.ch/work/l/leejr/SCT/hsio_trunk/locallink/src/lls_break.vhd sub00/vhpl23 1410224613
AR ll_smx_unit rtl /afs/cern.ch/work/l/leejr/SCT/hsio_trunk/locallink/src/ll_smx_unit.vhd sub00/vhpl01 1410224470
EN lls_en_zero NULL /afs/cern.ch/work/l/leejr/SCT/hsio_trunk/locallink/src/lls_en_zero.vhd sub00/vhpl10 1410224479
