V3 42
FL /home/daqdev/work/adl_atlasupstrip/hsio_trunk/locallink/src/lls_break.vhd 2014/10/02.14:02:53 P.49d
EN locallink/lls_break 1413520443 \
      FL /home/daqdev/work/adl_atlasupstrip/hsio_trunk/locallink/src/lls_break.vhd \
      PB ieee/std_logic_1164 1354696159 PB ieee/std_logic_arith 1354696160 \
      PB ieee/STD_LOGIC_UNSIGNED 1354696162 LB utils PH utils/pkg_types 1413520259
AR locallink/lls_break/rtl 1413520444 \
      FL /home/daqdev/work/adl_atlasupstrip/hsio_trunk/locallink/src/lls_break.vhd \
      EN locallink/lls_break 1413520443
FL /home/daqdev/work/adl_atlasupstrip/hsio_trunk/locallink/src/lls_en_zero.vhd 2014/10/02.14:02:53 P.49d
EN locallink/lls_en_zero 1413520310 \
      FL /home/daqdev/work/adl_atlasupstrip/hsio_trunk/locallink/src/lls_en_zero.vhd \
      PB ieee/std_logic_1164 1354696159 PB ieee/std_logic_arith 1354696160 \
      PB ieee/STD_LOGIC_UNSIGNED 1354696162 LB utils PH utils/pkg_types 1413520259
AR locallink/lls_en_zero/rtl 1413520311 \
      FL /home/daqdev/work/adl_atlasupstrip/hsio_trunk/locallink/src/lls_en_zero.vhd \
      EN locallink/lls_en_zero 1413520310
FL /home/daqdev/work/adl_atlasupstrip/hsio_trunk/locallink/src/lls_make.vhd 2014/10/02.14:02:53 P.49d
EN locallink/lls_make 1413520441 \
      FL /home/daqdev/work/adl_atlasupstrip/hsio_trunk/locallink/src/lls_make.vhd \
      PB ieee/std_logic_1164 1354696159 PB ieee/std_logic_arith 1354696160 \
      PB ieee/STD_LOGIC_UNSIGNED 1354696162 LB utils PH utils/pkg_types 1413520259
AR locallink/lls_make/rtl 1413520442 \
      FL /home/daqdev/work/adl_atlasupstrip/hsio_trunk/locallink/src/lls_make.vhd \
      EN locallink/lls_make 1413520441
FL /home/daqdev/work/adl_atlasupstrip/hsio_trunk/locallink/src/lls_zero.vhd 2014/10/02.14:02:53 P.49d
EN locallink/lls_zero 1413520308 \
      FL /home/daqdev/work/adl_atlasupstrip/hsio_trunk/locallink/src/lls_zero.vhd \
      PB ieee/std_logic_1164 1354696159 PB ieee/std_logic_arith 1354696160 \
      PB ieee/STD_LOGIC_UNSIGNED 1354696162 LB utils PH utils/pkg_types 1413520259
AR locallink/lls_zero/rtl 1413520309 \
      FL /home/daqdev/work/adl_atlasupstrip/hsio_trunk/locallink/src/lls_zero.vhd \
      EN locallink/lls_zero 1413520308
FL /home/daqdev/work/adl_atlasupstrip/hsio_trunk/locallink/src/ll_ack_gen.vhd 2014/10/02.14:02:53 P.49d
EN locallink/ll_ack_gen 1413520306 \
      FL /home/daqdev/work/adl_atlasupstrip/hsio_trunk/locallink/src/ll_ack_gen.vhd \
      PB ieee/std_logic_1164 1354696159 PB ieee/std_logic_arith 1354696160 \
      PB ieee/STD_LOGIC_UNSIGNED 1354696162 LB utils PH utils/pkg_types 1413520259 \
      LB hsio PB hsio/pkg_core_globals 1413520267
AR locallink/ll_ack_gen/rtl 1413520307 \
      FL /home/daqdev/work/adl_atlasupstrip/hsio_trunk/locallink/src/ll_ack_gen.vhd \
      EN locallink/ll_ack_gen 1413520306
FL /home/daqdev/work/adl_atlasupstrip/hsio_trunk/locallink/src/ll_automux.vhd 2014/10/02.14:02:53 P.49d
EN locallink/ll_automux 1413520304 \
      FL /home/daqdev/work/adl_atlasupstrip/hsio_trunk/locallink/src/ll_automux.vhd \
      PB ieee/std_logic_1164 1354696159 PB ieee/std_logic_arith 1354696160 \
      PB ieee/STD_LOGIC_UNSIGNED 1354696162 LB utils PH utils/pkg_types 1413520259
AR locallink/ll_automux/rtl 1413520305 \
      FL /home/daqdev/work/adl_atlasupstrip/hsio_trunk/locallink/src/ll_automux.vhd \
      EN locallink/ll_automux 1413520304
FL /home/daqdev/work/adl_atlasupstrip/hsio_trunk/locallink/src/ll_fifo_ack_gen.vhd 2014/10/02.14:02:53 P.49d
EN locallink/ll_fifo_ack_gen 1413520302 \
      FL /home/daqdev/work/adl_atlasupstrip/hsio_trunk/locallink/src/ll_fifo_ack_gen.vhd \
      PB ieee/std_logic_1164 1354696159 PB ieee/std_logic_arith 1354696160 \
      PB ieee/STD_LOGIC_UNSIGNED 1354696162 LB utils PH utils/pkg_types 1413520259 \
      LB hsio PB hsio/pkg_core_globals 1413520267
AR locallink/ll_fifo_ack_gen/rtl 1413520303 \
      FL /home/daqdev/work/adl_atlasupstrip/hsio_trunk/locallink/src/ll_fifo_ack_gen.vhd \
      EN locallink/ll_fifo_ack_gen 1413520302 CP cg_brfifo_1kx18
FL /home/daqdev/work/adl_atlasupstrip/hsio_trunk/locallink/src/ll_mux_ctrl256.vhd 2014/10/02.14:02:53 P.49d
EN locallink/ll_mux_ctrl256 1413520372 \
      FL /home/daqdev/work/adl_atlasupstrip/hsio_trunk/locallink/src/ll_mux_ctrl256.vhd \
      PB ieee/std_logic_1164 1354696159 PB ieee/std_logic_arith 1354696160 \
      PB ieee/STD_LOGIC_UNSIGNED 1354696162 LB utils PH utils/pkg_types 1413520259 \
      LB hsio PB hsio/pkg_core_globals 1413520267
AR locallink/ll_mux_ctrl256/rtl 1413520373 \
      FL /home/daqdev/work/adl_atlasupstrip/hsio_trunk/locallink/src/ll_mux_ctrl256.vhd \
      EN locallink/ll_mux_ctrl256 1413520372
FL /home/daqdev/work/adl_atlasupstrip/hsio_trunk/locallink/src/ll_mux_passive.vhd 2014/10/02.14:02:53 P.49d
EN locallink/ll_mux_passive 1413520439 \
      FL /home/daqdev/work/adl_atlasupstrip/hsio_trunk/locallink/src/ll_mux_passive.vhd \
      PB ieee/std_logic_1164 1354696159 PB ieee/std_logic_arith 1354696160 \
      PB ieee/STD_LOGIC_UNSIGNED 1354696162
AR locallink/ll_mux_passive/rtl 1413520440 \
      FL /home/daqdev/work/adl_atlasupstrip/hsio_trunk/locallink/src/ll_mux_passive.vhd \
      EN locallink/ll_mux_passive 1413520439
FL /home/daqdev/work/adl_atlasupstrip/hsio_trunk/locallink/src/ll_smx256.vhd 2014/10/02.14:02:53 P.49d
EN locallink/ll_smx256 1413520370 \
      FL /home/daqdev/work/adl_atlasupstrip/hsio_trunk/locallink/src/ll_smx256.vhd \
      PB ieee/std_logic_1164 1354696159 PB ieee/STD_LOGIC_UNSIGNED 1354696162 \
      PB ieee/NUMERIC_STD 1354696164 LB utils PH utils/pkg_types 1413520259 LB hsio \
      PB hsio/pkg_core_globals 1413520267
AR locallink/ll_smx256/rtl 1413520371 \
      FL /home/daqdev/work/adl_atlasupstrip/hsio_trunk/locallink/src/ll_smx256.vhd \
      EN locallink/ll_smx256 1413520370 CP ll_smx_unit
FL /home/daqdev/work/adl_atlasupstrip/hsio_trunk/locallink/src/ll_smx_unit.vhd 2014/10/02.14:02:53 P.49d
EN locallink/ll_smx_unit 1413520300 \
      FL /home/daqdev/work/adl_atlasupstrip/hsio_trunk/locallink/src/ll_smx_unit.vhd \
      PB ieee/std_logic_1164 1354696159 PB ieee/std_logic_arith 1354696160 \
      PB ieee/STD_LOGIC_UNSIGNED 1354696162 LB utils PH utils/pkg_types 1413520259 \
      LB hsio PB hsio/pkg_core_globals 1413520267
AR locallink/ll_smx_unit/rtl 1413520301 \
      FL /home/daqdev/work/adl_atlasupstrip/hsio_trunk/locallink/src/ll_smx_unit.vhd \
      EN locallink/ll_smx_unit 1413520300
FL /home/daqdev/work/adl_atlasupstrip/hsio_trunk/locallink/src/ll_syncmux256_struct.vhd 2014/10/02.14:02:53 P.49d
EN locallink/ll_syncmux256 1413520437 \
      FL /home/daqdev/work/adl_atlasupstrip/hsio_trunk/locallink/src/ll_syncmux256_struct.vhd \
      PB ieee/std_logic_1164 1354696159 PB ieee/std_logic_arith 1354696160 \
      PB ieee/STD_LOGIC_UNSIGNED 1354696162 LB utils PH utils/pkg_types 1413520259 \
      LB hsio PB hsio/pkg_core_globals 1413520267
AR locallink/ll_syncmux256/struct 1413520438 \
      FL /home/daqdev/work/adl_atlasupstrip/hsio_trunk/locallink/src/ll_syncmux256_struct.vhd \
      EN locallink/ll_syncmux256 1413520437 PB ieee/std_logic_1164 1354696159 \
      PB ieee/std_logic_arith 1354696160 PB ieee/STD_LOGIC_UNSIGNED 1354696162 \
      LB utils PH utils/pkg_types 1413520259 LB hsio PB hsio/pkg_core_globals 1413520267 \
      CP ll_mux_ctrl256 CP ll_smx256
