V3 42
FL /home/daqdev/work/adl_atlasupstrip/hsio_trunk/locallink/src/lls_break.vhd 2014/10/02.14:02:53 P.49d
EN locallink/lls_break 1413174996 \
      FL /home/daqdev/work/adl_atlasupstrip/hsio_trunk/locallink/src/lls_break.vhd \
      PB ieee/std_logic_1164 1354696159 PB ieee/std_logic_arith 1354696160 \
      PB ieee/STD_LOGIC_UNSIGNED 1354696162 LB utils PH utils/pkg_types 1413174812
AR locallink/lls_break/rtl 1413174997 \
      FL /home/daqdev/work/adl_atlasupstrip/hsio_trunk/locallink/src/lls_break.vhd \
      EN locallink/lls_break 1413174996
FL /home/daqdev/work/adl_atlasupstrip/hsio_trunk/locallink/src/lls_en_zero.vhd 2014/10/02.14:02:53 P.49d
EN locallink/lls_en_zero 1413174863 \
      FL /home/daqdev/work/adl_atlasupstrip/hsio_trunk/locallink/src/lls_en_zero.vhd \
      PB ieee/std_logic_1164 1354696159 PB ieee/std_logic_arith 1354696160 \
      PB ieee/STD_LOGIC_UNSIGNED 1354696162 LB utils PH utils/pkg_types 1413174812
AR locallink/lls_en_zero/rtl 1413174864 \
      FL /home/daqdev/work/adl_atlasupstrip/hsio_trunk/locallink/src/lls_en_zero.vhd \
      EN locallink/lls_en_zero 1413174863
FL /home/daqdev/work/adl_atlasupstrip/hsio_trunk/locallink/src/lls_make.vhd 2014/10/02.14:02:53 P.49d
EN locallink/lls_make 1413174994 \
      FL /home/daqdev/work/adl_atlasupstrip/hsio_trunk/locallink/src/lls_make.vhd \
      PB ieee/std_logic_1164 1354696159 PB ieee/std_logic_arith 1354696160 \
      PB ieee/STD_LOGIC_UNSIGNED 1354696162 LB utils PH utils/pkg_types 1413174812
AR locallink/lls_make/rtl 1413174995 \
      FL /home/daqdev/work/adl_atlasupstrip/hsio_trunk/locallink/src/lls_make.vhd \
      EN locallink/lls_make 1413174994
FL /home/daqdev/work/adl_atlasupstrip/hsio_trunk/locallink/src/lls_zero.vhd 2014/10/02.14:02:53 P.49d
EN locallink/lls_zero 1413174861 \
      FL /home/daqdev/work/adl_atlasupstrip/hsio_trunk/locallink/src/lls_zero.vhd \
      PB ieee/std_logic_1164 1354696159 PB ieee/std_logic_arith 1354696160 \
      PB ieee/STD_LOGIC_UNSIGNED 1354696162 LB utils PH utils/pkg_types 1413174812
AR locallink/lls_zero/rtl 1413174862 \
      FL /home/daqdev/work/adl_atlasupstrip/hsio_trunk/locallink/src/lls_zero.vhd \
      EN locallink/lls_zero 1413174861
FL /home/daqdev/work/adl_atlasupstrip/hsio_trunk/locallink/src/ll_ack_gen.vhd 2014/10/02.14:02:53 P.49d
EN locallink/ll_ack_gen 1413174859 \
      FL /home/daqdev/work/adl_atlasupstrip/hsio_trunk/locallink/src/ll_ack_gen.vhd \
      PB ieee/std_logic_1164 1354696159 PB ieee/std_logic_arith 1354696160 \
      PB ieee/STD_LOGIC_UNSIGNED 1354696162 LB utils PH utils/pkg_types 1413174812 \
      LB hsio PB hsio/pkg_core_globals 1413174820
AR locallink/ll_ack_gen/rtl 1413174860 \
      FL /home/daqdev/work/adl_atlasupstrip/hsio_trunk/locallink/src/ll_ack_gen.vhd \
      EN locallink/ll_ack_gen 1413174859
FL /home/daqdev/work/adl_atlasupstrip/hsio_trunk/locallink/src/ll_automux.vhd 2014/10/02.14:02:53 P.49d
EN locallink/ll_automux 1413174857 \
      FL /home/daqdev/work/adl_atlasupstrip/hsio_trunk/locallink/src/ll_automux.vhd \
      PB ieee/std_logic_1164 1354696159 PB ieee/std_logic_arith 1354696160 \
      PB ieee/STD_LOGIC_UNSIGNED 1354696162 LB utils PH utils/pkg_types 1413174812
AR locallink/ll_automux/rtl 1413174858 \
      FL /home/daqdev/work/adl_atlasupstrip/hsio_trunk/locallink/src/ll_automux.vhd \
      EN locallink/ll_automux 1413174857
FL /home/daqdev/work/adl_atlasupstrip/hsio_trunk/locallink/src/ll_fifo_ack_gen.vhd 2014/10/02.14:02:53 P.49d
EN locallink/ll_fifo_ack_gen 1413174855 \
      FL /home/daqdev/work/adl_atlasupstrip/hsio_trunk/locallink/src/ll_fifo_ack_gen.vhd \
      PB ieee/std_logic_1164 1354696159 PB ieee/std_logic_arith 1354696160 \
      PB ieee/STD_LOGIC_UNSIGNED 1354696162 LB utils PH utils/pkg_types 1413174812 \
      LB hsio PB hsio/pkg_core_globals 1413174820
AR locallink/ll_fifo_ack_gen/rtl 1413174856 \
      FL /home/daqdev/work/adl_atlasupstrip/hsio_trunk/locallink/src/ll_fifo_ack_gen.vhd \
      EN locallink/ll_fifo_ack_gen 1413174855 CP cg_brfifo_1kx18
FL /home/daqdev/work/adl_atlasupstrip/hsio_trunk/locallink/src/ll_mux_ctrl256.vhd 2014/10/02.14:02:53 P.49d
EN locallink/ll_mux_ctrl256 1413174925 \
      FL /home/daqdev/work/adl_atlasupstrip/hsio_trunk/locallink/src/ll_mux_ctrl256.vhd \
      PB ieee/std_logic_1164 1354696159 PB ieee/std_logic_arith 1354696160 \
      PB ieee/STD_LOGIC_UNSIGNED 1354696162 LB utils PH utils/pkg_types 1413174812 \
      LB hsio PB hsio/pkg_core_globals 1413174820
AR locallink/ll_mux_ctrl256/rtl 1413174926 \
      FL /home/daqdev/work/adl_atlasupstrip/hsio_trunk/locallink/src/ll_mux_ctrl256.vhd \
      EN locallink/ll_mux_ctrl256 1413174925
FL /home/daqdev/work/adl_atlasupstrip/hsio_trunk/locallink/src/ll_mux_passive.vhd 2014/10/02.14:02:53 P.49d
EN locallink/ll_mux_passive 1413174992 \
      FL /home/daqdev/work/adl_atlasupstrip/hsio_trunk/locallink/src/ll_mux_passive.vhd \
      PB ieee/std_logic_1164 1354696159 PB ieee/std_logic_arith 1354696160 \
      PB ieee/STD_LOGIC_UNSIGNED 1354696162
AR locallink/ll_mux_passive/rtl 1413174993 \
      FL /home/daqdev/work/adl_atlasupstrip/hsio_trunk/locallink/src/ll_mux_passive.vhd \
      EN locallink/ll_mux_passive 1413174992
FL /home/daqdev/work/adl_atlasupstrip/hsio_trunk/locallink/src/ll_smx256.vhd 2014/10/02.14:02:53 P.49d
EN locallink/ll_smx256 1413174923 \
      FL /home/daqdev/work/adl_atlasupstrip/hsio_trunk/locallink/src/ll_smx256.vhd \
      PB ieee/std_logic_1164 1354696159 PB ieee/STD_LOGIC_UNSIGNED 1354696162 \
      PB ieee/NUMERIC_STD 1354696164 LB utils PH utils/pkg_types 1413174812 LB hsio \
      PB hsio/pkg_core_globals 1413174820
AR locallink/ll_smx256/rtl 1413174924 \
      FL /home/daqdev/work/adl_atlasupstrip/hsio_trunk/locallink/src/ll_smx256.vhd \
      EN locallink/ll_smx256 1413174923 CP ll_smx_unit
FL /home/daqdev/work/adl_atlasupstrip/hsio_trunk/locallink/src/ll_smx_unit.vhd 2014/10/02.14:02:53 P.49d
EN locallink/ll_smx_unit 1413174853 \
      FL /home/daqdev/work/adl_atlasupstrip/hsio_trunk/locallink/src/ll_smx_unit.vhd \
      PB ieee/std_logic_1164 1354696159 PB ieee/std_logic_arith 1354696160 \
      PB ieee/STD_LOGIC_UNSIGNED 1354696162 LB utils PH utils/pkg_types 1413174812 \
      LB hsio PB hsio/pkg_core_globals 1413174820
AR locallink/ll_smx_unit/rtl 1413174854 \
      FL /home/daqdev/work/adl_atlasupstrip/hsio_trunk/locallink/src/ll_smx_unit.vhd \
      EN locallink/ll_smx_unit 1413174853
FL /home/daqdev/work/adl_atlasupstrip/hsio_trunk/locallink/src/ll_syncmux256_struct.vhd 2014/10/02.14:02:53 P.49d
EN locallink/ll_syncmux256 1413174990 \
      FL /home/daqdev/work/adl_atlasupstrip/hsio_trunk/locallink/src/ll_syncmux256_struct.vhd \
      PB ieee/std_logic_1164 1354696159 PB ieee/std_logic_arith 1354696160 \
      PB ieee/STD_LOGIC_UNSIGNED 1354696162 LB utils PH utils/pkg_types 1413174812 \
      LB hsio PB hsio/pkg_core_globals 1413174820
AR locallink/ll_syncmux256/struct 1413174991 \
      FL /home/daqdev/work/adl_atlasupstrip/hsio_trunk/locallink/src/ll_syncmux256_struct.vhd \
      EN locallink/ll_syncmux256 1413174990 PB ieee/std_logic_1164 1354696159 \
      PB ieee/std_logic_arith 1354696160 PB ieee/STD_LOGIC_UNSIGNED 1354696162 \
      LB utils PH utils/pkg_types 1413174812 LB hsio PB hsio/pkg_core_globals 1413174820 \
      CP ll_mux_ctrl256 CP ll_smx256
