AR idelay_prog rtl /home/daqdev/work/adl_atlasupstrip/hsio_trunk/hsio/src/idelay_prog_rtl.vhd sub00/vhpl39 1412927439
EN hsio_proc_wrapper NULL /home/daqdev/work/adl_atlasupstrip/hsio_trunk/hsio/src/hsio_proc_wrapper.vhd sub00/vhpl84 1412927542
AR trig_tlu_if rtl /home/daqdev/work/adl_atlasupstrip/hsio_trunk/hsio/src/trig_tlu_if.vhd sub00/vhpl18 1412927418
AR disp_binmap rtl /home/daqdev/work/adl_atlasupstrip/hsio_trunk/hsio/src/disp_binmap.vhd sub00/vhpl67 1412927509
AR dio_ibeos_drv struct /home/daqdev/work/adl_atlasupstrip/hsio_trunk/hsio/src/dio_ibeos_drv_struct.vhd sub00/vhpl89 1412927547
EN ro_datagen NULL /home/daqdev/work/adl_atlasupstrip/hsio_trunk/hsio/src/ro_datagen.vhd sub00/vhpl14 1412927365
AR idelay_block struct /home/daqdev/work/adl_atlasupstrip/hsio_trunk/hsio/src/idelay_block_struct.vhd sub00/vhpl61 1412927503
AR clocks_top struct /home/daqdev/work/adl_atlasupstrip/hsio_trunk/hsio/src/clocks_top_struct.vhd sub00/vhpl91 1412927549
AR control_top struct /home/daqdev/work/adl_atlasupstrip/hsio_trunk/hsio/src/control_top_struct.vhd sub00/vhpl71 1412927513
AR slac_tdc_calib rtl /home/daqdev/work/adl_atlasupstrip/hsio_trunk/hsio/src/slac_tdc_calib.vhd sub00/vhpl26 1412927426
AR slac_tdc rtl /home/daqdev/work/adl_atlasupstrip/hsio_trunk/hsio/src/slac_tdc.vhd sub00/vhpl28 1412927428
EN idelay_prog NULL /home/daqdev/work/adl_atlasupstrip/hsio_trunk/hsio/src/idelay_prog_rtl.vhd sub00/vhpl38 1412927438
AR trig_dataenc rtl /home/daqdev/work/adl_atlasupstrip/hsio_trunk/hsio/src/trig_dataenc.vhd sub00/vhpl20 1412927420
EN cg_dcm_80_160 NULL /home/daqdev/work/adl_atlasupstrip/hsio_trunk/hsio/coregen/cg_dcm_80_160.vhd sub00/vhpl74 1412927516
AR ro_datagen rtl /home/daqdev/work/adl_atlasupstrip/hsio_trunk/hsio/src/ro_datagen.vhd sub00/vhpl15 1412927366
EN cg_dcm_125div3 NULL /home/daqdev/work/adl_atlasupstrip/hsio_trunk/hsio/coregen/cg_dcm_125div3.vhd sub00/vhpl78 1412927520
AR hsio_top struct /home/daqdev/work/adl_atlasupstrip/hsio_trunk/hsio/src/hsio_top_struct.vhd sub00/vhpl95 1412927555
AR cg_dcm_125div3 behavioral /home/daqdev/work/adl_atlasupstrip/hsio_trunk/hsio/coregen/cg_dcm_125div3.vhd sub00/vhpl79 1412927521
EN disp_binmap NULL /home/daqdev/work/adl_atlasupstrip/hsio_trunk/hsio/src/disp_binmap.vhd sub00/vhpl66 1412927508
AR dcm_conf rtl /home/daqdev/work/adl_atlasupstrip/hsio_trunk/hsio/src/dcm_conf.vhd sub00/vhpl69 1412927511
EN rx_packet_decoder NULL /home/daqdev/work/adl_atlasupstrip/hsio_trunk/hsio/src/rx_packet_decoder.vhd sub00/vhpl29 1412927429
EN trigger_top NULL /home/daqdev/work/adl_atlasupstrip/hsio_trunk/hsio/src/trigger_top_struct.vhd sub00/vhpl48 1412927490
EN hsio_top NULL /home/daqdev/work/adl_atlasupstrip/hsio_trunk/hsio/src/hsio_top_struct.vhd sub00/vhpl94 1412927554
AR xilinx_reset struct /home/daqdev/work/adl_atlasupstrip/hsio_trunk/hsio/src/xilinx_reset_struct.vhd sub00/vhpl47 1412927489
AR disp_top rtl /home/daqdev/work/adl_atlasupstrip/hsio_trunk/hsio/src/disp_top.vhd sub00/vhpl65 1412927507
AR outsigs_enc_map rtl /home/daqdev/work/adl_atlasupstrip/hsio_trunk/hsio/src/outsigs_enc_map.vhd sub00/vhpl35 1412927435
EN com_decoder NULL /home/daqdev/work/adl_atlasupstrip/hsio_trunk/hsio/src/com_decoder.vhd sub00/vhpl44 1412927444
EN ro_deser NULL /home/daqdev/work/adl_atlasupstrip/hsio_trunk/hsio/src/ro_deser.vhd sub00/vhpl12 1412927363
AR com_decoder rtl /home/daqdev/work/adl_atlasupstrip/hsio_trunk/hsio/src/com_decoder.vhd sub00/vhpl45 1412927445
AR disp_control rtl /home/daqdev/work/adl_atlasupstrip/hsio_trunk/hsio/src/disp_control.vhd sub00/vhpl41 1412927441
AR ro_unit_fifo rtl /home/daqdev/work/adl_atlasupstrip/hsio_trunk/hsio/src/ro_unit_fifo.vhd sub00/vhpl09 1412927360
AR main_top struct /home/daqdev/work/adl_atlasupstrip/hsio_trunk/hsio/src/main_top_struct.vhd sub00/vhpl83 1412927541
EN trig_tlu_if NULL /home/daqdev/work/adl_atlasupstrip/hsio_trunk/hsio/src/trig_tlu_if.vhd sub00/vhpl17 1412927417
EN control_top NULL /home/daqdev/work/adl_atlasupstrip/hsio_trunk/hsio/src/control_top_struct.vhd sub00/vhpl70 1412927512
EN timestamp NULL /home/daqdev/work/adl_atlasupstrip/hsio_trunk/hsio/src/timestamp.vhd sub00/vhpl50 1412927492
EN ro_unit_stat NULL /home/daqdev/work/adl_atlasupstrip/hsio_trunk/hsio/src/ro_unit_stat.vhd sub00/vhpl06 1412927357
EN ro_shiftreg NULL /home/daqdev/work/adl_atlasupstrip/hsio_trunk/hsio/src/ro_shiftreg.vhd sub00/vhpl10 1412927361
EN cg_dcm_4080 NULL /home/daqdev/work/adl_atlasupstrip/hsio_trunk/hsio/coregen/cg_dcm_4080.vhd sub00/vhpl76 1412927518
EN l1_autogen NULL /home/daqdev/work/adl_atlasupstrip/hsio_trunk/hsio/src/l1_autogen.vhd sub00/vhpl36 1412927436
AR ro_unit_stat rtl /home/daqdev/work/adl_atlasupstrip/hsio_trunk/hsio/src/ro_unit_stat.vhd sub00/vhpl07 1412927358
AR ro_unit struct /home/daqdev/work/adl_atlasupstrip/hsio_trunk/hsio/src/ro_unit_struct.vhd sub00/vhpl32 1412927432
EN sct_sim_lfsr NULL /home/daqdev/work/adl_atlasupstrip/hsio_trunk/hsio/src/lfsr.vhd sub00/vhpl02 1412927311
AR net_tx_pktfmt16 rtl /home/daqdev/work/adl_atlasupstrip/hsio_trunk/hsio/src/net_tx_pktfmt16.vhd sub00/vhpl57 1412927499
AR rx_packet_decoder rtl /home/daqdev/work/adl_atlasupstrip/hsio_trunk/hsio/src/rx_packet_decoder.vhd sub00/vhpl30 1412927430
EN trig_burst NULL /home/daqdev/work/adl_atlasupstrip/hsio_trunk/hsio/src/trig_burst.vhd sub00/vhpl21 1412927421
EN xilinx_reset NULL /home/daqdev/work/adl_atlasupstrip/hsio_trunk/hsio/src/xilinx_reset_struct.vhd sub00/vhpl46 1412927488
AR cg_dcm_80_160 behavioral /home/daqdev/work/adl_atlasupstrip/hsio_trunk/hsio/coregen/cg_dcm_80_160.vhd sub00/vhpl75 1412927517
AR slac_tdc_encode rtl /home/daqdev/work/adl_atlasupstrip/hsio_trunk/hsio/src/slac_tdc_encode.vhd sub00/vhpl24 1412927424
AR hsio_proc_wrapper behavioral /home/daqdev/work/adl_atlasupstrip/hsio_trunk/hsio/src/hsio_proc_wrapper.vhd sub00/vhpl85 1412927543
AR ro_spy_unit struct /home/daqdev/work/adl_atlasupstrip/hsio_trunk/hsio/src/ro_spy_unit_struct.vhd sub00/vhpl53 1412927495
EN cg_dcm_80_160_ps NULL /home/daqdev/work/adl_atlasupstrip/hsio_trunk/hsio/coregen/cg_dcm_80_160_ps.vhd sub00/vhpl72 1412927514
AR sct_sim_lfsr rtl /home/daqdev/work/adl_atlasupstrip/hsio_trunk/hsio/src/lfsr.vhd sub00/vhpl03 1412927312
EN slac_tdc NULL /home/daqdev/work/adl_atlasupstrip/hsio_trunk/hsio/src/slac_tdc.vhd sub00/vhpl27 1412927427
EN slac_tdc_calib NULL /home/daqdev/work/adl_atlasupstrip/hsio_trunk/hsio/src/slac_tdc_calib.vhd sub00/vhpl25 1412927425
EN ro_unit NULL /home/daqdev/work/adl_atlasupstrip/hsio_trunk/hsio/src/ro_unit_struct.vhd sub00/vhpl31 1412927431
EN disp_control NULL /home/daqdev/work/adl_atlasupstrip/hsio_trunk/hsio/src/disp_control.vhd sub00/vhpl40 1412927440
EN readout_top NULL /home/daqdev/work/adl_atlasupstrip/hsio_trunk/hsio/src/readout_top_struct.vhd sub00/vhpl54 1412927496
EN dcm_conf NULL /home/daqdev/work/adl_atlasupstrip/hsio_trunk/hsio/src/dcm_conf.vhd sub00/vhpl68 1412927510
AR dio_ibeos_idc struct /home/daqdev/work/adl_atlasupstrip/hsio_trunk/hsio/src/dio_ibeos_idc_struct.vhd sub00/vhpl87 1412927545
PB pkg_core_globals pkg_core_globals /home/daqdev/work/adl_atlasupstrip/hsio_trunk/hsio/src/pkg_core_globals.vhd sub00/vhpl01 1412927310
PH pkg_hsio_globals NULL /home/daqdev/work/adl_atlasupstrip/hsio_trunk/hsio/src/pkg_hsio_globals.vhd sub00/vhpl33 1412927433
EN net_usb_top NULL /home/daqdev/work/adl_atlasupstrip/hsio_trunk/hsio/src/net_usb_top_struct.vhd sub00/vhpl80 1412927538
PH pkg_core_globals NULL /home/daqdev/work/adl_atlasupstrip/hsio_trunk/hsio/src/pkg_core_globals.vhd sub00/vhpl00 1412927309
EN trig_dataenc NULL /home/daqdev/work/adl_atlasupstrip/hsio_trunk/hsio/src/trig_dataenc.vhd sub00/vhpl19 1412927419
AR trigger_top struct /home/daqdev/work/adl_atlasupstrip/hsio_trunk/hsio/src/trigger_top_struct.vhd sub00/vhpl49 1412927491
EN net_rx_pktfmt16 NULL /home/daqdev/work/adl_atlasupstrip/hsio_trunk/hsio/src/net_rx_pktfmt16.vhd sub00/vhpl58 1412927500
EN ro_unit_fifo NULL /home/daqdev/work/adl_atlasupstrip/hsio_trunk/hsio/src/ro_unit_fifo.vhd sub00/vhpl08 1412927359
EN disp_top NULL /home/daqdev/work/adl_atlasupstrip/hsio_trunk/hsio/src/disp_top.vhd sub00/vhpl64 1412927506
AR ro_shiftreg rtl /home/daqdev/work/adl_atlasupstrip/hsio_trunk/hsio/src/ro_shiftreg.vhd sub00/vhpl11 1412927362
EN dio_ibeos_drv NULL /home/daqdev/work/adl_atlasupstrip/hsio_trunk/hsio/src/dio_ibeos_drv_struct.vhd sub00/vhpl88 1412927546
EN slac_tdc_encode NULL /home/daqdev/work/adl_atlasupstrip/hsio_trunk/hsio/src/slac_tdc_encode.vhd sub00/vhpl23 1412927423
AR four_phase rtl /home/daqdev/work/adl_atlasupstrip/hsio_trunk/hsio/src/four_phase.vhd sub00/vhpl63 1412927505
PH disp_characters NULL /home/daqdev/work/adl_atlasupstrip/hsio_trunk/hsio/src/disp_characters.vhd sub00/vhpl16 1412927367
AR net_usb_top struct /home/daqdev/work/adl_atlasupstrip/hsio_trunk/hsio/src/net_usb_top_struct.vhd sub00/vhpl81 1412927539
EN main_top NULL /home/daqdev/work/adl_atlasupstrip/hsio_trunk/hsio/src/main_top_struct.vhd sub00/vhpl82 1412927540
EN data_gen_top NULL /home/daqdev/work/adl_atlasupstrip/hsio_trunk/hsio/src/data_gen_top_struct.vhd sub00/vhpl42 1412927442
EN ro_spy_unit NULL /home/daqdev/work/adl_atlasupstrip/hsio_trunk/hsio/src/ro_spy_unit_struct.vhd sub00/vhpl52 1412927494
EN outsigs_enc_map NULL /home/daqdev/work/adl_atlasupstrip/hsio_trunk/hsio/src/outsigs_enc_map.vhd sub00/vhpl34 1412927434
AR cg_dcm_80_160_ps behavioral /home/daqdev/work/adl_atlasupstrip/hsio_trunk/hsio/coregen/cg_dcm_80_160_ps.vhd sub00/vhpl73 1412927515
EN clocks_main NULL /home/daqdev/work/adl_atlasupstrip/hsio_trunk/hsio/src/clocks_main_struct.vhd sub00/vhpl92 1412927550
AR ro_deser rtl /home/daqdev/work/adl_atlasupstrip/hsio_trunk/hsio/src/ro_deser.vhd sub00/vhpl13 1412927364
AR readout_top struct /home/daqdev/work/adl_atlasupstrip/hsio_trunk/hsio/src/readout_top_struct.vhd sub00/vhpl55 1412927497
EN net_tx_pktfmt16 NULL /home/daqdev/work/adl_atlasupstrip/hsio_trunk/hsio/src/net_tx_pktfmt16.vhd sub00/vhpl56 1412927498
EN four_phase NULL /home/daqdev/work/adl_atlasupstrip/hsio_trunk/hsio/src/four_phase.vhd sub00/vhpl62 1412927504
EN sct_sim_module NULL /home/daqdev/work/adl_atlasupstrip/hsio_trunk/hsio/src/sct_sim_module.vhd sub00/vhpl04 1412927355
EN dio_ibeos_idc NULL /home/daqdev/work/adl_atlasupstrip/hsio_trunk/hsio/src/dio_ibeos_idc_struct.vhd sub00/vhpl86 1412927544
AR l1_autogen rtl /home/daqdev/work/adl_atlasupstrip/hsio_trunk/hsio/src/l1_autogen.vhd sub00/vhpl37 1412927437
AR clocks_main struct /home/daqdev/work/adl_atlasupstrip/hsio_trunk/hsio/src/clocks_main_struct.vhd sub00/vhpl93 1412927551
AR net_rx_pktfmt16 rtl /home/daqdev/work/adl_atlasupstrip/hsio_trunk/hsio/src/net_rx_pktfmt16.vhd sub00/vhpl59 1412927501
AR cg_dcm_4080 behavioral /home/daqdev/work/adl_atlasupstrip/hsio_trunk/hsio/coregen/cg_dcm_4080.vhd sub00/vhpl77 1412927519
AR sct_sim_module rtl /home/daqdev/work/adl_atlasupstrip/hsio_trunk/hsio/src/sct_sim_module.vhd sub00/vhpl05 1412927356
AR data_gen_top struct /home/daqdev/work/adl_atlasupstrip/hsio_trunk/hsio/src/data_gen_top_struct.vhd sub00/vhpl43 1412927443
EN idelay_block NULL /home/daqdev/work/adl_atlasupstrip/hsio_trunk/hsio/src/idelay_block_struct.vhd sub00/vhpl60 1412927502
EN clocks_top NULL /home/daqdev/work/adl_atlasupstrip/hsio_trunk/hsio/src/clocks_top_struct.vhd sub00/vhpl90 1412927548
AR timestamp rtl /home/daqdev/work/adl_atlasupstrip/hsio_trunk/hsio/src/timestamp.vhd sub00/vhpl51 1412927493
AR trig_burst rtl /home/daqdev/work/adl_atlasupstrip/hsio_trunk/hsio/src/trig_burst.vhd sub00/vhpl22 1412927422
