AR idelay_prog rtl /home/daqdev/work/adl_atlasupstrip/hsio_trunk/hsio/src/idelay_prog_rtl.vhd sub00/vhpl39 1413174949
EN hsio_proc_wrapper NULL /home/daqdev/work/adl_atlasupstrip/hsio_trunk/hsio/src/hsio_proc_wrapper.vhd sub00/vhpl84 1413175052
AR trig_tlu_if rtl /home/daqdev/work/adl_atlasupstrip/hsio_trunk/hsio/src/trig_tlu_if.vhd sub00/vhpl18 1413174928
AR disp_binmap rtl /home/daqdev/work/adl_atlasupstrip/hsio_trunk/hsio/src/disp_binmap.vhd sub00/vhpl67 1413175019
AR dio_ibeos_drv struct /home/daqdev/work/adl_atlasupstrip/hsio_trunk/hsio/src/dio_ibeos_drv_struct.vhd sub00/vhpl89 1413175057
EN ro_datagen NULL /home/daqdev/work/adl_atlasupstrip/hsio_trunk/hsio/src/ro_datagen.vhd sub00/vhpl14 1413174875
AR idelay_block struct /home/daqdev/work/adl_atlasupstrip/hsio_trunk/hsio/src/idelay_block_struct.vhd sub00/vhpl61 1413175013
AR clocks_top struct /home/daqdev/work/adl_atlasupstrip/hsio_trunk/hsio/src/clocks_top_struct.vhd sub00/vhpl91 1413175059
AR control_top struct /home/daqdev/work/adl_atlasupstrip/hsio_trunk/hsio/src/control_top_struct.vhd sub00/vhpl71 1413175023
AR slac_tdc_calib rtl /home/daqdev/work/adl_atlasupstrip/hsio_trunk/hsio/src/slac_tdc_calib.vhd sub00/vhpl26 1413174936
AR slac_tdc rtl /home/daqdev/work/adl_atlasupstrip/hsio_trunk/hsio/src/slac_tdc.vhd sub00/vhpl28 1413174938
EN idelay_prog NULL /home/daqdev/work/adl_atlasupstrip/hsio_trunk/hsio/src/idelay_prog_rtl.vhd sub00/vhpl38 1413174948
AR trig_dataenc rtl /home/daqdev/work/adl_atlasupstrip/hsio_trunk/hsio/src/trig_dataenc.vhd sub00/vhpl20 1413174930
EN cg_dcm_80_160 NULL /home/daqdev/work/adl_atlasupstrip/hsio_trunk/hsio/coregen/cg_dcm_80_160.vhd sub00/vhpl74 1413175026
AR ro_datagen rtl /home/daqdev/work/adl_atlasupstrip/hsio_trunk/hsio/src/ro_datagen.vhd sub00/vhpl15 1413174876
EN cg_dcm_125div3 NULL /home/daqdev/work/adl_atlasupstrip/hsio_trunk/hsio/coregen/cg_dcm_125div3.vhd sub00/vhpl78 1413175030
AR hsio_top struct /home/daqdev/work/adl_atlasupstrip/hsio_trunk/hsio/src/hsio_top_struct.vhd sub00/vhpl95 1413175065
AR cg_dcm_125div3 behavioral /home/daqdev/work/adl_atlasupstrip/hsio_trunk/hsio/coregen/cg_dcm_125div3.vhd sub00/vhpl79 1413175031
EN disp_binmap NULL /home/daqdev/work/adl_atlasupstrip/hsio_trunk/hsio/src/disp_binmap.vhd sub00/vhpl66 1413175018
AR dcm_conf rtl /home/daqdev/work/adl_atlasupstrip/hsio_trunk/hsio/src/dcm_conf.vhd sub00/vhpl69 1413175021
EN rx_packet_decoder NULL /home/daqdev/work/adl_atlasupstrip/hsio_trunk/hsio/src/rx_packet_decoder.vhd sub00/vhpl29 1413174939
EN trigger_top NULL /home/daqdev/work/adl_atlasupstrip/hsio_trunk/hsio/src/trigger_top_struct.vhd sub00/vhpl48 1413175000
EN hsio_top NULL /home/daqdev/work/adl_atlasupstrip/hsio_trunk/hsio/src/hsio_top_struct.vhd sub00/vhpl94 1413175064
AR xilinx_reset struct /home/daqdev/work/adl_atlasupstrip/hsio_trunk/hsio/src/xilinx_reset_struct.vhd sub00/vhpl47 1413174999
AR disp_top rtl /home/daqdev/work/adl_atlasupstrip/hsio_trunk/hsio/src/disp_top.vhd sub00/vhpl65 1413175017
AR outsigs_enc_map rtl /home/daqdev/work/adl_atlasupstrip/hsio_trunk/hsio/src/outsigs_enc_map.vhd sub00/vhpl35 1413174945
EN com_decoder NULL /home/daqdev/work/adl_atlasupstrip/hsio_trunk/hsio/src/com_decoder.vhd sub00/vhpl44 1413174954
EN ro_deser NULL /home/daqdev/work/adl_atlasupstrip/hsio_trunk/hsio/src/ro_deser.vhd sub00/vhpl12 1413174873
AR com_decoder rtl /home/daqdev/work/adl_atlasupstrip/hsio_trunk/hsio/src/com_decoder.vhd sub00/vhpl45 1413174955
AR disp_control rtl /home/daqdev/work/adl_atlasupstrip/hsio_trunk/hsio/src/disp_control.vhd sub00/vhpl41 1413174951
AR ro_unit_fifo rtl /home/daqdev/work/adl_atlasupstrip/hsio_trunk/hsio/src/ro_unit_fifo.vhd sub00/vhpl09 1413174870
AR main_top struct /home/daqdev/work/adl_atlasupstrip/hsio_trunk/hsio/src/main_top_struct.vhd sub00/vhpl83 1413175051
EN trig_tlu_if NULL /home/daqdev/work/adl_atlasupstrip/hsio_trunk/hsio/src/trig_tlu_if.vhd sub00/vhpl17 1413174927
EN control_top NULL /home/daqdev/work/adl_atlasupstrip/hsio_trunk/hsio/src/control_top_struct.vhd sub00/vhpl70 1413175022
EN timestamp NULL /home/daqdev/work/adl_atlasupstrip/hsio_trunk/hsio/src/timestamp.vhd sub00/vhpl50 1413175002
EN ro_unit_stat NULL /home/daqdev/work/adl_atlasupstrip/hsio_trunk/hsio/src/ro_unit_stat.vhd sub00/vhpl06 1413174867
EN ro_shiftreg NULL /home/daqdev/work/adl_atlasupstrip/hsio_trunk/hsio/src/ro_shiftreg.vhd sub00/vhpl10 1413174871
EN cg_dcm_4080 NULL /home/daqdev/work/adl_atlasupstrip/hsio_trunk/hsio/coregen/cg_dcm_4080.vhd sub00/vhpl76 1413175028
EN l1_autogen NULL /home/daqdev/work/adl_atlasupstrip/hsio_trunk/hsio/src/l1_autogen.vhd sub00/vhpl36 1413174946
AR ro_unit_stat rtl /home/daqdev/work/adl_atlasupstrip/hsio_trunk/hsio/src/ro_unit_stat.vhd sub00/vhpl07 1413174868
AR ro_unit struct /home/daqdev/work/adl_atlasupstrip/hsio_trunk/hsio/src/ro_unit_struct.vhd sub00/vhpl32 1413174942
EN sct_sim_lfsr NULL /home/daqdev/work/adl_atlasupstrip/hsio_trunk/hsio/src/lfsr.vhd sub00/vhpl02 1413174821
AR net_tx_pktfmt16 rtl /home/daqdev/work/adl_atlasupstrip/hsio_trunk/hsio/src/net_tx_pktfmt16.vhd sub00/vhpl57 1413175009
AR rx_packet_decoder rtl /home/daqdev/work/adl_atlasupstrip/hsio_trunk/hsio/src/rx_packet_decoder.vhd sub00/vhpl30 1413174940
EN trig_burst NULL /home/daqdev/work/adl_atlasupstrip/hsio_trunk/hsio/src/trig_burst.vhd sub00/vhpl21 1413174931
EN xilinx_reset NULL /home/daqdev/work/adl_atlasupstrip/hsio_trunk/hsio/src/xilinx_reset_struct.vhd sub00/vhpl46 1413174998
AR cg_dcm_80_160 behavioral /home/daqdev/work/adl_atlasupstrip/hsio_trunk/hsio/coregen/cg_dcm_80_160.vhd sub00/vhpl75 1413175027
AR slac_tdc_encode rtl /home/daqdev/work/adl_atlasupstrip/hsio_trunk/hsio/src/slac_tdc_encode.vhd sub00/vhpl24 1413174934
AR hsio_proc_wrapper behavioral /home/daqdev/work/adl_atlasupstrip/hsio_trunk/hsio/src/hsio_proc_wrapper.vhd sub00/vhpl85 1413175053
AR ro_spy_unit struct /home/daqdev/work/adl_atlasupstrip/hsio_trunk/hsio/src/ro_spy_unit_struct.vhd sub00/vhpl53 1413175005
EN cg_dcm_80_160_ps NULL /home/daqdev/work/adl_atlasupstrip/hsio_trunk/hsio/coregen/cg_dcm_80_160_ps.vhd sub00/vhpl72 1413175024
AR sct_sim_lfsr rtl /home/daqdev/work/adl_atlasupstrip/hsio_trunk/hsio/src/lfsr.vhd sub00/vhpl03 1413174822
EN slac_tdc NULL /home/daqdev/work/adl_atlasupstrip/hsio_trunk/hsio/src/slac_tdc.vhd sub00/vhpl27 1413174937
EN slac_tdc_calib NULL /home/daqdev/work/adl_atlasupstrip/hsio_trunk/hsio/src/slac_tdc_calib.vhd sub00/vhpl25 1413174935
EN ro_unit NULL /home/daqdev/work/adl_atlasupstrip/hsio_trunk/hsio/src/ro_unit_struct.vhd sub00/vhpl31 1413174941
EN disp_control NULL /home/daqdev/work/adl_atlasupstrip/hsio_trunk/hsio/src/disp_control.vhd sub00/vhpl40 1413174950
EN readout_top NULL /home/daqdev/work/adl_atlasupstrip/hsio_trunk/hsio/src/readout_top_struct.vhd sub00/vhpl54 1413175006
EN dcm_conf NULL /home/daqdev/work/adl_atlasupstrip/hsio_trunk/hsio/src/dcm_conf.vhd sub00/vhpl68 1413175020
AR dio_ibeos_idc struct /home/daqdev/work/adl_atlasupstrip/hsio_trunk/hsio/src/dio_ibeos_idc_struct.vhd sub00/vhpl87 1413175055
PB pkg_core_globals pkg_core_globals /home/daqdev/work/adl_atlasupstrip/hsio_trunk/hsio/src/pkg_core_globals.vhd sub00/vhpl01 1413174820
PH pkg_hsio_globals NULL /home/daqdev/work/adl_atlasupstrip/hsio_trunk/hsio/src/pkg_hsio_globals.vhd sub00/vhpl33 1413174943
EN net_usb_top NULL /home/daqdev/work/adl_atlasupstrip/hsio_trunk/hsio/src/net_usb_top_struct.vhd sub00/vhpl80 1413175048
PH pkg_core_globals NULL /home/daqdev/work/adl_atlasupstrip/hsio_trunk/hsio/src/pkg_core_globals.vhd sub00/vhpl00 1413174819
EN trig_dataenc NULL /home/daqdev/work/adl_atlasupstrip/hsio_trunk/hsio/src/trig_dataenc.vhd sub00/vhpl19 1413174929
AR trigger_top struct /home/daqdev/work/adl_atlasupstrip/hsio_trunk/hsio/src/trigger_top_struct.vhd sub00/vhpl49 1413175001
EN net_rx_pktfmt16 NULL /home/daqdev/work/adl_atlasupstrip/hsio_trunk/hsio/src/net_rx_pktfmt16.vhd sub00/vhpl58 1413175010
EN ro_unit_fifo NULL /home/daqdev/work/adl_atlasupstrip/hsio_trunk/hsio/src/ro_unit_fifo.vhd sub00/vhpl08 1413174869
EN disp_top NULL /home/daqdev/work/adl_atlasupstrip/hsio_trunk/hsio/src/disp_top.vhd sub00/vhpl64 1413175016
AR ro_shiftreg rtl /home/daqdev/work/adl_atlasupstrip/hsio_trunk/hsio/src/ro_shiftreg.vhd sub00/vhpl11 1413174872
EN dio_ibeos_drv NULL /home/daqdev/work/adl_atlasupstrip/hsio_trunk/hsio/src/dio_ibeos_drv_struct.vhd sub00/vhpl88 1413175056
EN slac_tdc_encode NULL /home/daqdev/work/adl_atlasupstrip/hsio_trunk/hsio/src/slac_tdc_encode.vhd sub00/vhpl23 1413174933
AR four_phase rtl /home/daqdev/work/adl_atlasupstrip/hsio_trunk/hsio/src/four_phase.vhd sub00/vhpl63 1413175015
PH disp_characters NULL /home/daqdev/work/adl_atlasupstrip/hsio_trunk/hsio/src/disp_characters.vhd sub00/vhpl16 1413174877
AR net_usb_top struct /home/daqdev/work/adl_atlasupstrip/hsio_trunk/hsio/src/net_usb_top_struct.vhd sub00/vhpl81 1413175049
EN main_top NULL /home/daqdev/work/adl_atlasupstrip/hsio_trunk/hsio/src/main_top_struct.vhd sub00/vhpl82 1413175050
EN data_gen_top NULL /home/daqdev/work/adl_atlasupstrip/hsio_trunk/hsio/src/data_gen_top_struct.vhd sub00/vhpl42 1413174952
EN ro_spy_unit NULL /home/daqdev/work/adl_atlasupstrip/hsio_trunk/hsio/src/ro_spy_unit_struct.vhd sub00/vhpl52 1413175004
EN outsigs_enc_map NULL /home/daqdev/work/adl_atlasupstrip/hsio_trunk/hsio/src/outsigs_enc_map.vhd sub00/vhpl34 1413174944
AR cg_dcm_80_160_ps behavioral /home/daqdev/work/adl_atlasupstrip/hsio_trunk/hsio/coregen/cg_dcm_80_160_ps.vhd sub00/vhpl73 1413175025
EN clocks_main NULL /home/daqdev/work/adl_atlasupstrip/hsio_trunk/hsio/src/clocks_main_struct.vhd sub00/vhpl92 1413175060
AR ro_deser rtl /home/daqdev/work/adl_atlasupstrip/hsio_trunk/hsio/src/ro_deser.vhd sub00/vhpl13 1413174874
AR readout_top struct /home/daqdev/work/adl_atlasupstrip/hsio_trunk/hsio/src/readout_top_struct.vhd sub00/vhpl55 1413175007
EN net_tx_pktfmt16 NULL /home/daqdev/work/adl_atlasupstrip/hsio_trunk/hsio/src/net_tx_pktfmt16.vhd sub00/vhpl56 1413175008
EN four_phase NULL /home/daqdev/work/adl_atlasupstrip/hsio_trunk/hsio/src/four_phase.vhd sub00/vhpl62 1413175014
EN sct_sim_module NULL /home/daqdev/work/adl_atlasupstrip/hsio_trunk/hsio/src/sct_sim_module.vhd sub00/vhpl04 1413174865
EN dio_ibeos_idc NULL /home/daqdev/work/adl_atlasupstrip/hsio_trunk/hsio/src/dio_ibeos_idc_struct.vhd sub00/vhpl86 1413175054
AR l1_autogen rtl /home/daqdev/work/adl_atlasupstrip/hsio_trunk/hsio/src/l1_autogen.vhd sub00/vhpl37 1413174947
AR clocks_main struct /home/daqdev/work/adl_atlasupstrip/hsio_trunk/hsio/src/clocks_main_struct.vhd sub00/vhpl93 1413175061
AR net_rx_pktfmt16 rtl /home/daqdev/work/adl_atlasupstrip/hsio_trunk/hsio/src/net_rx_pktfmt16.vhd sub00/vhpl59 1413175011
AR cg_dcm_4080 behavioral /home/daqdev/work/adl_atlasupstrip/hsio_trunk/hsio/coregen/cg_dcm_4080.vhd sub00/vhpl77 1413175029
AR sct_sim_module rtl /home/daqdev/work/adl_atlasupstrip/hsio_trunk/hsio/src/sct_sim_module.vhd sub00/vhpl05 1413174866
AR data_gen_top struct /home/daqdev/work/adl_atlasupstrip/hsio_trunk/hsio/src/data_gen_top_struct.vhd sub00/vhpl43 1413174953
EN idelay_block NULL /home/daqdev/work/adl_atlasupstrip/hsio_trunk/hsio/src/idelay_block_struct.vhd sub00/vhpl60 1413175012
EN clocks_top NULL /home/daqdev/work/adl_atlasupstrip/hsio_trunk/hsio/src/clocks_top_struct.vhd sub00/vhpl90 1413175058
AR timestamp rtl /home/daqdev/work/adl_atlasupstrip/hsio_trunk/hsio/src/timestamp.vhd sub00/vhpl51 1413175003
AR trig_burst rtl /home/daqdev/work/adl_atlasupstrip/hsio_trunk/hsio/src/trig_burst.vhd sub00/vhpl22 1413174932
