V3 265
FL /home/daqdev/work/adl_atlasupstrip/hsio_trunk/hsio/coregen/cg_dcm_125div3.vhd 2014/10/02.14:02:53 P.49d
EN hsio/cg_dcm_125div3 1412927520 \
      FL /home/daqdev/work/adl_atlasupstrip/hsio_trunk/hsio/coregen/cg_dcm_125div3.vhd \
      PB ieee/std_logic_1164 1354696159 PB ieee/NUMERIC_STD 1354696164 LB UNISIM \
      PH unisim/VCOMPONENTS 1354696165
AR hsio/cg_dcm_125div3/BEHAVIORAL 1412927521 \
      FL /home/daqdev/work/adl_atlasupstrip/hsio_trunk/hsio/coregen/cg_dcm_125div3.vhd \
      EN hsio/cg_dcm_125div3 1412927520 CP BUFG CP DCM_ADV CP PMCD
FL /home/daqdev/work/adl_atlasupstrip/hsio_trunk/hsio/coregen/cg_dcm_4080.vhd 2014/10/02.14:02:53 P.49d
EN hsio/cg_dcm_4080 1412927518 \
      FL /home/daqdev/work/adl_atlasupstrip/hsio_trunk/hsio/coregen/cg_dcm_4080.vhd \
      PB ieee/std_logic_1164 1354696159 PB ieee/NUMERIC_STD 1354696164 LB UNISIM \
      PH unisim/VCOMPONENTS 1354696165
AR hsio/cg_dcm_4080/BEHAVIORAL 1412927519 \
      FL /home/daqdev/work/adl_atlasupstrip/hsio_trunk/hsio/coregen/cg_dcm_4080.vhd \
      EN hsio/cg_dcm_4080 1412927518 CP BUFG CP DCM_ADV
FL /home/daqdev/work/adl_atlasupstrip/hsio_trunk/hsio/coregen/cg_dcm_80_160.vhd 2014/10/02.14:02:53 P.49d
EN hsio/cg_dcm_80_160 1412927516 \
      FL /home/daqdev/work/adl_atlasupstrip/hsio_trunk/hsio/coregen/cg_dcm_80_160.vhd \
      PB ieee/std_logic_1164 1354696159 PB ieee/NUMERIC_STD 1354696164 LB UNISIM \
      PH unisim/VCOMPONENTS 1354696165
AR hsio/cg_dcm_80_160/BEHAVIORAL 1412927517 \
      FL /home/daqdev/work/adl_atlasupstrip/hsio_trunk/hsio/coregen/cg_dcm_80_160.vhd \
      EN hsio/cg_dcm_80_160 1412927516 CP BUFG CP DCM_ADV
FL /home/daqdev/work/adl_atlasupstrip/hsio_trunk/hsio/coregen/cg_dcm_80_160_ps.vhd 2014/10/02.14:02:53 P.49d
EN hsio/cg_dcm_80_160_ps 1412927514 \
      FL /home/daqdev/work/adl_atlasupstrip/hsio_trunk/hsio/coregen/cg_dcm_80_160_ps.vhd \
      PB ieee/std_logic_1164 1354696159 PB ieee/NUMERIC_STD 1354696164 LB UNISIM \
      PH unisim/VCOMPONENTS 1354696165
AR hsio/cg_dcm_80_160_ps/BEHAVIORAL 1412927515 \
      FL /home/daqdev/work/adl_atlasupstrip/hsio_trunk/hsio/coregen/cg_dcm_80_160_ps.vhd \
      EN hsio/cg_dcm_80_160_ps 1412927514 CP BUFG CP DCM_ADV
FL /home/daqdev/work/adl_atlasupstrip/hsio_trunk/hsio/src/clocks_main_struct.vhd 2014/10/02.14:02:53 P.49d
EN hsio/clocks_main 1412927550 \
      FL /home/daqdev/work/adl_atlasupstrip/hsio_trunk/hsio/src/clocks_main_struct.vhd \
      PB ieee/std_logic_1164 1354696159 PB ieee/std_logic_arith 1354696160 \
      PB ieee/STD_LOGIC_UNSIGNED 1354696162 LB utils PH utils/pkg_types 1412927302 \
      LB hsio PB hsio/pkg_core_globals 1412927310
AR hsio/clocks_main/struct 1412927551 \
      FL /home/daqdev/work/adl_atlasupstrip/hsio_trunk/hsio/src/clocks_main_struct.vhd \
      EN hsio/clocks_main 1412927550 PB ieee/std_logic_1164 1354696159 \
      PB ieee/std_logic_arith 1354696160 PB ieee/STD_LOGIC_UNSIGNED 1354696162 \
      PB ieee/NUMERIC_STD 1354696164 LB UNISIM LB utils PH utils/pkg_types 1412927302 \
      LB hsio PB hsio/pkg_core_globals 1412927310 PH hsio/pkg_hsio_globals 1412927433 \
      CP cg_dcm_80_160_ps CP dcm_conf CP xilinx_reset CP BUFGCTRL CP m_power
FL /home/daqdev/work/adl_atlasupstrip/hsio_trunk/hsio/src/clocks_top_struct.vhd 2014/10/02.14:02:53 P.49d
EN hsio/clocks_top 1412927548 \
      FL /home/daqdev/work/adl_atlasupstrip/hsio_trunk/hsio/src/clocks_top_struct.vhd \
      PB ieee/std_logic_1164 1354696159 PB ieee/std_logic_arith 1354696160 \
      PB ieee/STD_LOGIC_UNSIGNED 1354696162 LB hsio PB hsio/pkg_core_globals 1412927310
AR hsio/clocks_top/struct 1412927549 \
      FL /home/daqdev/work/adl_atlasupstrip/hsio_trunk/hsio/src/clocks_top_struct.vhd \
      EN hsio/clocks_top 1412927548 PB ieee/std_logic_1164 1354696159 \
      PB ieee/std_logic_arith 1354696160 PB ieee/STD_LOGIC_UNSIGNED 1354696162 \
      PB ieee/NUMERIC_STD 1354696164 LB UNISIM PH unisim/VCOMPONENTS 1354696165 \
      LB utils PH utils/pkg_types 1412927302 LB hsio PB hsio/pkg_core_globals 1412927310 \
      PH hsio/pkg_hsio_globals 1412927433 CP cg_dcm_125div3 CP cg_dcm_4080 \
      CP cg_dcm_80_160 CP xilinx_reset CP BUFG CP BUFGCTRL CP BUFGMUX_VIRTEX4 \
      CP IDELAYCTRL CP count_delay CP edge_detect CP m_power CP pipeline \
      CP strobe40_gen
FL /home/daqdev/work/adl_atlasupstrip/hsio_trunk/hsio/src/com_decoder.vhd 2014/10/02.14:02:53 P.49d
EN hsio/com_decoder 1412927444 \
      FL /home/daqdev/work/adl_atlasupstrip/hsio_trunk/hsio/src/com_decoder.vhd \
      PB ieee/std_logic_1164 1354696159 PB ieee/std_logic_arith 1354696160 \
      PB ieee/STD_LOGIC_UNSIGNED 1354696162
AR hsio/com_decoder/rtl 1412927445 \
      FL /home/daqdev/work/adl_atlasupstrip/hsio_trunk/hsio/src/com_decoder.vhd \
      EN hsio/com_decoder 1412927444
FL /home/daqdev/work/adl_atlasupstrip/hsio_trunk/hsio/src/control_top_struct.vhd 2014/10/10.15:35:25 P.49d
EN hsio/control_top 1412927512 \
      FL /home/daqdev/work/adl_atlasupstrip/hsio_trunk/hsio/src/control_top_struct.vhd \
      PB ieee/std_logic_1164 1354696159 PB ieee/std_logic_arith 1354696160 \
      PB ieee/STD_LOGIC_UNSIGNED 1354696162 LB utils PH utils/pkg_types 1412927302 \
      LB hsio PB hsio/pkg_core_globals 1412927310
AR hsio/control_top/struct 1412927513 \
      FL /home/daqdev/work/adl_atlasupstrip/hsio_trunk/hsio/src/control_top_struct.vhd \
      EN hsio/control_top 1412927512 PB ieee/std_logic_1164 1354696159 \
      PB ieee/std_logic_arith 1354696160 PB ieee/STD_LOGIC_UNSIGNED 1354696162 \
      LB utils PH utils/pkg_types 1412927302 LB hsio PB hsio/pkg_core_globals 1412927310 \
      PB ieee/NUMERIC_STD 1354696164 CP rx_packet_decoder CP idelay_prog \
      CP ocb_command CP ocb_echo_watchdog CP ocb_rawseq CP ocb_rawsigs \
      CP ocb_regblock CP ocb_statread CP ocb_streams CP ocb_twowire CP ocb_rawcom \
      CP ocb_sink
FL /home/daqdev/work/adl_atlasupstrip/hsio_trunk/hsio/src/data_gen_top_struct.vhd 2014/10/02.14:02:53 P.49d
EN hsio/data_gen_top 1412927442 \
      FL /home/daqdev/work/adl_atlasupstrip/hsio_trunk/hsio/src/data_gen_top_struct.vhd \
      PB ieee/std_logic_1164 1354696159 PB ieee/std_logic_arith 1354696160 \
      PB ieee/STD_LOGIC_UNSIGNED 1354696162 LB utils PH utils/pkg_types 1412927302 \
      LB hsio PB hsio/pkg_core_globals 1412927310
AR hsio/data_gen_top/struct 1412927443 \
      FL /home/daqdev/work/adl_atlasupstrip/hsio_trunk/hsio/src/data_gen_top_struct.vhd \
      EN hsio/data_gen_top 1412927442 PB ieee/std_logic_1164 1354696159 \
      PB ieee/std_logic_arith 1354696160 PB ieee/STD_LOGIC_UNSIGNED 1354696162 \
      LB utils PH utils/pkg_types 1412927302 LB hsio PB hsio/pkg_core_globals 1412927310 \
      CP ro_datagen CP sct_sim_module CP ro13_datagen CP ro13_datagen80 CP m_power
FL /home/daqdev/work/adl_atlasupstrip/hsio_trunk/hsio/src/dcm_conf.vhd 2014/10/02.14:02:53 P.49d
EN hsio/dcm_conf 1412927510 \
      FL /home/daqdev/work/adl_atlasupstrip/hsio_trunk/hsio/src/dcm_conf.vhd \
      PB ieee/std_logic_1164 1354696159 PB ieee/std_logic_arith 1354696160 \
      PB ieee/STD_LOGIC_UNSIGNED 1354696162 LB utils PH utils/pkg_types 1412927302 \
      LB hsio PH hsio/pkg_hsio_globals 1412927433
AR hsio/dcm_conf/rtl 1412927511 \
      FL /home/daqdev/work/adl_atlasupstrip/hsio_trunk/hsio/src/dcm_conf.vhd \
      EN hsio/dcm_conf 1412927510
FL /home/daqdev/work/adl_atlasupstrip/hsio_trunk/hsio/src/dio_ibeos_drv_struct.vhd 2014/10/02.14:02:53 P.49d
EN hsio/dio_ibeos_drv 1412927546 \
      FL /home/daqdev/work/adl_atlasupstrip/hsio_trunk/hsio/src/dio_ibeos_drv_struct.vhd \
      PB ieee/std_logic_1164 1354696159 PB ieee/std_logic_arith 1354696160 \
      PB ieee/STD_LOGIC_UNSIGNED 1354696162 LB utils PH utils/pkg_types 1412927302 \
      LB hsio PB hsio/pkg_core_globals 1412927310
AR hsio/dio_ibeos_drv/struct 1412927547 \
      FL /home/daqdev/work/adl_atlasupstrip/hsio_trunk/hsio/src/dio_ibeos_drv_struct.vhd \
      EN hsio/dio_ibeos_drv 1412927546 PB ieee/std_logic_1164 1354696159 \
      PB ieee/std_logic_arith 1354696160 PB ieee/STD_LOGIC_UNSIGNED 1354696162 \
      LB utils PH utils/pkg_types 1412927302 LB hsio PB hsio/pkg_core_globals 1412927310 \
      LB UNISIM PH unisim/VCOMPONENTS 1354696165 CP idelay_block CP IBUFDS CP OBUFDS \
      CP ODDR CP m_power
FL /home/daqdev/work/adl_atlasupstrip/hsio_trunk/hsio/src/dio_ibeos_idc_struct.vhd 2014/10/02.14:02:53 P.49d
EN hsio/dio_ibeos_idc 1412927544 \
      FL /home/daqdev/work/adl_atlasupstrip/hsio_trunk/hsio/src/dio_ibeos_idc_struct.vhd \
      PB ieee/std_logic_1164 1354696159 PB ieee/std_logic_arith 1354696160 \
      PB ieee/STD_LOGIC_UNSIGNED 1354696162 LB utils PH utils/pkg_types 1412927302 \
      LB hsio PB hsio/pkg_core_globals 1412927310
AR hsio/dio_ibeos_idc/struct 1412927545 \
      FL /home/daqdev/work/adl_atlasupstrip/hsio_trunk/hsio/src/dio_ibeos_idc_struct.vhd \
      EN hsio/dio_ibeos_idc 1412927544 PB ieee/std_logic_1164 1354696159 \
      PB ieee/std_logic_arith 1354696160 PB ieee/STD_LOGIC_UNSIGNED 1354696162 \
      LB utils PH utils/pkg_types 1412927302 LB hsio PB hsio/pkg_core_globals 1412927310 \
      LB UNISIM PH unisim/VCOMPONENTS 1354696165 CP four_phase CP IBUFDS CP OBUFDS \
      CP ODDR CP m_power CP idelay_block
FL /home/daqdev/work/adl_atlasupstrip/hsio_trunk/hsio/src/disp_binmap.vhd 2014/10/02.14:02:53 P.49d
EN hsio/disp_binmap 1412927508 \
      FL /home/daqdev/work/adl_atlasupstrip/hsio_trunk/hsio/src/disp_binmap.vhd \
      LB UNISIM PB ieee/std_logic_1164 1354696159 PB ieee/std_logic_arith 1354696160 \
      PB ieee/STD_LOGIC_UNSIGNED 1354696162
AR hsio/disp_binmap/rtl 1412927509 \
      FL /home/daqdev/work/adl_atlasupstrip/hsio_trunk/hsio/src/disp_binmap.vhd \
      EN hsio/disp_binmap 1412927508
FL /home/daqdev/work/adl_atlasupstrip/hsio_trunk/hsio/src/disp_characters.vhd 2014/10/02.14:02:53 P.49d
PH hsio/disp_characters 1412927367 \
      FL /home/daqdev/work/adl_atlasupstrip/hsio_trunk/hsio/src/disp_characters.vhd \
      PB ieee/std_logic_1164 1354696159
FL /home/daqdev/work/adl_atlasupstrip/hsio_trunk/hsio/src/disp_control.vhd 2014/10/02.14:02:53 P.49d
EN hsio/disp_control 1412927440 \
      FL /home/daqdev/work/adl_atlasupstrip/hsio_trunk/hsio/src/disp_control.vhd \
      LB UNISIM PB ieee/std_logic_1164 1354696159 PB ieee/std_logic_arith 1354696160 \
      PB ieee/STD_LOGIC_UNSIGNED 1354696162 LB hsio PH hsio/disp_characters 1412927367
AR hsio/disp_control/rtl 1412927441 \
      FL /home/daqdev/work/adl_atlasupstrip/hsio_trunk/hsio/src/disp_control.vhd \
      EN hsio/disp_control 1412927440
FL /home/daqdev/work/adl_atlasupstrip/hsio_trunk/hsio/src/disp_top.vhd 2014/10/02.14:02:53 P.49d
EN hsio/disp_top 1412927506 \
      FL /home/daqdev/work/adl_atlasupstrip/hsio_trunk/hsio/src/disp_top.vhd \
      PB ieee/std_logic_1164 1354696159 PB ieee/std_logic_arith 1354696160 \
      PB ieee/STD_LOGIC_UNSIGNED 1354696162
AR hsio/disp_top/rtl 1412927507 \
      FL /home/daqdev/work/adl_atlasupstrip/hsio_trunk/hsio/src/disp_top.vhd \
      EN hsio/disp_top 1412927506 CP disp_control
FL /home/daqdev/work/adl_atlasupstrip/hsio_trunk/hsio/src/four_phase.vhd 2014/10/02.14:02:53 P.49d
EN hsio/four_phase 1412927504 \
      FL /home/daqdev/work/adl_atlasupstrip/hsio_trunk/hsio/src/four_phase.vhd \
      PB ieee/std_logic_1164 1354696159 PB ieee/std_logic_arith 1354696160 \
      PB ieee/STD_LOGIC_UNSIGNED 1354696162
AR hsio/four_phase/rtl 1412927505 \
      FL /home/daqdev/work/adl_atlasupstrip/hsio_trunk/hsio/src/four_phase.vhd \
      EN hsio/four_phase 1412927504
FL /home/daqdev/work/adl_atlasupstrip/hsio_trunk/hsio/src/hsio_proc_wrapper.vhd 2014/10/02.14:02:53 P.49d
EN hsio/hsio_proc_wrapper 1412927542 \
      FL /home/daqdev/work/adl_atlasupstrip/hsio_trunk/hsio/src/hsio_proc_wrapper.vhd \
      PB ieee/std_logic_1164 1354696159 PB ieee/std_logic_arith 1354696160 \
      PB ieee/STD_LOGIC_UNSIGNED 1354696162 LB hsio PH hsio/pkg_hsio_globals 1412927433
AR hsio/hsio_proc_wrapper/Behavioral 1412927543 \
      FL /home/daqdev/work/adl_atlasupstrip/hsio_trunk/hsio/src/hsio_proc_wrapper.vhd \
      EN hsio/hsio_proc_wrapper 1412927542
FL /home/daqdev/work/adl_atlasupstrip/hsio_trunk/hsio/src/hsio_top_struct.vhd 2014/10/10.18:16:19 P.49d
EN hsio/hsio_top 1412927554 \
      FL /home/daqdev/work/adl_atlasupstrip/hsio_trunk/hsio/src/hsio_top_struct.vhd \
      PB ieee/std_logic_1164 1354696159 PB ieee/std_logic_arith 1354696160 \
      PB ieee/STD_LOGIC_UNSIGNED 1354696162 LB hsio PH hsio/pkg_hsio_globals 1412927433
AR hsio/hsio_top/struct 1412927555 \
      FL /home/daqdev/work/adl_atlasupstrip/hsio_trunk/hsio/src/hsio_top_struct.vhd \
      EN hsio/hsio_top 1412927554 PB ieee/std_logic_1164 1354696159 \
      PB ieee/std_logic_arith 1354696160 PB ieee/STD_LOGIC_UNSIGNED 1354696162 \
      PB ieee/NUMERIC_STD 1354696164 LB UNISIM PH unisim/VCOMPONENTS 1354696165 \
      LB utils PH utils/pkg_types 1412927302 LB hsio PB hsio/pkg_core_globals 1412927310 \
      CP clocks_main CP clocks_top CP dio_ibeos_drv CP dio_ibeos_idc \
      CP hsio_proc_wrapper CP main_top CP net_usb_top CP BUFG CP GT11CLK_MGT \
      CP IBUFDS CP IBUFGDS CP OBUFDS CP ODDR CP PULLUP CP twowire_tri CP onewire_tri \
      CP a13_drv_hsio_top
FL /home/daqdev/work/adl_atlasupstrip/hsio_trunk/hsio/src/idelay_block_struct.vhd 2014/10/02.14:02:53 P.49d
EN hsio/idelay_block 1412927502 \
      FL /home/daqdev/work/adl_atlasupstrip/hsio_trunk/hsio/src/idelay_block_struct.vhd \
      PB ieee/std_logic_1164 1354696159 PB ieee/std_logic_arith 1354696160 \
      PB ieee/STD_LOGIC_UNSIGNED 1354696162 LB utils PH utils/pkg_types 1412927302 \
      LB hsio PB hsio/pkg_core_globals 1412927310
AR hsio/idelay_block/struct 1412927503 \
      FL /home/daqdev/work/adl_atlasupstrip/hsio_trunk/hsio/src/idelay_block_struct.vhd \
      EN hsio/idelay_block 1412927502 PB ieee/std_logic_1164 1354696159 \
      PB ieee/std_logic_arith 1354696160 PB ieee/STD_LOGIC_UNSIGNED 1354696162 \
      LB utils PH utils/pkg_types 1412927302 LB hsio PB hsio/pkg_core_globals 1412927310 \
      LB UNISIM CP IDDR CP IDELAY CP m_power
FL /home/daqdev/work/adl_atlasupstrip/hsio_trunk/hsio/src/idelay_prog_rtl.vhd 2014/10/02.14:02:53 P.49d
EN hsio/idelay_prog 1412927438 \
      FL /home/daqdev/work/adl_atlasupstrip/hsio_trunk/hsio/src/idelay_prog_rtl.vhd \
      PB ieee/std_logic_1164 1354696159 PB ieee/std_logic_arith 1354696160 \
      PB ieee/STD_LOGIC_UNSIGNED 1354696162 LB utils PH utils/pkg_types 1412927302 \
      LB hsio PB hsio/pkg_core_globals 1412927310
AR hsio/idelay_prog/rtl 1412927439 \
      FL /home/daqdev/work/adl_atlasupstrip/hsio_trunk/hsio/src/idelay_prog_rtl.vhd \
      EN hsio/idelay_prog 1412927438
FL /home/daqdev/work/adl_atlasupstrip/hsio_trunk/hsio/src/l1_autogen.vhd 2014/10/02.14:02:53 P.49d
EN hsio/l1_autogen 1412927436 \
      FL /home/daqdev/work/adl_atlasupstrip/hsio_trunk/hsio/src/l1_autogen.vhd \
      PB ieee/std_logic_1164 1354696159 PB ieee/std_logic_arith 1354696160 \
      PB ieee/STD_LOGIC_UNSIGNED 1354696162
AR hsio/l1_autogen/rtl 1412927437 \
      FL /home/daqdev/work/adl_atlasupstrip/hsio_trunk/hsio/src/l1_autogen.vhd \
      EN hsio/l1_autogen 1412927436
FL /home/daqdev/work/adl_atlasupstrip/hsio_trunk/hsio/src/lfsr.vhd 2014/10/02.14:02:53 P.49d
EN hsio/sct_sim_lfsr 1412927311 \
      FL /home/daqdev/work/adl_atlasupstrip/hsio_trunk/hsio/src/lfsr.vhd \
      PB ieee/std_logic_1164 1354696159 PB ieee/std_logic_arith 1354696160 \
      PB ieee/STD_LOGIC_UNSIGNED 1354696162
AR hsio/sct_sim_lfsr/rtl 1412927312 \
      FL /home/daqdev/work/adl_atlasupstrip/hsio_trunk/hsio/src/lfsr.vhd \
      EN hsio/sct_sim_lfsr 1412927311
FL /home/daqdev/work/adl_atlasupstrip/hsio_trunk/hsio/src/main_top_struct.vhd 2014/10/02.14:02:53 P.49d
EN hsio/main_top 1412927540 \
      FL /home/daqdev/work/adl_atlasupstrip/hsio_trunk/hsio/src/main_top_struct.vhd \
      PB ieee/std_logic_1164 1354696159 PB ieee/std_logic_arith 1354696160 \
      PB ieee/STD_LOGIC_UNSIGNED 1354696162 LB utils PH utils/pkg_types 1412927302 \
      LB hsio PB hsio/pkg_core_globals 1412927310
AR hsio/main_top/struct 1412927541 \
      FL /home/daqdev/work/adl_atlasupstrip/hsio_trunk/hsio/src/main_top_struct.vhd \
      EN hsio/main_top 1412927540 PB ieee/std_logic_1164 1354696159 \
      PB ieee/std_logic_arith 1354696160 PB ieee/STD_LOGIC_UNSIGNED 1354696162 \
      PB ieee/NUMERIC_STD 1354696164 LB UNISIM PH unisim/VCOMPONENTS 1354696165 \
      LB hsio PB hsio/pkg_core_globals 1412927310 LB utils PH utils/pkg_types 1412927302 \
      CP control_top CP readout_top CP timestamp CP trigger_top CP ll_syncmux256 \
      CP m_power CP ticks_gen CP ro_spy_unit CP disp_top CP led_pulse CP disp_binmap \
      CP counter CP ODDR CP BUFR CP OBUFDS
FL /home/daqdev/work/adl_atlasupstrip/hsio_trunk/hsio/src/net_rx_pktfmt16.vhd 2014/10/10.16:55:02 P.49d
EN hsio/net_rx_pktfmt16 1412927500 \
      FL /home/daqdev/work/adl_atlasupstrip/hsio_trunk/hsio/src/net_rx_pktfmt16.vhd \
      PB ieee/std_logic_1164 1354696159 PB ieee/std_logic_arith 1354696160 \
      LB utils PH utils/pkg_types 1412927302 LB hsio PB hsio/pkg_core_globals 1412927310
AR hsio/net_rx_pktfmt16/rtl 1412927501 \
      FL /home/daqdev/work/adl_atlasupstrip/hsio_trunk/hsio/src/net_rx_pktfmt16.vhd \
      EN hsio/net_rx_pktfmt16 1412927500
FL /home/daqdev/work/adl_atlasupstrip/hsio_trunk/hsio/src/net_tx_pktfmt16.vhd 2014/10/02.14:02:53 P.49d
EN hsio/net_tx_pktfmt16 1412927498 \
      FL /home/daqdev/work/adl_atlasupstrip/hsio_trunk/hsio/src/net_tx_pktfmt16.vhd \
      PB ieee/std_logic_1164 1354696159 PB ieee/std_logic_arith 1354696160 \
      PB ieee/STD_LOGIC_UNSIGNED 1354696162 LB utils PH utils/pkg_types 1412927302 \
      LB hsio PB hsio/pkg_core_globals 1412927310
AR hsio/net_tx_pktfmt16/rtl 1412927499 \
      FL /home/daqdev/work/adl_atlasupstrip/hsio_trunk/hsio/src/net_tx_pktfmt16.vhd \
      EN hsio/net_tx_pktfmt16 1412927498
FL /home/daqdev/work/adl_atlasupstrip/hsio_trunk/hsio/src/net_usb_top_struct.vhd 2014/10/10.18:15:02 P.49d
EN hsio/net_usb_top 1412927538 \
      FL /home/daqdev/work/adl_atlasupstrip/hsio_trunk/hsio/src/net_usb_top_struct.vhd \
      PB ieee/std_logic_1164 1354696159 PB ieee/std_logic_arith 1354696160 \
      PB ieee/STD_LOGIC_UNSIGNED 1354696162 PH hsio/pkg_hsio_globals 1412927433 \
      LB utils PH utils/pkg_types 1412927302
AR hsio/net_usb_top/struct 1412927539 \
      FL /home/daqdev/work/adl_atlasupstrip/hsio_trunk/hsio/src/net_usb_top_struct.vhd \
      EN hsio/net_usb_top 1412927538 PB ieee/std_logic_1164 1354696159 \
      PB ieee/std_logic_arith 1354696160 PB ieee/STD_LOGIC_UNSIGNED 1354696162 \
      LB utils PH utils/pkg_types 1412927302 LB hsio PB hsio/pkg_core_globals 1412927310 \
      PH hsio/pkg_hsio_globals 1412927433 CP PauseQuantaTimer CP eth2x16_top \
      CP eth_gmii16_locallink CP net_rx_pktfmt16 CP net_tx_pktfmt16 \
      CP ll_mux_passive CP lls_break CP lls_make CP ll_enbuff CP ll_enbuffn \
      CP m_power CP PgpFrontEnd
FL /home/daqdev/work/adl_atlasupstrip/hsio_trunk/hsio/src/outsigs_enc_map.vhd 2014/10/02.14:02:53 P.49d
EN hsio/outsigs_enc_map 1412927434 \
      FL /home/daqdev/work/adl_atlasupstrip/hsio_trunk/hsio/src/outsigs_enc_map.vhd \
      PB ieee/std_logic_1164 1354696159 PB ieee/std_logic_arith 1354696160 \
      PB ieee/STD_LOGIC_UNSIGNED 1354696162 LB utils PH utils/pkg_types 1412927302 \
      LB hsio PB hsio/pkg_core_globals 1412927310
AR hsio/outsigs_enc_map/rtl 1412927435 \
      FL /home/daqdev/work/adl_atlasupstrip/hsio_trunk/hsio/src/outsigs_enc_map.vhd \
      EN hsio/outsigs_enc_map 1412927434
FL /home/daqdev/work/adl_atlasupstrip/hsio_trunk/hsio/src/pkg_core_globals.vhd 2014/10/02.14:02:53 P.49d
PH hsio/pkg_core_globals 1412927309 \
      FL /home/daqdev/work/adl_atlasupstrip/hsio_trunk/hsio/src/pkg_core_globals.vhd \
      PB ieee/std_logic_1164 1354696159 PB ieee/std_logic_arith 1354696160 \
      PB ieee/STD_LOGIC_UNSIGNED 1354696162 LB utils PH utils/pkg_types 1412927302
PB hsio/pkg_core_globals 1412927310 \
      FL /home/daqdev/work/adl_atlasupstrip/hsio_trunk/hsio/src/pkg_core_globals.vhd \
      PH hsio/pkg_core_globals 1412927309
FL /home/daqdev/work/adl_atlasupstrip/hsio_trunk/hsio/src/pkg_hsio_globals.vhd 2014/10/02.14:02:53 P.49d
PH hsio/pkg_hsio_globals 1412927433 \
      FL /home/daqdev/work/adl_atlasupstrip/hsio_trunk/hsio/src/pkg_hsio_globals.vhd \
      PB ieee/std_logic_1164 1354696159 PB ieee/std_logic_arith 1354696160 \
      PB ieee/STD_LOGIC_UNSIGNED 1354696162 LB utils PH utils/pkg_types 1412927302 \
      LB hsio PB hsio/pkg_core_globals 1412927310
FL /home/daqdev/work/adl_atlasupstrip/hsio_trunk/hsio/src/readout_top_struct.vhd 2014/10/02.14:02:53 P.49d
EN hsio/readout_top 1412927496 \
      FL /home/daqdev/work/adl_atlasupstrip/hsio_trunk/hsio/src/readout_top_struct.vhd \
      PB ieee/std_logic_1164 1354696159 PB ieee/std_logic_arith 1354696160 \
      PB ieee/STD_LOGIC_UNSIGNED 1354696162 LB utils PH utils/pkg_types 1412927302 \
      LB hsio PB hsio/pkg_core_globals 1412927310
AR hsio/readout_top/struct 1412927497 \
      FL /home/daqdev/work/adl_atlasupstrip/hsio_trunk/hsio/src/readout_top_struct.vhd \
      EN hsio/readout_top 1412927496 PB ieee/std_logic_1164 1354696159 \
      PB ieee/std_logic_arith 1354696160 PB ieee/STD_LOGIC_UNSIGNED 1354696162 \
      LB utils PH utils/pkg_types 1412927302 LB hsio PB hsio/pkg_core_globals 1412927310 \
      CP data_gen_top CP ro_unit CP ro13_link
FL /home/daqdev/work/adl_atlasupstrip/hsio_trunk/hsio/src/ro_datagen.vhd 2014/10/02.14:02:53 P.49d
EN hsio/ro_datagen 1412927365 \
      FL /home/daqdev/work/adl_atlasupstrip/hsio_trunk/hsio/src/ro_datagen.vhd \
      PB ieee/std_logic_1164 1354696159 PB ieee/std_logic_arith 1354696160 \
      PB ieee/STD_LOGIC_UNSIGNED 1354696162 LB utils PH utils/pkg_types 1412927302 \
      LB hsio PB hsio/pkg_core_globals 1412927310
AR hsio/ro_datagen/rtl 1412927366 \
      FL /home/daqdev/work/adl_atlasupstrip/hsio_trunk/hsio/src/ro_datagen.vhd \
      EN hsio/ro_datagen 1412927365
FL /home/daqdev/work/adl_atlasupstrip/hsio_trunk/hsio/src/ro_deser.vhd 2014/10/02.14:02:53 P.49d
EN hsio/ro_deser 1412927363 \
      FL /home/daqdev/work/adl_atlasupstrip/hsio_trunk/hsio/src/ro_deser.vhd \
      PB ieee/std_logic_1164 1354696159 PB ieee/std_logic_arith 1354696160 \
      PB ieee/STD_LOGIC_UNSIGNED 1354696162 LB utils PH utils/pkg_types 1412927302 \
      LB hsio PB hsio/pkg_core_globals 1412927310
AR hsio/ro_deser/rtl 1412927364 \
      FL /home/daqdev/work/adl_atlasupstrip/hsio_trunk/hsio/src/ro_deser.vhd \
      EN hsio/ro_deser 1412927363
FL /home/daqdev/work/adl_atlasupstrip/hsio_trunk/hsio/src/ro_shiftreg.vhd 2014/10/02.14:02:53 P.49d
EN hsio/ro_shiftreg 1412927361 \
      FL /home/daqdev/work/adl_atlasupstrip/hsio_trunk/hsio/src/ro_shiftreg.vhd \
      PB ieee/std_logic_1164 1354696159 PB ieee/std_logic_arith 1354696160 \
      PB ieee/STD_LOGIC_UNSIGNED 1354696162 LB utils PH utils/pkg_types 1412927302 \
      LB hsio PB hsio/pkg_core_globals 1412927310
AR hsio/ro_shiftreg/rtl 1412927362 \
      FL /home/daqdev/work/adl_atlasupstrip/hsio_trunk/hsio/src/ro_shiftreg.vhd \
      EN hsio/ro_shiftreg 1412927361
FL /home/daqdev/work/adl_atlasupstrip/hsio_trunk/hsio/src/ro_spy_unit_struct.vhd 2014/10/02.14:02:53 P.49d
EN hsio/ro_spy_unit 1412927494 \
      FL /home/daqdev/work/adl_atlasupstrip/hsio_trunk/hsio/src/ro_spy_unit_struct.vhd \
      PB ieee/std_logic_1164 1354696159 PB ieee/std_logic_arith 1354696160 \
      PB ieee/STD_LOGIC_UNSIGNED 1354696162 LB utils PH utils/pkg_types 1412927302 \
      LB hsio PB hsio/pkg_core_globals 1412927310
AR hsio/ro_spy_unit/struct 1412927495 \
      FL /home/daqdev/work/adl_atlasupstrip/hsio_trunk/hsio/src/ro_spy_unit_struct.vhd \
      EN hsio/ro_spy_unit 1412927494 PB ieee/std_logic_1164 1354696159 \
      PB ieee/std_logic_arith 1354696160 PB ieee/STD_LOGIC_UNSIGNED 1354696162 \
      LB UNISIM PH unisim/VCOMPONENTS 1354696165 LB utils PH utils/pkg_types 1412927302 \
      LB hsio PB hsio/pkg_core_globals 1412927310 CP ro_deser CP ro_shiftreg \
      CP ro_unit_fifo CP hold_reg CP m_power
FL /home/daqdev/work/adl_atlasupstrip/hsio_trunk/hsio/src/ro_unit_fifo.vhd 2014/10/02.14:02:53 P.49d
EN hsio/ro_unit_fifo 1412927359 \
      FL /home/daqdev/work/adl_atlasupstrip/hsio_trunk/hsio/src/ro_unit_fifo.vhd \
      PB ieee/std_logic_1164 1354696159 PB ieee/std_logic_arith 1354696160 \
      PB ieee/STD_LOGIC_UNSIGNED 1354696162 LB utils PH utils/pkg_types 1412927302
AR hsio/ro_unit_fifo/rtl 1412927360 \
      FL /home/daqdev/work/adl_atlasupstrip/hsio_trunk/hsio/src/ro_unit_fifo.vhd \
      EN hsio/ro_unit_fifo 1412927359 CP cg_brfifo_1kx18 CP cg_dfifo_16x12
FL /home/daqdev/work/adl_atlasupstrip/hsio_trunk/hsio/src/ro_unit_stat.vhd 2014/10/02.14:02:53 P.49d
EN hsio/ro_unit_stat 1412927357 \
      FL /home/daqdev/work/adl_atlasupstrip/hsio_trunk/hsio/src/ro_unit_stat.vhd \
      PB ieee/std_logic_1164 1354696159 PB ieee/std_logic_arith 1354696160 \
      PB ieee/STD_LOGIC_UNSIGNED 1354696162 LB utils PH utils/pkg_types 1412927302 \
      LB hsio PB hsio/pkg_core_globals 1412927310
AR hsio/ro_unit_stat/rtl 1412927358 \
      FL /home/daqdev/work/adl_atlasupstrip/hsio_trunk/hsio/src/ro_unit_stat.vhd \
      EN hsio/ro_unit_stat 1412927357
FL /home/daqdev/work/adl_atlasupstrip/hsio_trunk/hsio/src/ro_unit_struct.vhd 2014/10/02.14:02:53 P.49d
EN hsio/ro_unit 1412927431 \
      FL /home/daqdev/work/adl_atlasupstrip/hsio_trunk/hsio/src/ro_unit_struct.vhd \
      PB ieee/std_logic_1164 1354696159 PB ieee/std_logic_arith 1354696160 \
      PB ieee/STD_LOGIC_UNSIGNED 1354696162 LB utils PH utils/pkg_types 1412927302 \
      LB hsio PB hsio/pkg_core_globals 1412927310
AR hsio/ro_unit/struct 1412927432 \
      FL /home/daqdev/work/adl_atlasupstrip/hsio_trunk/hsio/src/ro_unit_struct.vhd \
      EN hsio/ro_unit 1412927431 PB ieee/std_logic_1164 1354696159 \
      PB ieee/std_logic_arith 1354696160 PB ieee/STD_LOGIC_UNSIGNED 1354696162 \
      LB UNISIM PH unisim/VCOMPONENTS 1354696165 LB utils PH utils/pkg_types 1412927302 \
      LB hsio PB hsio/pkg_core_globals 1412927310 CP ro_deser CP ro_shiftreg \
      CP ro_unit_fifo CP ro_unit_stat CP ll_automux CP lls_en_zero CP lls_zero \
      CP parser_tom_top CP m_power
FL /home/daqdev/work/adl_atlasupstrip/hsio_trunk/hsio/src/rx_packet_decoder.vhd 2014/10/10.16:53:34 P.49d
EN hsio/rx_packet_decoder 1412927429 \
      FL /home/daqdev/work/adl_atlasupstrip/hsio_trunk/hsio/src/rx_packet_decoder.vhd \
      PB ieee/std_logic_1164 1354696159 PB ieee/std_logic_arith 1354696160 \
      PB ieee/STD_LOGIC_UNSIGNED 1354696162 LB utils PH utils/pkg_types 1412927302 \
      LB locallink LB hsio PB hsio/pkg_core_globals 1412927310
AR hsio/rx_packet_decoder/rtl 1412927430 \
      FL /home/daqdev/work/adl_atlasupstrip/hsio_trunk/hsio/src/rx_packet_decoder.vhd \
      EN hsio/rx_packet_decoder 1412927429 CP cg_brfifo_1kx18_ft CP ll_ack_gen
FL /home/daqdev/work/adl_atlasupstrip/hsio_trunk/hsio/src/sct_sim_module.vhd 2014/10/02.14:02:53 P.49d
EN hsio/sct_sim_module 1412927355 \
      FL /home/daqdev/work/adl_atlasupstrip/hsio_trunk/hsio/src/sct_sim_module.vhd \
      PB ieee/std_logic_1164 1354696159 PB ieee/std_logic_arith 1354696160 \
      PB ieee/STD_LOGIC_UNSIGNED 1354696162 LB utils PH utils/pkg_types 1412927302 \
      LB hsio PB hsio/pkg_core_globals 1412927310
AR hsio/sct_sim_module/rtl 1412927356 \
      FL /home/daqdev/work/adl_atlasupstrip/hsio_trunk/hsio/src/sct_sim_module.vhd \
      EN hsio/sct_sim_module 1412927355 CP sct_sim_lfsr
FL /home/daqdev/work/adl_atlasupstrip/hsio_trunk/hsio/src/slac_tdc.vhd 2014/10/02.14:02:53 P.49d
EN hsio/slac_tdc 1412927427 \
      FL /home/daqdev/work/adl_atlasupstrip/hsio_trunk/hsio/src/slac_tdc.vhd \
      PB ieee/std_logic_1164 1354696159 PB ieee/std_logic_arith 1354696160 \
      LB UNISIM PH unisim/VCOMPONENTS 1354696165
AR hsio/slac_tdc/rtl 1412927428 \
      FL /home/daqdev/work/adl_atlasupstrip/hsio_trunk/hsio/src/slac_tdc.vhd \
      EN hsio/slac_tdc 1412927427 CP natural CP string CP label CP FDCPE CP LUT1_D \
      CP BUFG
FL /home/daqdev/work/adl_atlasupstrip/hsio_trunk/hsio/src/slac_tdc_calib.vhd 2014/10/02.14:02:53 P.49d
EN hsio/slac_tdc_calib 1412927425 \
      FL /home/daqdev/work/adl_atlasupstrip/hsio_trunk/hsio/src/slac_tdc_calib.vhd \
      PB ieee/std_logic_1164 1354696159 PB ieee/std_logic_arith 1354696160 \
      PB ieee/STD_LOGIC_UNSIGNED 1354696162 LB utils PH utils/pkg_types 1412927302
AR hsio/slac_tdc_calib/rtl 1412927426 \
      FL /home/daqdev/work/adl_atlasupstrip/hsio_trunk/hsio/src/slac_tdc_calib.vhd \
      EN hsio/slac_tdc_calib 1412927425
FL /home/daqdev/work/adl_atlasupstrip/hsio_trunk/hsio/src/slac_tdc_encode.vhd 2014/10/02.14:02:53 P.49d
EN hsio/slac_tdc_encode 1412927423 \
      FL /home/daqdev/work/adl_atlasupstrip/hsio_trunk/hsio/src/slac_tdc_encode.vhd \
      PB ieee/std_logic_1164 1354696159 PB ieee/std_logic_arith 1354696160 \
      LB utils PH utils/pkg_types 1412927302
AR hsio/slac_tdc_encode/rtl 1412927424 \
      FL /home/daqdev/work/adl_atlasupstrip/hsio_trunk/hsio/src/slac_tdc_encode.vhd \
      EN hsio/slac_tdc_encode 1412927423
FL /home/daqdev/work/adl_atlasupstrip/hsio_trunk/hsio/src/timestamp.vhd 2014/10/02.14:02:53 P.49d
EN hsio/timestamp 1412927492 \
      FL /home/daqdev/work/adl_atlasupstrip/hsio_trunk/hsio/src/timestamp.vhd \
      PB ieee/std_logic_1164 1354696159 PB ieee/std_logic_arith 1354696160 \
      PB ieee/STD_LOGIC_UNSIGNED 1354696162
AR hsio/timestamp/rtl 1412927493 \
      FL /home/daqdev/work/adl_atlasupstrip/hsio_trunk/hsio/src/timestamp.vhd \
      EN hsio/timestamp 1412927492
FL /home/daqdev/work/adl_atlasupstrip/hsio_trunk/hsio/src/trigger_top_struct.vhd 2014/10/02.14:02:53 P.49d
EN hsio/trigger_top 1412927490 \
      FL /home/daqdev/work/adl_atlasupstrip/hsio_trunk/hsio/src/trigger_top_struct.vhd \
      PB ieee/std_logic_1164 1354696159 PB ieee/std_logic_arith 1354696160 \
      PB ieee/STD_LOGIC_UNSIGNED 1354696162 LB utils PH utils/pkg_types 1412927302 \
      LB hsio PB hsio/pkg_core_globals 1412927310
AR hsio/trigger_top/struct 1412927491 \
      FL /home/daqdev/work/adl_atlasupstrip/hsio_trunk/hsio/src/trigger_top_struct.vhd \
      EN hsio/trigger_top 1412927490 PB ieee/std_logic_1164 1354696159 \
      PB ieee/std_logic_arith 1354696160 PB ieee/STD_LOGIC_UNSIGNED 1354696162 \
      LB utils PH utils/pkg_types 1412927302 LB hsio PB hsio/pkg_core_globals 1412927310 \
      CP com_decoder CP l1_autogen CP outsigs_enc_map CP trig_burst CP trig_dataenc \
      CP ro13_mod_fifo CP counter CP edgedet_sync CP prog_delay CP sercom_gen \
      CP stretch1 CP stretch_sr CP trig_tlu_if CP slac_tdc CP slac_tdc_encode \
      CP slac_tdc_calib
FL /home/daqdev/work/adl_atlasupstrip/hsio_trunk/hsio/src/trig_burst.vhd 2014/10/02.14:02:53 P.49d
EN hsio/trig_burst 1412927421 \
      FL /home/daqdev/work/adl_atlasupstrip/hsio_trunk/hsio/src/trig_burst.vhd \
      PB ieee/std_logic_1164 1354696159 PB ieee/STD_LOGIC_UNSIGNED 1354696162 \
      PB ieee/NUMERIC_STD 1354696164
AR hsio/trig_burst/rtl 1412927422 \
      FL /home/daqdev/work/adl_atlasupstrip/hsio_trunk/hsio/src/trig_burst.vhd \
      EN hsio/trig_burst 1412927421
FL /home/daqdev/work/adl_atlasupstrip/hsio_trunk/hsio/src/trig_dataenc.vhd 2014/10/02.14:02:53 P.49d
EN hsio/trig_dataenc 1412927419 \
      FL /home/daqdev/work/adl_atlasupstrip/hsio_trunk/hsio/src/trig_dataenc.vhd \
      PB ieee/std_logic_1164 1354696159 PB ieee/std_logic_arith 1354696160 \
      PB ieee/STD_LOGIC_UNSIGNED 1354696162 LB utils PH utils/pkg_types 1412927302 \
      LB hsio PB hsio/pkg_core_globals 1412927310
AR hsio/trig_dataenc/rtl 1412927420 \
      FL /home/daqdev/work/adl_atlasupstrip/hsio_trunk/hsio/src/trig_dataenc.vhd \
      EN hsio/trig_dataenc 1412927419
FL /home/daqdev/work/adl_atlasupstrip/hsio_trunk/hsio/src/trig_tlu_if.vhd 2014/10/02.14:02:53 P.49d
EN hsio/trig_tlu_if 1412927417 \
      FL /home/daqdev/work/adl_atlasupstrip/hsio_trunk/hsio/src/trig_tlu_if.vhd \
      PB ieee/std_logic_1164 1354696159 PB ieee/std_logic_arith 1354696160 \
      PB ieee/STD_LOGIC_UNSIGNED 1354696162
AR hsio/trig_tlu_if/rtl 1412927418 \
      FL /home/daqdev/work/adl_atlasupstrip/hsio_trunk/hsio/src/trig_tlu_if.vhd \
      EN hsio/trig_tlu_if 1412927417
FL /home/daqdev/work/adl_atlasupstrip/hsio_trunk/hsio/src/xilinx_reset_struct.vhd 2014/10/02.14:02:53 P.49d
EN hsio/xilinx_reset 1412927488 \
      FL /home/daqdev/work/adl_atlasupstrip/hsio_trunk/hsio/src/xilinx_reset_struct.vhd \
      PB ieee/std_logic_1164 1354696159 PB ieee/std_logic_arith 1354696160 \
      PB ieee/STD_LOGIC_UNSIGNED 1354696162
AR hsio/xilinx_reset/struct 1412927489 \
      FL /home/daqdev/work/adl_atlasupstrip/hsio_trunk/hsio/src/xilinx_reset_struct.vhd \
      EN hsio/xilinx_reset 1412927488 PB ieee/std_logic_1164 1354696159 \
      PB ieee/std_logic_arith 1354696160 PB ieee/STD_LOGIC_UNSIGNED 1354696162 \
      CP FDCP CP SRL16
