V3 266
FL /home/daqdev/work/adl_atlasupstrip/hsio_trunk/hsio/coregen/cg_dcm_125div3.vhd 2014/10/02.14:02:53 P.49d
EN hsio/cg_dcm_125div3 1413520477 \
      FL /home/daqdev/work/adl_atlasupstrip/hsio_trunk/hsio/coregen/cg_dcm_125div3.vhd \
      PB ieee/std_logic_1164 1354696159 PB ieee/NUMERIC_STD 1354696164 LB UNISIM \
      PH unisim/VCOMPONENTS 1354696165
AR hsio/cg_dcm_125div3/BEHAVIORAL 1413520478 \
      FL /home/daqdev/work/adl_atlasupstrip/hsio_trunk/hsio/coregen/cg_dcm_125div3.vhd \
      EN hsio/cg_dcm_125div3 1413520477 CP BUFG CP DCM_ADV CP PMCD
FL /home/daqdev/work/adl_atlasupstrip/hsio_trunk/hsio/coregen/cg_dcm_4080.vhd 2014/10/02.14:02:53 P.49d
EN hsio/cg_dcm_4080 1413520475 \
      FL /home/daqdev/work/adl_atlasupstrip/hsio_trunk/hsio/coregen/cg_dcm_4080.vhd \
      PB ieee/std_logic_1164 1354696159 PB ieee/NUMERIC_STD 1354696164 LB UNISIM \
      PH unisim/VCOMPONENTS 1354696165
AR hsio/cg_dcm_4080/BEHAVIORAL 1413520476 \
      FL /home/daqdev/work/adl_atlasupstrip/hsio_trunk/hsio/coregen/cg_dcm_4080.vhd \
      EN hsio/cg_dcm_4080 1413520475 CP BUFG CP DCM_ADV
FL /home/daqdev/work/adl_atlasupstrip/hsio_trunk/hsio/coregen/cg_dcm_80_160.vhd 2014/10/02.14:02:53 P.49d
EN hsio/cg_dcm_80_160 1413520473 \
      FL /home/daqdev/work/adl_atlasupstrip/hsio_trunk/hsio/coregen/cg_dcm_80_160.vhd \
      PB ieee/std_logic_1164 1354696159 PB ieee/NUMERIC_STD 1354696164 LB UNISIM \
      PH unisim/VCOMPONENTS 1354696165
AR hsio/cg_dcm_80_160/BEHAVIORAL 1413520474 \
      FL /home/daqdev/work/adl_atlasupstrip/hsio_trunk/hsio/coregen/cg_dcm_80_160.vhd \
      EN hsio/cg_dcm_80_160 1413520473 CP BUFG CP DCM_ADV
FL /home/daqdev/work/adl_atlasupstrip/hsio_trunk/hsio/coregen/cg_dcm_80_160_ps.vhd 2014/10/02.14:02:53 P.49d
EN hsio/cg_dcm_80_160_ps 1413520471 \
      FL /home/daqdev/work/adl_atlasupstrip/hsio_trunk/hsio/coregen/cg_dcm_80_160_ps.vhd \
      PB ieee/std_logic_1164 1354696159 PB ieee/NUMERIC_STD 1354696164 LB UNISIM \
      PH unisim/VCOMPONENTS 1354696165
AR hsio/cg_dcm_80_160_ps/BEHAVIORAL 1413520472 \
      FL /home/daqdev/work/adl_atlasupstrip/hsio_trunk/hsio/coregen/cg_dcm_80_160_ps.vhd \
      EN hsio/cg_dcm_80_160_ps 1413520471 CP BUFG CP DCM_ADV
FL /home/daqdev/work/adl_atlasupstrip/hsio_trunk/hsio/src/clocks_main_struct.vhd 2014/10/02.14:02:53 P.49d
EN hsio/clocks_main 1413520507 \
      FL /home/daqdev/work/adl_atlasupstrip/hsio_trunk/hsio/src/clocks_main_struct.vhd \
      PB ieee/std_logic_1164 1354696159 PB ieee/std_logic_arith 1354696160 \
      PB ieee/STD_LOGIC_UNSIGNED 1354696162 LB utils PH utils/pkg_types 1413520259 \
      LB hsio PB hsio/pkg_core_globals 1413520267
AR hsio/clocks_main/struct 1413520508 \
      FL /home/daqdev/work/adl_atlasupstrip/hsio_trunk/hsio/src/clocks_main_struct.vhd \
      EN hsio/clocks_main 1413520507 PB ieee/std_logic_1164 1354696159 \
      PB ieee/std_logic_arith 1354696160 PB ieee/STD_LOGIC_UNSIGNED 1354696162 \
      PB ieee/NUMERIC_STD 1354696164 LB UNISIM LB utils PH utils/pkg_types 1413520259 \
      LB hsio PB hsio/pkg_core_globals 1413520267 PH hsio/pkg_hsio_globals 1413520390 \
      CP cg_dcm_80_160_ps CP dcm_conf CP xilinx_reset CP BUFGCTRL CP m_power
FL /home/daqdev/work/adl_atlasupstrip/hsio_trunk/hsio/src/clocks_top_struct.vhd 2014/10/02.14:02:53 P.49d
EN hsio/clocks_top 1413520505 \
      FL /home/daqdev/work/adl_atlasupstrip/hsio_trunk/hsio/src/clocks_top_struct.vhd \
      PB ieee/std_logic_1164 1354696159 PB ieee/std_logic_arith 1354696160 \
      PB ieee/STD_LOGIC_UNSIGNED 1354696162 LB hsio PB hsio/pkg_core_globals 1413520267
AR hsio/clocks_top/struct 1413520506 \
      FL /home/daqdev/work/adl_atlasupstrip/hsio_trunk/hsio/src/clocks_top_struct.vhd \
      EN hsio/clocks_top 1413520505 PB ieee/std_logic_1164 1354696159 \
      PB ieee/std_logic_arith 1354696160 PB ieee/STD_LOGIC_UNSIGNED 1354696162 \
      PB ieee/NUMERIC_STD 1354696164 LB UNISIM PH unisim/VCOMPONENTS 1354696165 \
      LB utils PH utils/pkg_types 1413520259 LB hsio PB hsio/pkg_core_globals 1413520267 \
      PH hsio/pkg_hsio_globals 1413520390 CP cg_dcm_125div3 CP cg_dcm_4080 \
      CP cg_dcm_80_160 CP xilinx_reset CP BUFG CP BUFGCTRL CP BUFGMUX_VIRTEX4 \
      CP IDELAYCTRL CP count_delay CP edge_detect CP m_power CP pipeline \
      CP strobe40_gen
FL /home/daqdev/work/adl_atlasupstrip/hsio_trunk/hsio/src/com_decoder.vhd 2014/10/02.14:02:53 P.49d
EN hsio/com_decoder 1413520401 \
      FL /home/daqdev/work/adl_atlasupstrip/hsio_trunk/hsio/src/com_decoder.vhd \
      PB ieee/std_logic_1164 1354696159 PB ieee/std_logic_arith 1354696160 \
      PB ieee/STD_LOGIC_UNSIGNED 1354696162
AR hsio/com_decoder/rtl 1413520402 \
      FL /home/daqdev/work/adl_atlasupstrip/hsio_trunk/hsio/src/com_decoder.vhd \
      EN hsio/com_decoder 1413520401
FL /home/daqdev/work/adl_atlasupstrip/hsio_trunk/hsio/src/control_top_struct.vhd 2014/10/10.15:35:25 P.49d
EN hsio/control_top 1413520469 \
      FL /home/daqdev/work/adl_atlasupstrip/hsio_trunk/hsio/src/control_top_struct.vhd \
      PB ieee/std_logic_1164 1354696159 PB ieee/std_logic_arith 1354696160 \
      PB ieee/STD_LOGIC_UNSIGNED 1354696162 LB utils PH utils/pkg_types 1413520259 \
      LB hsio PB hsio/pkg_core_globals 1413520267
AR hsio/control_top/struct 1413520470 \
      FL /home/daqdev/work/adl_atlasupstrip/hsio_trunk/hsio/src/control_top_struct.vhd \
      EN hsio/control_top 1413520469 PB ieee/std_logic_1164 1354696159 \
      PB ieee/std_logic_arith 1354696160 PB ieee/STD_LOGIC_UNSIGNED 1354696162 \
      LB utils PH utils/pkg_types 1413520259 LB hsio PB hsio/pkg_core_globals 1413520267 \
      PB ieee/NUMERIC_STD 1354696164 CP rx_packet_decoder CP idelay_prog \
      CP ocb_command CP ocb_echo_watchdog CP ocb_rawseq CP ocb_rawsigs \
      CP ocb_regblock CP ocb_statread CP ocb_streams CP ocb_twowire CP ocb_rawcom \
      CP ocb_sink
FL /home/daqdev/work/adl_atlasupstrip/hsio_trunk/hsio/src/data_gen_top_struct.vhd 2014/10/02.14:02:53 P.49d
EN hsio/data_gen_top 1413520399 \
      FL /home/daqdev/work/adl_atlasupstrip/hsio_trunk/hsio/src/data_gen_top_struct.vhd \
      PB ieee/std_logic_1164 1354696159 PB ieee/std_logic_arith 1354696160 \
      PB ieee/STD_LOGIC_UNSIGNED 1354696162 LB utils PH utils/pkg_types 1413520259 \
      LB hsio PB hsio/pkg_core_globals 1413520267
AR hsio/data_gen_top/struct 1413520400 \
      FL /home/daqdev/work/adl_atlasupstrip/hsio_trunk/hsio/src/data_gen_top_struct.vhd \
      EN hsio/data_gen_top 1413520399 PB ieee/std_logic_1164 1354696159 \
      PB ieee/std_logic_arith 1354696160 PB ieee/STD_LOGIC_UNSIGNED 1354696162 \
      LB utils PH utils/pkg_types 1413520259 LB hsio PB hsio/pkg_core_globals 1413520267 \
      CP ro_datagen CP sct_sim_module CP ro13_datagen CP ro13_datagen80 CP m_power
FL /home/daqdev/work/adl_atlasupstrip/hsio_trunk/hsio/src/dcm_conf.vhd 2014/10/02.14:02:53 P.49d
EN hsio/dcm_conf 1413520467 \
      FL /home/daqdev/work/adl_atlasupstrip/hsio_trunk/hsio/src/dcm_conf.vhd \
      PB ieee/std_logic_1164 1354696159 PB ieee/std_logic_arith 1354696160 \
      PB ieee/STD_LOGIC_UNSIGNED 1354696162 LB utils PH utils/pkg_types 1413520259 \
      LB hsio PH hsio/pkg_hsio_globals 1413520390
AR hsio/dcm_conf/rtl 1413520468 \
      FL /home/daqdev/work/adl_atlasupstrip/hsio_trunk/hsio/src/dcm_conf.vhd \
      EN hsio/dcm_conf 1413520467
FL /home/daqdev/work/adl_atlasupstrip/hsio_trunk/hsio/src/dio_ibeos_drv_struct.vhd 2014/10/02.14:02:53 P.49d
EN hsio/dio_ibeos_drv 1413520503 \
      FL /home/daqdev/work/adl_atlasupstrip/hsio_trunk/hsio/src/dio_ibeos_drv_struct.vhd \
      PB ieee/std_logic_1164 1354696159 PB ieee/std_logic_arith 1354696160 \
      PB ieee/STD_LOGIC_UNSIGNED 1354696162 LB utils PH utils/pkg_types 1413520259 \
      LB hsio PB hsio/pkg_core_globals 1413520267
AR hsio/dio_ibeos_drv/struct 1413520504 \
      FL /home/daqdev/work/adl_atlasupstrip/hsio_trunk/hsio/src/dio_ibeos_drv_struct.vhd \
      EN hsio/dio_ibeos_drv 1413520503 PB ieee/std_logic_1164 1354696159 \
      PB ieee/std_logic_arith 1354696160 PB ieee/STD_LOGIC_UNSIGNED 1354696162 \
      LB utils PH utils/pkg_types 1413520259 LB hsio PB hsio/pkg_core_globals 1413520267 \
      LB UNISIM PH unisim/VCOMPONENTS 1354696165 CP idelay_block CP IBUFDS CP OBUFDS \
      CP ODDR CP m_power
FL /home/daqdev/work/adl_atlasupstrip/hsio_trunk/hsio/src/dio_ibeos_idc_struct.vhd 2014/10/02.14:02:53 P.49d
EN hsio/dio_ibeos_idc 1413520501 \
      FL /home/daqdev/work/adl_atlasupstrip/hsio_trunk/hsio/src/dio_ibeos_idc_struct.vhd \
      PB ieee/std_logic_1164 1354696159 PB ieee/std_logic_arith 1354696160 \
      PB ieee/STD_LOGIC_UNSIGNED 1354696162 LB utils PH utils/pkg_types 1413520259 \
      LB hsio PB hsio/pkg_core_globals 1413520267
AR hsio/dio_ibeos_idc/struct 1413520502 \
      FL /home/daqdev/work/adl_atlasupstrip/hsio_trunk/hsio/src/dio_ibeos_idc_struct.vhd \
      EN hsio/dio_ibeos_idc 1413520501 PB ieee/std_logic_1164 1354696159 \
      PB ieee/std_logic_arith 1354696160 PB ieee/STD_LOGIC_UNSIGNED 1354696162 \
      LB utils PH utils/pkg_types 1413520259 LB hsio PB hsio/pkg_core_globals 1413520267 \
      LB UNISIM PH unisim/VCOMPONENTS 1354696165 CP four_phase CP IBUFDS CP OBUFDS \
      CP ODDR CP m_power CP idelay_block
FL /home/daqdev/work/adl_atlasupstrip/hsio_trunk/hsio/src/disp_binmap.vhd 2014/10/02.14:02:53 P.49d
EN hsio/disp_binmap 1413520465 \
      FL /home/daqdev/work/adl_atlasupstrip/hsio_trunk/hsio/src/disp_binmap.vhd \
      LB UNISIM PB ieee/std_logic_1164 1354696159 PB ieee/std_logic_arith 1354696160 \
      PB ieee/STD_LOGIC_UNSIGNED 1354696162
AR hsio/disp_binmap/rtl 1413520466 \
      FL /home/daqdev/work/adl_atlasupstrip/hsio_trunk/hsio/src/disp_binmap.vhd \
      EN hsio/disp_binmap 1413520465
FL /home/daqdev/work/adl_atlasupstrip/hsio_trunk/hsio/src/disp_characters.vhd 2014/10/02.14:02:53 P.49d
PH hsio/disp_characters 1413520324 \
      FL /home/daqdev/work/adl_atlasupstrip/hsio_trunk/hsio/src/disp_characters.vhd \
      PB ieee/std_logic_1164 1354696159
FL /home/daqdev/work/adl_atlasupstrip/hsio_trunk/hsio/src/disp_control.vhd 2014/10/02.14:02:53 P.49d
EN hsio/disp_control 1413520397 \
      FL /home/daqdev/work/adl_atlasupstrip/hsio_trunk/hsio/src/disp_control.vhd \
      LB UNISIM PB ieee/std_logic_1164 1354696159 PB ieee/std_logic_arith 1354696160 \
      PB ieee/STD_LOGIC_UNSIGNED 1354696162 LB hsio PH hsio/disp_characters 1413520324
AR hsio/disp_control/rtl 1413520398 \
      FL /home/daqdev/work/adl_atlasupstrip/hsio_trunk/hsio/src/disp_control.vhd \
      EN hsio/disp_control 1413520397
FL /home/daqdev/work/adl_atlasupstrip/hsio_trunk/hsio/src/disp_top.vhd 2014/10/02.14:02:53 P.49d
EN hsio/disp_top 1413520463 \
      FL /home/daqdev/work/adl_atlasupstrip/hsio_trunk/hsio/src/disp_top.vhd \
      PB ieee/std_logic_1164 1354696159 PB ieee/std_logic_arith 1354696160 \
      PB ieee/STD_LOGIC_UNSIGNED 1354696162
AR hsio/disp_top/rtl 1413520464 \
      FL /home/daqdev/work/adl_atlasupstrip/hsio_trunk/hsio/src/disp_top.vhd \
      EN hsio/disp_top 1413520463 CP disp_control
FL /home/daqdev/work/adl_atlasupstrip/hsio_trunk/hsio/src/four_phase.vhd 2014/10/02.14:02:53 P.49d
EN hsio/four_phase 1413520461 \
      FL /home/daqdev/work/adl_atlasupstrip/hsio_trunk/hsio/src/four_phase.vhd \
      PB ieee/std_logic_1164 1354696159 PB ieee/std_logic_arith 1354696160 \
      PB ieee/STD_LOGIC_UNSIGNED 1354696162
AR hsio/four_phase/rtl 1413520462 \
      FL /home/daqdev/work/adl_atlasupstrip/hsio_trunk/hsio/src/four_phase.vhd \
      EN hsio/four_phase 1413520461
FL /home/daqdev/work/adl_atlasupstrip/hsio_trunk/hsio/src/hsio_proc_wrapper.vhd 2014/10/02.14:02:53 P.49d
EN hsio/hsio_proc_wrapper 1413520499 \
      FL /home/daqdev/work/adl_atlasupstrip/hsio_trunk/hsio/src/hsio_proc_wrapper.vhd \
      PB ieee/std_logic_1164 1354696159 PB ieee/std_logic_arith 1354696160 \
      PB ieee/STD_LOGIC_UNSIGNED 1354696162 LB hsio PH hsio/pkg_hsio_globals 1413520390
AR hsio/hsio_proc_wrapper/Behavioral 1413520500 \
      FL /home/daqdev/work/adl_atlasupstrip/hsio_trunk/hsio/src/hsio_proc_wrapper.vhd \
      EN hsio/hsio_proc_wrapper 1413520499
FL /home/daqdev/work/adl_atlasupstrip/hsio_trunk/hsio/src/hsio_top_struct.vhd 2014/10/17.14:55:31 P.49d
EN hsio/hsio_top 1413520511 \
      FL /home/daqdev/work/adl_atlasupstrip/hsio_trunk/hsio/src/hsio_top_struct.vhd \
      PB ieee/std_logic_1164 1354696159 PB ieee/std_logic_arith 1354696160 \
      PB ieee/STD_LOGIC_UNSIGNED 1354696162 LB hsio PH hsio/pkg_hsio_globals 1413520390 \
      LB utils PH utils/pkg_types 1413520259
AR hsio/hsio_top/struct 1413520512 \
      FL /home/daqdev/work/adl_atlasupstrip/hsio_trunk/hsio/src/hsio_top_struct.vhd \
      EN hsio/hsio_top 1413520511 PB ieee/std_logic_1164 1354696159 \
      PB ieee/std_logic_arith 1354696160 PB ieee/STD_LOGIC_UNSIGNED 1354696162 \
      PB ieee/NUMERIC_STD 1354696164 LB UNISIM PH unisim/VCOMPONENTS 1354696165 \
      LB utils PH utils/pkg_types 1413520259 LB hsio PB hsio/pkg_core_globals 1413520267 \
      PH hsio/pkg_hsio_globals 1413520390 CP clocks_main CP clocks_top \
      CP dio_ibeos_drv CP dio_ibeos_idc CP hsio_proc_wrapper CP main_top \
      CP PgpClkGen CP net_usb_top CP BUFG CP GT11CLK_MGT CP IBUFDS CP IBUFGDS \
      CP OBUFDS CP ODDR CP PULLUP CP twowire_tri CP onewire_tri CP a13_drv_hsio_top
FL /home/daqdev/work/adl_atlasupstrip/hsio_trunk/hsio/src/idelay_block_struct.vhd 2014/10/02.14:02:53 P.49d
EN hsio/idelay_block 1413520459 \
      FL /home/daqdev/work/adl_atlasupstrip/hsio_trunk/hsio/src/idelay_block_struct.vhd \
      PB ieee/std_logic_1164 1354696159 PB ieee/std_logic_arith 1354696160 \
      PB ieee/STD_LOGIC_UNSIGNED 1354696162 LB utils PH utils/pkg_types 1413520259 \
      LB hsio PB hsio/pkg_core_globals 1413520267
AR hsio/idelay_block/struct 1413520460 \
      FL /home/daqdev/work/adl_atlasupstrip/hsio_trunk/hsio/src/idelay_block_struct.vhd \
      EN hsio/idelay_block 1413520459 PB ieee/std_logic_1164 1354696159 \
      PB ieee/std_logic_arith 1354696160 PB ieee/STD_LOGIC_UNSIGNED 1354696162 \
      LB utils PH utils/pkg_types 1413520259 LB hsio PB hsio/pkg_core_globals 1413520267 \
      LB UNISIM CP IDDR CP IDELAY CP m_power
FL /home/daqdev/work/adl_atlasupstrip/hsio_trunk/hsio/src/idelay_prog_rtl.vhd 2014/10/02.14:02:53 P.49d
EN hsio/idelay_prog 1413520395 \
      FL /home/daqdev/work/adl_atlasupstrip/hsio_trunk/hsio/src/idelay_prog_rtl.vhd \
      PB ieee/std_logic_1164 1354696159 PB ieee/std_logic_arith 1354696160 \
      PB ieee/STD_LOGIC_UNSIGNED 1354696162 LB utils PH utils/pkg_types 1413520259 \
      LB hsio PB hsio/pkg_core_globals 1413520267
AR hsio/idelay_prog/rtl 1413520396 \
      FL /home/daqdev/work/adl_atlasupstrip/hsio_trunk/hsio/src/idelay_prog_rtl.vhd \
      EN hsio/idelay_prog 1413520395
FL /home/daqdev/work/adl_atlasupstrip/hsio_trunk/hsio/src/l1_autogen.vhd 2014/10/02.14:02:53 P.49d
EN hsio/l1_autogen 1413520393 \
      FL /home/daqdev/work/adl_atlasupstrip/hsio_trunk/hsio/src/l1_autogen.vhd \
      PB ieee/std_logic_1164 1354696159 PB ieee/std_logic_arith 1354696160 \
      PB ieee/STD_LOGIC_UNSIGNED 1354696162
AR hsio/l1_autogen/rtl 1413520394 \
      FL /home/daqdev/work/adl_atlasupstrip/hsio_trunk/hsio/src/l1_autogen.vhd \
      EN hsio/l1_autogen 1413520393
FL /home/daqdev/work/adl_atlasupstrip/hsio_trunk/hsio/src/lfsr.vhd 2014/10/02.14:02:53 P.49d
EN hsio/sct_sim_lfsr 1413520268 \
      FL /home/daqdev/work/adl_atlasupstrip/hsio_trunk/hsio/src/lfsr.vhd \
      PB ieee/std_logic_1164 1354696159 PB ieee/std_logic_arith 1354696160 \
      PB ieee/STD_LOGIC_UNSIGNED 1354696162
AR hsio/sct_sim_lfsr/rtl 1413520269 \
      FL /home/daqdev/work/adl_atlasupstrip/hsio_trunk/hsio/src/lfsr.vhd \
      EN hsio/sct_sim_lfsr 1413520268
FL /home/daqdev/work/adl_atlasupstrip/hsio_trunk/hsio/src/main_top_struct.vhd 2014/10/17.14:53:52 P.49d
EN hsio/main_top 1413520497 \
      FL /home/daqdev/work/adl_atlasupstrip/hsio_trunk/hsio/src/main_top_struct.vhd \
      PB ieee/std_logic_1164 1354696159 PB ieee/std_logic_arith 1354696160 \
      PB ieee/STD_LOGIC_UNSIGNED 1354696162 LB utils PH utils/pkg_types 1413520259 \
      LB hsio PB hsio/pkg_core_globals 1413520267
AR hsio/main_top/struct 1413520498 \
      FL /home/daqdev/work/adl_atlasupstrip/hsio_trunk/hsio/src/main_top_struct.vhd \
      EN hsio/main_top 1413520497 PB ieee/std_logic_1164 1354696159 \
      PB ieee/std_logic_arith 1354696160 PB ieee/STD_LOGIC_UNSIGNED 1354696162 \
      PB ieee/NUMERIC_STD 1354696164 LB UNISIM PH unisim/VCOMPONENTS 1354696165 \
      LB hsio PB hsio/pkg_core_globals 1413520267 LB utils PH utils/pkg_types 1413520259 \
      CP control_top CP readout_top CP timestamp CP trigger_top CP ll_syncmux256 \
      CP m_power CP ticks_gen CP ro_spy_unit CP disp_top CP led_pulse CP disp_binmap \
      CP counter CP ODDR CP BUFR CP OBUFDS
FL /home/daqdev/work/adl_atlasupstrip/hsio_trunk/hsio/src/net_rx_pktfmt16.vhd 2014/10/10.16:55:02 P.49d
EN hsio/net_rx_pktfmt16 1413520457 \
      FL /home/daqdev/work/adl_atlasupstrip/hsio_trunk/hsio/src/net_rx_pktfmt16.vhd \
      PB ieee/std_logic_1164 1354696159 PB ieee/std_logic_arith 1354696160 \
      LB utils PH utils/pkg_types 1413520259 LB hsio PB hsio/pkg_core_globals 1413520267
AR hsio/net_rx_pktfmt16/rtl 1413520458 \
      FL /home/daqdev/work/adl_atlasupstrip/hsio_trunk/hsio/src/net_rx_pktfmt16.vhd \
      EN hsio/net_rx_pktfmt16 1413520457
FL /home/daqdev/work/adl_atlasupstrip/hsio_trunk/hsio/src/net_tx_pktfmt16.vhd 2014/10/02.14:02:53 P.49d
EN hsio/net_tx_pktfmt16 1413520455 \
      FL /home/daqdev/work/adl_atlasupstrip/hsio_trunk/hsio/src/net_tx_pktfmt16.vhd \
      PB ieee/std_logic_1164 1354696159 PB ieee/std_logic_arith 1354696160 \
      PB ieee/STD_LOGIC_UNSIGNED 1354696162 LB utils PH utils/pkg_types 1413520259 \
      LB hsio PB hsio/pkg_core_globals 1413520267
AR hsio/net_tx_pktfmt16/rtl 1413520456 \
      FL /home/daqdev/work/adl_atlasupstrip/hsio_trunk/hsio/src/net_tx_pktfmt16.vhd \
      EN hsio/net_tx_pktfmt16 1413520455
FL /home/daqdev/work/adl_atlasupstrip/hsio_trunk/hsio/src/net_usb_top_struct.vhd 2014/10/17.14:58:05 P.49d
EN hsio/net_usb_top 1413520495 \
      FL /home/daqdev/work/adl_atlasupstrip/hsio_trunk/hsio/src/net_usb_top_struct.vhd \
      PB ieee/std_logic_1164 1354696159 PB ieee/std_logic_arith 1354696160 \
      PB ieee/STD_LOGIC_UNSIGNED 1354696162 PH hsio/pkg_hsio_globals 1413520390 \
      LB utils PH utils/pkg_types 1413520259
AR hsio/net_usb_top/struct 1413520496 \
      FL /home/daqdev/work/adl_atlasupstrip/hsio_trunk/hsio/src/net_usb_top_struct.vhd \
      EN hsio/net_usb_top 1413520495 PB ieee/std_logic_1164 1354696159 \
      PB ieee/std_logic_arith 1354696160 PB ieee/STD_LOGIC_UNSIGNED 1354696162 \
      LB utils PH utils/pkg_types 1413520259 LB hsio PB hsio/pkg_core_globals 1413520267 \
      PH hsio/pkg_hsio_globals 1413520390 CP PauseQuantaTimer CP eth2x16_top \
      CP eth_gmii16_locallink CP net_rx_pktfmt16 CP net_tx_pktfmt16 \
      CP ll_mux_passive CP lls_break CP lls_make CP ll_enbuff CP ll_enbuffn \
      CP m_power CP PgpFrontEnd
FL /home/daqdev/work/adl_atlasupstrip/hsio_trunk/hsio/src/outsigs_enc_map.vhd 2014/10/02.14:02:53 P.49d
EN hsio/outsigs_enc_map 1413520391 \
      FL /home/daqdev/work/adl_atlasupstrip/hsio_trunk/hsio/src/outsigs_enc_map.vhd \
      PB ieee/std_logic_1164 1354696159 PB ieee/std_logic_arith 1354696160 \
      PB ieee/STD_LOGIC_UNSIGNED 1354696162 LB utils PH utils/pkg_types 1413520259 \
      LB hsio PB hsio/pkg_core_globals 1413520267
AR hsio/outsigs_enc_map/rtl 1413520392 \
      FL /home/daqdev/work/adl_atlasupstrip/hsio_trunk/hsio/src/outsigs_enc_map.vhd \
      EN hsio/outsigs_enc_map 1413520391
FL /home/daqdev/work/adl_atlasupstrip/hsio_trunk/hsio/src/pkg_core_globals.vhd 2014/10/02.14:02:53 P.49d
PH hsio/pkg_core_globals 1413520266 \
      FL /home/daqdev/work/adl_atlasupstrip/hsio_trunk/hsio/src/pkg_core_globals.vhd \
      PB ieee/std_logic_1164 1354696159 PB ieee/std_logic_arith 1354696160 \
      PB ieee/STD_LOGIC_UNSIGNED 1354696162 LB utils PH utils/pkg_types 1413520259
PB hsio/pkg_core_globals 1413520267 \
      FL /home/daqdev/work/adl_atlasupstrip/hsio_trunk/hsio/src/pkg_core_globals.vhd \
      PH hsio/pkg_core_globals 1413520266
FL /home/daqdev/work/adl_atlasupstrip/hsio_trunk/hsio/src/pkg_hsio_globals.vhd 2014/10/02.14:02:53 P.49d
PH hsio/pkg_hsio_globals 1413520390 \
      FL /home/daqdev/work/adl_atlasupstrip/hsio_trunk/hsio/src/pkg_hsio_globals.vhd \
      PB ieee/std_logic_1164 1354696159 PB ieee/std_logic_arith 1354696160 \
      PB ieee/STD_LOGIC_UNSIGNED 1354696162 LB utils PH utils/pkg_types 1413520259 \
      LB hsio PB hsio/pkg_core_globals 1413520267
FL /home/daqdev/work/adl_atlasupstrip/hsio_trunk/hsio/src/readout_top_struct.vhd 2014/10/02.14:02:53 P.49d
EN hsio/readout_top 1413520453 \
      FL /home/daqdev/work/adl_atlasupstrip/hsio_trunk/hsio/src/readout_top_struct.vhd \
      PB ieee/std_logic_1164 1354696159 PB ieee/std_logic_arith 1354696160 \
      PB ieee/STD_LOGIC_UNSIGNED 1354696162 LB utils PH utils/pkg_types 1413520259 \
      LB hsio PB hsio/pkg_core_globals 1413520267
AR hsio/readout_top/struct 1413520454 \
      FL /home/daqdev/work/adl_atlasupstrip/hsio_trunk/hsio/src/readout_top_struct.vhd \
      EN hsio/readout_top 1413520453 PB ieee/std_logic_1164 1354696159 \
      PB ieee/std_logic_arith 1354696160 PB ieee/STD_LOGIC_UNSIGNED 1354696162 \
      LB utils PH utils/pkg_types 1413520259 LB hsio PB hsio/pkg_core_globals 1413520267 \
      CP data_gen_top CP ro_unit CP ro13_link
FL /home/daqdev/work/adl_atlasupstrip/hsio_trunk/hsio/src/ro_datagen.vhd 2014/10/02.14:02:53 P.49d
EN hsio/ro_datagen 1413520322 \
      FL /home/daqdev/work/adl_atlasupstrip/hsio_trunk/hsio/src/ro_datagen.vhd \
      PB ieee/std_logic_1164 1354696159 PB ieee/std_logic_arith 1354696160 \
      PB ieee/STD_LOGIC_UNSIGNED 1354696162 LB utils PH utils/pkg_types 1413520259 \
      LB hsio PB hsio/pkg_core_globals 1413520267
AR hsio/ro_datagen/rtl 1413520323 \
      FL /home/daqdev/work/adl_atlasupstrip/hsio_trunk/hsio/src/ro_datagen.vhd \
      EN hsio/ro_datagen 1413520322
FL /home/daqdev/work/adl_atlasupstrip/hsio_trunk/hsio/src/ro_deser.vhd 2014/10/02.14:02:53 P.49d
EN hsio/ro_deser 1413520320 \
      FL /home/daqdev/work/adl_atlasupstrip/hsio_trunk/hsio/src/ro_deser.vhd \
      PB ieee/std_logic_1164 1354696159 PB ieee/std_logic_arith 1354696160 \
      PB ieee/STD_LOGIC_UNSIGNED 1354696162 LB utils PH utils/pkg_types 1413520259 \
      LB hsio PB hsio/pkg_core_globals 1413520267
AR hsio/ro_deser/rtl 1413520321 \
      FL /home/daqdev/work/adl_atlasupstrip/hsio_trunk/hsio/src/ro_deser.vhd \
      EN hsio/ro_deser 1413520320
FL /home/daqdev/work/adl_atlasupstrip/hsio_trunk/hsio/src/ro_shiftreg.vhd 2014/10/02.14:02:53 P.49d
EN hsio/ro_shiftreg 1413520318 \
      FL /home/daqdev/work/adl_atlasupstrip/hsio_trunk/hsio/src/ro_shiftreg.vhd \
      PB ieee/std_logic_1164 1354696159 PB ieee/std_logic_arith 1354696160 \
      PB ieee/STD_LOGIC_UNSIGNED 1354696162 LB utils PH utils/pkg_types 1413520259 \
      LB hsio PB hsio/pkg_core_globals 1413520267
AR hsio/ro_shiftreg/rtl 1413520319 \
      FL /home/daqdev/work/adl_atlasupstrip/hsio_trunk/hsio/src/ro_shiftreg.vhd \
      EN hsio/ro_shiftreg 1413520318
FL /home/daqdev/work/adl_atlasupstrip/hsio_trunk/hsio/src/ro_spy_unit_struct.vhd 2014/10/02.14:02:53 P.49d
EN hsio/ro_spy_unit 1413520451 \
      FL /home/daqdev/work/adl_atlasupstrip/hsio_trunk/hsio/src/ro_spy_unit_struct.vhd \
      PB ieee/std_logic_1164 1354696159 PB ieee/std_logic_arith 1354696160 \
      PB ieee/STD_LOGIC_UNSIGNED 1354696162 LB utils PH utils/pkg_types 1413520259 \
      LB hsio PB hsio/pkg_core_globals 1413520267
AR hsio/ro_spy_unit/struct 1413520452 \
      FL /home/daqdev/work/adl_atlasupstrip/hsio_trunk/hsio/src/ro_spy_unit_struct.vhd \
      EN hsio/ro_spy_unit 1413520451 PB ieee/std_logic_1164 1354696159 \
      PB ieee/std_logic_arith 1354696160 PB ieee/STD_LOGIC_UNSIGNED 1354696162 \
      LB UNISIM PH unisim/VCOMPONENTS 1354696165 LB utils PH utils/pkg_types 1413520259 \
      LB hsio PB hsio/pkg_core_globals 1413520267 CP ro_deser CP ro_shiftreg \
      CP ro_unit_fifo CP hold_reg CP m_power
FL /home/daqdev/work/adl_atlasupstrip/hsio_trunk/hsio/src/ro_unit_fifo.vhd 2014/10/02.14:02:53 P.49d
EN hsio/ro_unit_fifo 1413520316 \
      FL /home/daqdev/work/adl_atlasupstrip/hsio_trunk/hsio/src/ro_unit_fifo.vhd \
      PB ieee/std_logic_1164 1354696159 PB ieee/std_logic_arith 1354696160 \
      PB ieee/STD_LOGIC_UNSIGNED 1354696162 LB utils PH utils/pkg_types 1413520259
AR hsio/ro_unit_fifo/rtl 1413520317 \
      FL /home/daqdev/work/adl_atlasupstrip/hsio_trunk/hsio/src/ro_unit_fifo.vhd \
      EN hsio/ro_unit_fifo 1413520316 CP cg_brfifo_1kx18 CP cg_dfifo_16x12
FL /home/daqdev/work/adl_atlasupstrip/hsio_trunk/hsio/src/ro_unit_stat.vhd 2014/10/02.14:02:53 P.49d
EN hsio/ro_unit_stat 1413520314 \
      FL /home/daqdev/work/adl_atlasupstrip/hsio_trunk/hsio/src/ro_unit_stat.vhd \
      PB ieee/std_logic_1164 1354696159 PB ieee/std_logic_arith 1354696160 \
      PB ieee/STD_LOGIC_UNSIGNED 1354696162 LB utils PH utils/pkg_types 1413520259 \
      LB hsio PB hsio/pkg_core_globals 1413520267
AR hsio/ro_unit_stat/rtl 1413520315 \
      FL /home/daqdev/work/adl_atlasupstrip/hsio_trunk/hsio/src/ro_unit_stat.vhd \
      EN hsio/ro_unit_stat 1413520314
FL /home/daqdev/work/adl_atlasupstrip/hsio_trunk/hsio/src/ro_unit_struct.vhd 2014/10/02.14:02:53 P.49d
EN hsio/ro_unit 1413520388 \
      FL /home/daqdev/work/adl_atlasupstrip/hsio_trunk/hsio/src/ro_unit_struct.vhd \
      PB ieee/std_logic_1164 1354696159 PB ieee/std_logic_arith 1354696160 \
      PB ieee/STD_LOGIC_UNSIGNED 1354696162 LB utils PH utils/pkg_types 1413520259 \
      LB hsio PB hsio/pkg_core_globals 1413520267
AR hsio/ro_unit/struct 1413520389 \
      FL /home/daqdev/work/adl_atlasupstrip/hsio_trunk/hsio/src/ro_unit_struct.vhd \
      EN hsio/ro_unit 1413520388 PB ieee/std_logic_1164 1354696159 \
      PB ieee/std_logic_arith 1354696160 PB ieee/STD_LOGIC_UNSIGNED 1354696162 \
      LB UNISIM PH unisim/VCOMPONENTS 1354696165 LB utils PH utils/pkg_types 1413520259 \
      LB hsio PB hsio/pkg_core_globals 1413520267 CP ro_deser CP ro_shiftreg \
      CP ro_unit_fifo CP ro_unit_stat CP ll_automux CP lls_en_zero CP lls_zero \
      CP parser_tom_top CP m_power
FL /home/daqdev/work/adl_atlasupstrip/hsio_trunk/hsio/src/rx_packet_decoder.vhd 2014/10/10.16:53:34 P.49d
EN hsio/rx_packet_decoder 1413520386 \
      FL /home/daqdev/work/adl_atlasupstrip/hsio_trunk/hsio/src/rx_packet_decoder.vhd \
      PB ieee/std_logic_1164 1354696159 PB ieee/std_logic_arith 1354696160 \
      PB ieee/STD_LOGIC_UNSIGNED 1354696162 LB utils PH utils/pkg_types 1413520259 \
      LB locallink LB hsio PB hsio/pkg_core_globals 1413520267
AR hsio/rx_packet_decoder/rtl 1413520387 \
      FL /home/daqdev/work/adl_atlasupstrip/hsio_trunk/hsio/src/rx_packet_decoder.vhd \
      EN hsio/rx_packet_decoder 1413520386 CP cg_brfifo_1kx18_ft CP ll_ack_gen
FL /home/daqdev/work/adl_atlasupstrip/hsio_trunk/hsio/src/sct_sim_module.vhd 2014/10/02.14:02:53 P.49d
EN hsio/sct_sim_module 1413520312 \
      FL /home/daqdev/work/adl_atlasupstrip/hsio_trunk/hsio/src/sct_sim_module.vhd \
      PB ieee/std_logic_1164 1354696159 PB ieee/std_logic_arith 1354696160 \
      PB ieee/STD_LOGIC_UNSIGNED 1354696162 LB utils PH utils/pkg_types 1413520259 \
      LB hsio PB hsio/pkg_core_globals 1413520267
AR hsio/sct_sim_module/rtl 1413520313 \
      FL /home/daqdev/work/adl_atlasupstrip/hsio_trunk/hsio/src/sct_sim_module.vhd \
      EN hsio/sct_sim_module 1413520312 CP sct_sim_lfsr
FL /home/daqdev/work/adl_atlasupstrip/hsio_trunk/hsio/src/slac_tdc.vhd 2014/10/02.14:02:53 P.49d
EN hsio/slac_tdc 1413520384 \
      FL /home/daqdev/work/adl_atlasupstrip/hsio_trunk/hsio/src/slac_tdc.vhd \
      PB ieee/std_logic_1164 1354696159 PB ieee/std_logic_arith 1354696160 \
      LB UNISIM PH unisim/VCOMPONENTS 1354696165
AR hsio/slac_tdc/rtl 1413520385 \
      FL /home/daqdev/work/adl_atlasupstrip/hsio_trunk/hsio/src/slac_tdc.vhd \
      EN hsio/slac_tdc 1413520384 CP natural CP string CP label CP FDCPE CP LUT1_D \
      CP BUFG
FL /home/daqdev/work/adl_atlasupstrip/hsio_trunk/hsio/src/slac_tdc_calib.vhd 2014/10/02.14:02:53 P.49d
EN hsio/slac_tdc_calib 1413520382 \
      FL /home/daqdev/work/adl_atlasupstrip/hsio_trunk/hsio/src/slac_tdc_calib.vhd \
      PB ieee/std_logic_1164 1354696159 PB ieee/std_logic_arith 1354696160 \
      PB ieee/STD_LOGIC_UNSIGNED 1354696162 LB utils PH utils/pkg_types 1413520259
AR hsio/slac_tdc_calib/rtl 1413520383 \
      FL /home/daqdev/work/adl_atlasupstrip/hsio_trunk/hsio/src/slac_tdc_calib.vhd \
      EN hsio/slac_tdc_calib 1413520382
FL /home/daqdev/work/adl_atlasupstrip/hsio_trunk/hsio/src/slac_tdc_encode.vhd 2014/10/02.14:02:53 P.49d
EN hsio/slac_tdc_encode 1413520380 \
      FL /home/daqdev/work/adl_atlasupstrip/hsio_trunk/hsio/src/slac_tdc_encode.vhd \
      PB ieee/std_logic_1164 1354696159 PB ieee/std_logic_arith 1354696160 \
      LB utils PH utils/pkg_types 1413520259
AR hsio/slac_tdc_encode/rtl 1413520381 \
      FL /home/daqdev/work/adl_atlasupstrip/hsio_trunk/hsio/src/slac_tdc_encode.vhd \
      EN hsio/slac_tdc_encode 1413520380
FL /home/daqdev/work/adl_atlasupstrip/hsio_trunk/hsio/src/timestamp.vhd 2014/10/02.14:02:53 P.49d
EN hsio/timestamp 1413520449 \
      FL /home/daqdev/work/adl_atlasupstrip/hsio_trunk/hsio/src/timestamp.vhd \
      PB ieee/std_logic_1164 1354696159 PB ieee/std_logic_arith 1354696160 \
      PB ieee/STD_LOGIC_UNSIGNED 1354696162
AR hsio/timestamp/rtl 1413520450 \
      FL /home/daqdev/work/adl_atlasupstrip/hsio_trunk/hsio/src/timestamp.vhd \
      EN hsio/timestamp 1413520449
FL /home/daqdev/work/adl_atlasupstrip/hsio_trunk/hsio/src/trigger_top_struct.vhd 2014/10/02.14:02:53 P.49d
EN hsio/trigger_top 1413520447 \
      FL /home/daqdev/work/adl_atlasupstrip/hsio_trunk/hsio/src/trigger_top_struct.vhd \
      PB ieee/std_logic_1164 1354696159 PB ieee/std_logic_arith 1354696160 \
      PB ieee/STD_LOGIC_UNSIGNED 1354696162 LB utils PH utils/pkg_types 1413520259 \
      LB hsio PB hsio/pkg_core_globals 1413520267
AR hsio/trigger_top/struct 1413520448 \
      FL /home/daqdev/work/adl_atlasupstrip/hsio_trunk/hsio/src/trigger_top_struct.vhd \
      EN hsio/trigger_top 1413520447 PB ieee/std_logic_1164 1354696159 \
      PB ieee/std_logic_arith 1354696160 PB ieee/STD_LOGIC_UNSIGNED 1354696162 \
      LB utils PH utils/pkg_types 1413520259 LB hsio PB hsio/pkg_core_globals 1413520267 \
      CP com_decoder CP l1_autogen CP outsigs_enc_map CP trig_burst CP trig_dataenc \
      CP ro13_mod_fifo CP counter CP edgedet_sync CP prog_delay CP sercom_gen \
      CP stretch1 CP stretch_sr CP trig_tlu_if CP slac_tdc CP slac_tdc_encode \
      CP slac_tdc_calib
FL /home/daqdev/work/adl_atlasupstrip/hsio_trunk/hsio/src/trig_burst.vhd 2014/10/02.14:02:53 P.49d
EN hsio/trig_burst 1413520378 \
      FL /home/daqdev/work/adl_atlasupstrip/hsio_trunk/hsio/src/trig_burst.vhd \
      PB ieee/std_logic_1164 1354696159 PB ieee/STD_LOGIC_UNSIGNED 1354696162 \
      PB ieee/NUMERIC_STD 1354696164
AR hsio/trig_burst/rtl 1413520379 \
      FL /home/daqdev/work/adl_atlasupstrip/hsio_trunk/hsio/src/trig_burst.vhd \
      EN hsio/trig_burst 1413520378
FL /home/daqdev/work/adl_atlasupstrip/hsio_trunk/hsio/src/trig_dataenc.vhd 2014/10/02.14:02:53 P.49d
EN hsio/trig_dataenc 1413520376 \
      FL /home/daqdev/work/adl_atlasupstrip/hsio_trunk/hsio/src/trig_dataenc.vhd \
      PB ieee/std_logic_1164 1354696159 PB ieee/std_logic_arith 1354696160 \
      PB ieee/STD_LOGIC_UNSIGNED 1354696162 LB utils PH utils/pkg_types 1413520259 \
      LB hsio PB hsio/pkg_core_globals 1413520267
AR hsio/trig_dataenc/rtl 1413520377 \
      FL /home/daqdev/work/adl_atlasupstrip/hsio_trunk/hsio/src/trig_dataenc.vhd \
      EN hsio/trig_dataenc 1413520376
FL /home/daqdev/work/adl_atlasupstrip/hsio_trunk/hsio/src/trig_tlu_if.vhd 2014/10/02.14:02:53 P.49d
EN hsio/trig_tlu_if 1413520374 \
      FL /home/daqdev/work/adl_atlasupstrip/hsio_trunk/hsio/src/trig_tlu_if.vhd \
      PB ieee/std_logic_1164 1354696159 PB ieee/std_logic_arith 1354696160 \
      PB ieee/STD_LOGIC_UNSIGNED 1354696162
AR hsio/trig_tlu_if/rtl 1413520375 \
      FL /home/daqdev/work/adl_atlasupstrip/hsio_trunk/hsio/src/trig_tlu_if.vhd \
      EN hsio/trig_tlu_if 1413520374
FL /home/daqdev/work/adl_atlasupstrip/hsio_trunk/hsio/src/xilinx_reset_struct.vhd 2014/10/02.14:02:53 P.49d
EN hsio/xilinx_reset 1413520445 \
      FL /home/daqdev/work/adl_atlasupstrip/hsio_trunk/hsio/src/xilinx_reset_struct.vhd \
      PB ieee/std_logic_1164 1354696159 PB ieee/std_logic_arith 1354696160 \
      PB ieee/STD_LOGIC_UNSIGNED 1354696162
AR hsio/xilinx_reset/struct 1413520446 \
      FL /home/daqdev/work/adl_atlasupstrip/hsio_trunk/hsio/src/xilinx_reset_struct.vhd \
      EN hsio/xilinx_reset 1413520445 PB ieee/std_logic_1164 1354696159 \
      PB ieee/std_logic_arith 1354696160 PB ieee/STD_LOGIC_UNSIGNED 1354696162 \
      CP FDCP CP SRL16
