AR ll_mux_ctrl256 rtl /afs/cern.ch/work/l/leejr/SCT/hsio_trunk/locallink/src/ll_mux_ctrl256.vhd sub00/vhpl15 1409951603
AR lls_en_zero rtl /afs/cern.ch/work/l/leejr/SCT/hsio_trunk/locallink/src/lls_en_zero.vhd sub00/vhpl11 1409951541
EN ll_mux_passive NULL /afs/cern.ch/work/l/leejr/SCT/hsio_trunk/locallink/src/ll_mux_passive.vhd sub00/vhpl18 1409951669
AR ll_syncmux256 struct /afs/cern.ch/work/l/leejr/SCT/hsio_trunk/locallink/src/ll_syncmux256_struct.vhd sub00/vhpl17 1409951668
EN lls_make NULL /afs/cern.ch/work/l/leejr/SCT/hsio_trunk/locallink/src/lls_make.vhd sub00/vhpl20 1409951671
AR lls_zero rtl /afs/cern.ch/work/l/leejr/SCT/hsio_trunk/locallink/src/lls_zero.vhd sub00/vhpl09 1409951539
EN ll_ack_gen NULL /afs/cern.ch/work/l/leejr/SCT/hsio_trunk/locallink/src/ll_ack_gen.vhd sub00/vhpl06 1409951536
AR ll_ack_gen rtl /afs/cern.ch/work/l/leejr/SCT/hsio_trunk/locallink/src/ll_ack_gen.vhd sub00/vhpl07 1409951537
AR lls_make rtl /afs/cern.ch/work/l/leejr/SCT/hsio_trunk/locallink/src/lls_make.vhd sub00/vhpl21 1409951672
EN lls_zero NULL /afs/cern.ch/work/l/leejr/SCT/hsio_trunk/locallink/src/lls_zero.vhd sub00/vhpl08 1409951538
EN ll_mux_ctrl256 NULL /afs/cern.ch/work/l/leejr/SCT/hsio_trunk/locallink/src/ll_mux_ctrl256.vhd sub00/vhpl14 1409951602
EN lls_break NULL /afs/cern.ch/work/l/leejr/SCT/hsio_trunk/locallink/src/lls_break.vhd sub00/vhpl22 1409951673
EN ll_syncmux256 NULL /afs/cern.ch/work/l/leejr/SCT/hsio_trunk/locallink/src/ll_syncmux256_struct.vhd sub00/vhpl16 1409951667
EN ll_automux NULL /afs/cern.ch/work/l/leejr/SCT/hsio_trunk/locallink/src/ll_automux.vhd sub00/vhpl04 1409951534
AR ll_fifo_ack_gen rtl /afs/cern.ch/work/l/leejr/SCT/hsio_trunk/locallink/src/ll_fifo_ack_gen.vhd sub00/vhpl03 1409951533
EN ll_fifo_ack_gen NULL /afs/cern.ch/work/l/leejr/SCT/hsio_trunk/locallink/src/ll_fifo_ack_gen.vhd sub00/vhpl02 1409951532
AR ll_mux_passive rtl /afs/cern.ch/work/l/leejr/SCT/hsio_trunk/locallink/src/ll_mux_passive.vhd sub00/vhpl19 1409951670
AR ll_automux rtl /afs/cern.ch/work/l/leejr/SCT/hsio_trunk/locallink/src/ll_automux.vhd sub00/vhpl05 1409951535
EN ll_smx256 NULL /afs/cern.ch/work/l/leejr/SCT/hsio_trunk/locallink/src/ll_smx256.vhd sub00/vhpl12 1409951600
AR ll_smx256 rtl /afs/cern.ch/work/l/leejr/SCT/hsio_trunk/locallink/src/ll_smx256.vhd sub00/vhpl13 1409951601
EN ll_smx_unit NULL /afs/cern.ch/work/l/leejr/SCT/hsio_trunk/locallink/src/ll_smx_unit.vhd sub00/vhpl00 1409951530
AR lls_break rtl /afs/cern.ch/work/l/leejr/SCT/hsio_trunk/locallink/src/lls_break.vhd sub00/vhpl23 1409951674
AR ll_smx_unit rtl /afs/cern.ch/work/l/leejr/SCT/hsio_trunk/locallink/src/ll_smx_unit.vhd sub00/vhpl01 1409951531
EN lls_en_zero NULL /afs/cern.ch/work/l/leejr/SCT/hsio_trunk/locallink/src/lls_en_zero.vhd sub00/vhpl10 1409951540
