AR ticks_gen rtl /home/daqdev/work/adl_atlasupstrip/hsio_trunk/utils/src/ticks_gen.vhd sub00/vhpl22 1412225958
EN sercom_gen NULL /home/daqdev/work/adl_atlasupstrip/hsio_trunk/utils/src/sercom_gen.vhd sub00/vhpl09 1412225876
AR counter rtl /home/daqdev/work/adl_atlasupstrip/hsio_trunk/utils/src/counter.vhd sub00/vhpl04 1412225825
EN ll_enbuff NULL /home/daqdev/work/adl_atlasupstrip/hsio_trunk/utils/src/ll_enbuff.vhd sub00/vhpl29 1412225965
AR stretch_sr rtl /home/daqdev/work/adl_atlasupstrip/hsio_trunk/utils/src/stretch_sr.vhd sub00/vhpl06 1412225873
AR edge_detect rtl /home/daqdev/work/adl_atlasupstrip/hsio_trunk/utils/src/edge_detect.vhd sub00/vhpl36 1412225972
AR count_delay rtl /home/daqdev/work/adl_atlasupstrip/hsio_trunk/utils/src/count_delay.vhd sub00/vhpl38 1412225974
EN twowire_tri NULL /home/daqdev/work/adl_atlasupstrip/hsio_trunk/utils/src/twowire_tri.vhd sub00/vhpl39 1412226029
EN led_pulse NULL /home/daqdev/work/adl_atlasupstrip/hsio_trunk/utils/src/led_pulse.vhd sub00/vhpl31 1412225967
EN stretch1 NULL /home/daqdev/work/adl_atlasupstrip/hsio_trunk/utils/src/stretch1.vhd sub00/vhpl07 1412225874
EN stretch_sr NULL /home/daqdev/work/adl_atlasupstrip/hsio_trunk/utils/src/stretch_sr.vhd sub00/vhpl05 1412225872
AR strobe40_gen rtl /home/daqdev/work/adl_atlasupstrip/hsio_trunk/utils/src/strobe40_gen.vhd sub00/vhpl24 1412225960
EN ll_enbuffn NULL /home/daqdev/work/adl_atlasupstrip/hsio_trunk/utils/src/ll_enbuffn.vhd sub00/vhpl27 1412225963
EN edge_detect NULL /home/daqdev/work/adl_atlasupstrip/hsio_trunk/utils/src/edge_detect.vhd sub00/vhpl35 1412225971
EN m_buff NULL /home/daqdev/work/adl_atlasupstrip/hsio_trunk/utils/src/m_buff.vhd sub00/vhpl15 1412225882
AR prog_delay rtl /home/daqdev/work/adl_atlasupstrip/hsio_trunk/utils/src/prog_delay.vhd sub00/vhpl12 1412225879
AR sercom_gen rtl /home/daqdev/work/adl_atlasupstrip/hsio_trunk/utils/src/sercom_gen.vhd sub00/vhpl10 1412225877
AR twowire_tri rtl /home/daqdev/work/adl_atlasupstrip/hsio_trunk/utils/src/twowire_tri.vhd sub00/vhpl40 1412226030
PH pkg_types NULL /home/daqdev/work/adl_atlasupstrip/hsio_trunk/utils/src/pkg_types.vhd sub00/vhpl00 1412225797
AR hold_reg rtl /home/daqdev/work/adl_atlasupstrip/hsio_trunk/utils/src/hold_reg.vhd sub00/vhpl18 1412225885
EN counter NULL /home/daqdev/work/adl_atlasupstrip/hsio_trunk/utils/src/counter.vhd sub00/vhpl03 1412225824
AR m_inv rtl /home/daqdev/work/adl_atlasupstrip/hsio_trunk/utils/src/m_inv.vhd sub00/vhpl14 1412225881
AR edgedet_sync rtl /home/daqdev/work/adl_atlasupstrip/hsio_trunk/utils/src/edgedet_sync.vhd sub00/vhpl20 1412225887
EN m_inv NULL /home/daqdev/work/adl_atlasupstrip/hsio_trunk/utils/src/m_inv.vhd sub00/vhpl13 1412225880
EN edgedet_sync NULL /home/daqdev/work/adl_atlasupstrip/hsio_trunk/utils/src/edgedet_sync.vhd sub00/vhpl19 1412225886
AR led_pulse rtl /home/daqdev/work/adl_atlasupstrip/hsio_trunk/utils/src/led_pulse.vhd sub00/vhpl32 1412225968
AR ff_ddr_rx rtl /home/daqdev/work/adl_atlasupstrip/hsio_trunk/utils/src/ff_ddr_rx.vhd sub00/vhpl34 1412225970
EN onewire_tri NULL /home/daqdev/work/adl_atlasupstrip/hsio_trunk/utils/src/onewire_tri.vhd sub00/vhpl41 1412226031
EN strobe40_gen NULL /home/daqdev/work/adl_atlasupstrip/hsio_trunk/utils/src/strobe40_gen.vhd sub00/vhpl23 1412225959
AR ll_enbuffn rtl /home/daqdev/work/adl_atlasupstrip/hsio_trunk/utils/src/ll_enbuffn.vhd sub00/vhpl28 1412225964
AR onewire_tri rtl /home/daqdev/work/adl_atlasupstrip/hsio_trunk/utils/src/onewire_tri.vhd sub00/vhpl42 1412226032
AR ll_enbuff rtl /home/daqdev/work/adl_atlasupstrip/hsio_trunk/utils/src/ll_enbuff.vhd sub00/vhpl30 1412225966
AR m_power rtl /home/daqdev/work/adl_atlasupstrip/hsio_trunk/utils/src/m_power.vhd sub00/vhpl02 1412225823
AR pipeline rtl /home/daqdev/work/adl_atlasupstrip/hsio_trunk/utils/src/pipeline.vhd sub00/vhpl26 1412225962
AR m_buff rtl /home/daqdev/work/adl_atlasupstrip/hsio_trunk/utils/src/m_buff.vhd sub00/vhpl16 1412225883
EN hold_reg NULL /home/daqdev/work/adl_atlasupstrip/hsio_trunk/utils/src/hold_reg.vhd sub00/vhpl17 1412225884
EN count_delay NULL /home/daqdev/work/adl_atlasupstrip/hsio_trunk/utils/src/count_delay.vhd sub00/vhpl37 1412225973
EN prog_delay NULL /home/daqdev/work/adl_atlasupstrip/hsio_trunk/utils/src/prog_delay.vhd sub00/vhpl11 1412225878
EN m_power NULL /home/daqdev/work/adl_atlasupstrip/hsio_trunk/utils/src/m_power.vhd sub00/vhpl01 1412225822
EN pipeline NULL /home/daqdev/work/adl_atlasupstrip/hsio_trunk/utils/src/pipeline.vhd sub00/vhpl25 1412225961
AR stretch1 rtl /home/daqdev/work/adl_atlasupstrip/hsio_trunk/utils/src/stretch1.vhd sub00/vhpl08 1412225875
EN ticks_gen NULL /home/daqdev/work/adl_atlasupstrip/hsio_trunk/utils/src/ticks_gen.vhd sub00/vhpl21 1412225957
EN ff_ddr_rx NULL /home/daqdev/work/adl_atlasupstrip/hsio_trunk/utils/src/ff_ddr_rx.vhd sub00/vhpl33 1412225969
