AR ticks_gen rtl /afs/cern.ch/work/l/leejr/SCT/hsio_trunk/utils/src/ticks_gen.vhd sub00/vhpl22 1410224589
EN sercom_gen NULL /afs/cern.ch/work/l/leejr/SCT/hsio_trunk/utils/src/sercom_gen.vhd sub00/vhpl09 1410224507
AR counter rtl /afs/cern.ch/work/l/leejr/SCT/hsio_trunk/utils/src/counter.vhd sub00/vhpl04 1410224456
EN ll_enbuff NULL /afs/cern.ch/work/l/leejr/SCT/hsio_trunk/utils/src/ll_enbuff.vhd sub00/vhpl29 1410224596
AR stretch_sr rtl /afs/cern.ch/work/l/leejr/SCT/hsio_trunk/utils/src/stretch_sr.vhd sub00/vhpl06 1410224504
AR edge_detect rtl /afs/cern.ch/work/l/leejr/SCT/hsio_trunk/utils/src/edge_detect.vhd sub00/vhpl36 1410224603
AR count_delay rtl /afs/cern.ch/work/l/leejr/SCT/hsio_trunk/utils/src/count_delay.vhd sub00/vhpl38 1410224605
EN twowire_tri NULL /afs/cern.ch/work/l/leejr/SCT/hsio_trunk/utils/src/twowire_tri.vhd sub00/vhpl39 1410224660
EN led_pulse NULL /afs/cern.ch/work/l/leejr/SCT/hsio_trunk/utils/src/led_pulse.vhd sub00/vhpl31 1410224598
EN stretch1 NULL /afs/cern.ch/work/l/leejr/SCT/hsio_trunk/utils/src/stretch1.vhd sub00/vhpl07 1410224505
EN stretch_sr NULL /afs/cern.ch/work/l/leejr/SCT/hsio_trunk/utils/src/stretch_sr.vhd sub00/vhpl05 1410224503
AR strobe40_gen rtl /afs/cern.ch/work/l/leejr/SCT/hsio_trunk/utils/src/strobe40_gen.vhd sub00/vhpl24 1410224591
EN ll_enbuffn NULL /afs/cern.ch/work/l/leejr/SCT/hsio_trunk/utils/src/ll_enbuffn.vhd sub00/vhpl27 1410224594
EN edge_detect NULL /afs/cern.ch/work/l/leejr/SCT/hsio_trunk/utils/src/edge_detect.vhd sub00/vhpl35 1410224602
EN m_buff NULL /afs/cern.ch/work/l/leejr/SCT/hsio_trunk/utils/src/m_buff.vhd sub00/vhpl15 1410224513
AR prog_delay rtl /afs/cern.ch/work/l/leejr/SCT/hsio_trunk/utils/src/prog_delay.vhd sub00/vhpl12 1410224510
AR sercom_gen rtl /afs/cern.ch/work/l/leejr/SCT/hsio_trunk/utils/src/sercom_gen.vhd sub00/vhpl10 1410224508
AR twowire_tri rtl /afs/cern.ch/work/l/leejr/SCT/hsio_trunk/utils/src/twowire_tri.vhd sub00/vhpl40 1410224661
PH pkg_types NULL /afs/cern.ch/work/l/leejr/SCT/hsio_trunk/utils/src/pkg_types.vhd sub00/vhpl00 1410224428
AR hold_reg rtl /afs/cern.ch/work/l/leejr/SCT/hsio_trunk/utils/src/hold_reg.vhd sub00/vhpl18 1410224516
EN counter NULL /afs/cern.ch/work/l/leejr/SCT/hsio_trunk/utils/src/counter.vhd sub00/vhpl03 1410224455
AR m_inv rtl /afs/cern.ch/work/l/leejr/SCT/hsio_trunk/utils/src/m_inv.vhd sub00/vhpl14 1410224512
AR edgedet_sync rtl /afs/cern.ch/work/l/leejr/SCT/hsio_trunk/utils/src/edgedet_sync.vhd sub00/vhpl20 1410224518
EN m_inv NULL /afs/cern.ch/work/l/leejr/SCT/hsio_trunk/utils/src/m_inv.vhd sub00/vhpl13 1410224511
EN edgedet_sync NULL /afs/cern.ch/work/l/leejr/SCT/hsio_trunk/utils/src/edgedet_sync.vhd sub00/vhpl19 1410224517
AR led_pulse rtl /afs/cern.ch/work/l/leejr/SCT/hsio_trunk/utils/src/led_pulse.vhd sub00/vhpl32 1410224599
AR ff_ddr_rx rtl /afs/cern.ch/work/l/leejr/SCT/hsio_trunk/utils/src/ff_ddr_rx.vhd sub00/vhpl34 1410224601
EN onewire_tri NULL /afs/cern.ch/work/l/leejr/SCT/hsio_trunk/utils/src/onewire_tri.vhd sub00/vhpl41 1410224662
EN strobe40_gen NULL /afs/cern.ch/work/l/leejr/SCT/hsio_trunk/utils/src/strobe40_gen.vhd sub00/vhpl23 1410224590
AR ll_enbuffn rtl /afs/cern.ch/work/l/leejr/SCT/hsio_trunk/utils/src/ll_enbuffn.vhd sub00/vhpl28 1410224595
AR onewire_tri rtl /afs/cern.ch/work/l/leejr/SCT/hsio_trunk/utils/src/onewire_tri.vhd sub00/vhpl42 1410224663
AR ll_enbuff rtl /afs/cern.ch/work/l/leejr/SCT/hsio_trunk/utils/src/ll_enbuff.vhd sub00/vhpl30 1410224597
AR m_power rtl /afs/cern.ch/work/l/leejr/SCT/hsio_trunk/utils/src/m_power.vhd sub00/vhpl02 1410224454
AR pipeline rtl /afs/cern.ch/work/l/leejr/SCT/hsio_trunk/utils/src/pipeline.vhd sub00/vhpl26 1410224593
AR m_buff rtl /afs/cern.ch/work/l/leejr/SCT/hsio_trunk/utils/src/m_buff.vhd sub00/vhpl16 1410224514
EN hold_reg NULL /afs/cern.ch/work/l/leejr/SCT/hsio_trunk/utils/src/hold_reg.vhd sub00/vhpl17 1410224515
EN count_delay NULL /afs/cern.ch/work/l/leejr/SCT/hsio_trunk/utils/src/count_delay.vhd sub00/vhpl37 1410224604
EN prog_delay NULL /afs/cern.ch/work/l/leejr/SCT/hsio_trunk/utils/src/prog_delay.vhd sub00/vhpl11 1410224509
EN m_power NULL /afs/cern.ch/work/l/leejr/SCT/hsio_trunk/utils/src/m_power.vhd sub00/vhpl01 1410224453
EN pipeline NULL /afs/cern.ch/work/l/leejr/SCT/hsio_trunk/utils/src/pipeline.vhd sub00/vhpl25 1410224592
AR stretch1 rtl /afs/cern.ch/work/l/leejr/SCT/hsio_trunk/utils/src/stretch1.vhd sub00/vhpl08 1410224506
EN ticks_gen NULL /afs/cern.ch/work/l/leejr/SCT/hsio_trunk/utils/src/ticks_gen.vhd sub00/vhpl21 1410224588
EN ff_ddr_rx NULL /afs/cern.ch/work/l/leejr/SCT/hsio_trunk/utils/src/ff_ddr_rx.vhd sub00/vhpl33 1410224600
