AR ticks_gen rtl /home/daqdev/work/adl_atlasupstrip/hsio_trunk/utils/src/ticks_gen.vhd sub00/vhpl22 1412927463
EN sercom_gen NULL /home/daqdev/work/adl_atlasupstrip/hsio_trunk/utils/src/sercom_gen.vhd sub00/vhpl09 1412927381
AR counter rtl /home/daqdev/work/adl_atlasupstrip/hsio_trunk/utils/src/counter.vhd sub00/vhpl04 1412927330
EN ll_enbuff NULL /home/daqdev/work/adl_atlasupstrip/hsio_trunk/utils/src/ll_enbuff.vhd sub00/vhpl29 1412927470
AR stretch_sr rtl /home/daqdev/work/adl_atlasupstrip/hsio_trunk/utils/src/stretch_sr.vhd sub00/vhpl06 1412927378
AR edge_detect rtl /home/daqdev/work/adl_atlasupstrip/hsio_trunk/utils/src/edge_detect.vhd sub00/vhpl36 1412927477
AR count_delay rtl /home/daqdev/work/adl_atlasupstrip/hsio_trunk/utils/src/count_delay.vhd sub00/vhpl38 1412927479
EN twowire_tri NULL /home/daqdev/work/adl_atlasupstrip/hsio_trunk/utils/src/twowire_tri.vhd sub00/vhpl39 1412927534
EN led_pulse NULL /home/daqdev/work/adl_atlasupstrip/hsio_trunk/utils/src/led_pulse.vhd sub00/vhpl31 1412927472
EN stretch1 NULL /home/daqdev/work/adl_atlasupstrip/hsio_trunk/utils/src/stretch1.vhd sub00/vhpl07 1412927379
EN stretch_sr NULL /home/daqdev/work/adl_atlasupstrip/hsio_trunk/utils/src/stretch_sr.vhd sub00/vhpl05 1412927377
AR strobe40_gen rtl /home/daqdev/work/adl_atlasupstrip/hsio_trunk/utils/src/strobe40_gen.vhd sub00/vhpl24 1412927465
EN ll_enbuffn NULL /home/daqdev/work/adl_atlasupstrip/hsio_trunk/utils/src/ll_enbuffn.vhd sub00/vhpl27 1412927468
EN edge_detect NULL /home/daqdev/work/adl_atlasupstrip/hsio_trunk/utils/src/edge_detect.vhd sub00/vhpl35 1412927476
EN m_buff NULL /home/daqdev/work/adl_atlasupstrip/hsio_trunk/utils/src/m_buff.vhd sub00/vhpl15 1412927387
AR prog_delay rtl /home/daqdev/work/adl_atlasupstrip/hsio_trunk/utils/src/prog_delay.vhd sub00/vhpl12 1412927384
AR sercom_gen rtl /home/daqdev/work/adl_atlasupstrip/hsio_trunk/utils/src/sercom_gen.vhd sub00/vhpl10 1412927382
AR twowire_tri rtl /home/daqdev/work/adl_atlasupstrip/hsio_trunk/utils/src/twowire_tri.vhd sub00/vhpl40 1412927535
PH pkg_types NULL /home/daqdev/work/adl_atlasupstrip/hsio_trunk/utils/src/pkg_types.vhd sub00/vhpl00 1412927302
AR hold_reg rtl /home/daqdev/work/adl_atlasupstrip/hsio_trunk/utils/src/hold_reg.vhd sub00/vhpl18 1412927390
EN counter NULL /home/daqdev/work/adl_atlasupstrip/hsio_trunk/utils/src/counter.vhd sub00/vhpl03 1412927329
AR m_inv rtl /home/daqdev/work/adl_atlasupstrip/hsio_trunk/utils/src/m_inv.vhd sub00/vhpl14 1412927386
AR edgedet_sync rtl /home/daqdev/work/adl_atlasupstrip/hsio_trunk/utils/src/edgedet_sync.vhd sub00/vhpl20 1412927392
EN m_inv NULL /home/daqdev/work/adl_atlasupstrip/hsio_trunk/utils/src/m_inv.vhd sub00/vhpl13 1412927385
EN edgedet_sync NULL /home/daqdev/work/adl_atlasupstrip/hsio_trunk/utils/src/edgedet_sync.vhd sub00/vhpl19 1412927391
AR led_pulse rtl /home/daqdev/work/adl_atlasupstrip/hsio_trunk/utils/src/led_pulse.vhd sub00/vhpl32 1412927473
AR ff_ddr_rx rtl /home/daqdev/work/adl_atlasupstrip/hsio_trunk/utils/src/ff_ddr_rx.vhd sub00/vhpl34 1412927475
EN onewire_tri NULL /home/daqdev/work/adl_atlasupstrip/hsio_trunk/utils/src/onewire_tri.vhd sub00/vhpl41 1412927536
EN strobe40_gen NULL /home/daqdev/work/adl_atlasupstrip/hsio_trunk/utils/src/strobe40_gen.vhd sub00/vhpl23 1412927464
AR ll_enbuffn rtl /home/daqdev/work/adl_atlasupstrip/hsio_trunk/utils/src/ll_enbuffn.vhd sub00/vhpl28 1412927469
AR onewire_tri rtl /home/daqdev/work/adl_atlasupstrip/hsio_trunk/utils/src/onewire_tri.vhd sub00/vhpl42 1412927537
AR ll_enbuff rtl /home/daqdev/work/adl_atlasupstrip/hsio_trunk/utils/src/ll_enbuff.vhd sub00/vhpl30 1412927471
AR m_power rtl /home/daqdev/work/adl_atlasupstrip/hsio_trunk/utils/src/m_power.vhd sub00/vhpl02 1412927328
AR pipeline rtl /home/daqdev/work/adl_atlasupstrip/hsio_trunk/utils/src/pipeline.vhd sub00/vhpl26 1412927467
AR m_buff rtl /home/daqdev/work/adl_atlasupstrip/hsio_trunk/utils/src/m_buff.vhd sub00/vhpl16 1412927388
EN hold_reg NULL /home/daqdev/work/adl_atlasupstrip/hsio_trunk/utils/src/hold_reg.vhd sub00/vhpl17 1412927389
EN count_delay NULL /home/daqdev/work/adl_atlasupstrip/hsio_trunk/utils/src/count_delay.vhd sub00/vhpl37 1412927478
EN prog_delay NULL /home/daqdev/work/adl_atlasupstrip/hsio_trunk/utils/src/prog_delay.vhd sub00/vhpl11 1412927383
EN m_power NULL /home/daqdev/work/adl_atlasupstrip/hsio_trunk/utils/src/m_power.vhd sub00/vhpl01 1412927327
EN pipeline NULL /home/daqdev/work/adl_atlasupstrip/hsio_trunk/utils/src/pipeline.vhd sub00/vhpl25 1412927466
AR stretch1 rtl /home/daqdev/work/adl_atlasupstrip/hsio_trunk/utils/src/stretch1.vhd sub00/vhpl08 1412927380
EN ticks_gen NULL /home/daqdev/work/adl_atlasupstrip/hsio_trunk/utils/src/ticks_gen.vhd sub00/vhpl21 1412927462
EN ff_ddr_rx NULL /home/daqdev/work/adl_atlasupstrip/hsio_trunk/utils/src/ff_ddr_rx.vhd sub00/vhpl33 1412927474
