V3 67
FL /home/daqdev/work/adl_atlasupstrip/hsio_trunk/utils/src/counter.vhd 2014/10/02.14:02:54 P.49d
EN utils/counter 1412225824 \
      FL /home/daqdev/work/adl_atlasupstrip/hsio_trunk/utils/src/counter.vhd \
      PB ieee/std_logic_1164 1354696159 PB ieee/std_logic_arith 1354696160 \
      PB ieee/STD_LOGIC_UNSIGNED 1354696162
AR utils/counter/rtl 1412225825 \
      FL /home/daqdev/work/adl_atlasupstrip/hsio_trunk/utils/src/counter.vhd \
      EN utils/counter 1412225824
FL /home/daqdev/work/adl_atlasupstrip/hsio_trunk/utils/src/count_delay.vhd 2014/10/02.14:02:54 P.49d
EN utils/count_delay 1412225973 \
      FL /home/daqdev/work/adl_atlasupstrip/hsio_trunk/utils/src/count_delay.vhd \
      PB ieee/std_logic_1164 1354696159 PB ieee/std_logic_arith 1354696160 \
      PB ieee/STD_LOGIC_UNSIGNED 1354696162
AR utils/count_delay/rtl 1412225974 \
      FL /home/daqdev/work/adl_atlasupstrip/hsio_trunk/utils/src/count_delay.vhd \
      EN utils/count_delay 1412225973
FL /home/daqdev/work/adl_atlasupstrip/hsio_trunk/utils/src/edgedet_sync.vhd 2014/10/02.14:02:54 P.49d
EN utils/edgedet_sync 1412225886 \
      FL /home/daqdev/work/adl_atlasupstrip/hsio_trunk/utils/src/edgedet_sync.vhd \
      PB ieee/std_logic_1164 1354696159 PB ieee/std_logic_arith 1354696160 \
      PB ieee/STD_LOGIC_UNSIGNED 1354696162
AR utils/edgedet_sync/rtl 1412225887 \
      FL /home/daqdev/work/adl_atlasupstrip/hsio_trunk/utils/src/edgedet_sync.vhd \
      EN utils/edgedet_sync 1412225886
FL /home/daqdev/work/adl_atlasupstrip/hsio_trunk/utils/src/edge_detect.vhd 2014/10/02.14:02:54 P.49d
EN utils/edge_detect 1412225971 \
      FL /home/daqdev/work/adl_atlasupstrip/hsio_trunk/utils/src/edge_detect.vhd \
      PB ieee/std_logic_1164 1354696159
AR utils/edge_detect/rtl 1412225972 \
      FL /home/daqdev/work/adl_atlasupstrip/hsio_trunk/utils/src/edge_detect.vhd \
      EN utils/edge_detect 1412225971
FL /home/daqdev/work/adl_atlasupstrip/hsio_trunk/utils/src/ff_ddr_rx.vhd 2014/10/02.14:02:54 P.49d
EN utils/ff_ddr_rx 1412225969 \
      FL /home/daqdev/work/adl_atlasupstrip/hsio_trunk/utils/src/ff_ddr_rx.vhd \
      PB ieee/std_logic_1164 1354696159
AR utils/ff_ddr_rx/rtl 1412225970 \
      FL /home/daqdev/work/adl_atlasupstrip/hsio_trunk/utils/src/ff_ddr_rx.vhd \
      EN utils/ff_ddr_rx 1412225969
FL /home/daqdev/work/adl_atlasupstrip/hsio_trunk/utils/src/hold_reg.vhd 2014/10/02.14:02:54 P.49d
EN utils/hold_reg 1412225884 \
      FL /home/daqdev/work/adl_atlasupstrip/hsio_trunk/utils/src/hold_reg.vhd \
      PB ieee/std_logic_1164 1354696159
AR utils/hold_reg/rtl 1412225885 \
      FL /home/daqdev/work/adl_atlasupstrip/hsio_trunk/utils/src/hold_reg.vhd \
      EN utils/hold_reg 1412225884
FL /home/daqdev/work/adl_atlasupstrip/hsio_trunk/utils/src/led_pulse.vhd 2014/10/02.14:02:54 P.49d
EN utils/led_pulse 1412225967 \
      FL /home/daqdev/work/adl_atlasupstrip/hsio_trunk/utils/src/led_pulse.vhd \
      PB ieee/std_logic_1164 1354696159 PB ieee/std_logic_arith 1354696160 \
      PB ieee/STD_LOGIC_UNSIGNED 1354696162
AR utils/led_pulse/rtl 1412225968 \
      FL /home/daqdev/work/adl_atlasupstrip/hsio_trunk/utils/src/led_pulse.vhd \
      EN utils/led_pulse 1412225967
FL /home/daqdev/work/adl_atlasupstrip/hsio_trunk/utils/src/ll_enbuff.vhd 2014/10/02.14:02:54 P.49d
EN utils/ll_enbuff 1412225965 \
      FL /home/daqdev/work/adl_atlasupstrip/hsio_trunk/utils/src/ll_enbuff.vhd \
      PB ieee/std_logic_1164 1354696159
AR utils/ll_enbuff/rtl 1412225966 \
      FL /home/daqdev/work/adl_atlasupstrip/hsio_trunk/utils/src/ll_enbuff.vhd \
      EN utils/ll_enbuff 1412225965
FL /home/daqdev/work/adl_atlasupstrip/hsio_trunk/utils/src/ll_enbuffn.vhd 2014/10/02.14:02:54 P.49d
EN utils/ll_enbuffn 1412225963 \
      FL /home/daqdev/work/adl_atlasupstrip/hsio_trunk/utils/src/ll_enbuffn.vhd \
      PB ieee/std_logic_1164 1354696159
AR utils/ll_enbuffn/rtl 1412225964 \
      FL /home/daqdev/work/adl_atlasupstrip/hsio_trunk/utils/src/ll_enbuffn.vhd \
      EN utils/ll_enbuffn 1412225963
FL /home/daqdev/work/adl_atlasupstrip/hsio_trunk/utils/src/m_buff.vhd 2014/10/02.14:02:54 P.49d
EN utils/m_buff 1412225882 \
      FL /home/daqdev/work/adl_atlasupstrip/hsio_trunk/utils/src/m_buff.vhd \
      PB ieee/std_logic_1164 1354696159
AR utils/m_buff/rtl 1412225883 \
      FL /home/daqdev/work/adl_atlasupstrip/hsio_trunk/utils/src/m_buff.vhd \
      EN utils/m_buff 1412225882
FL /home/daqdev/work/adl_atlasupstrip/hsio_trunk/utils/src/m_inv.vhd 2014/10/02.14:02:54 P.49d
EN utils/m_inv 1412225880 \
      FL /home/daqdev/work/adl_atlasupstrip/hsio_trunk/utils/src/m_inv.vhd \
      PB ieee/std_logic_1164 1354696159
AR utils/m_inv/rtl 1412225881 \
      FL /home/daqdev/work/adl_atlasupstrip/hsio_trunk/utils/src/m_inv.vhd \
      EN utils/m_inv 1412225880
FL /home/daqdev/work/adl_atlasupstrip/hsio_trunk/utils/src/m_power.vhd 2014/10/02.14:02:54 P.49d
EN utils/m_power 1412225822 \
      FL /home/daqdev/work/adl_atlasupstrip/hsio_trunk/utils/src/m_power.vhd \
      PB ieee/std_logic_1164 1354696159
AR utils/m_power/rtl 1412225823 \
      FL /home/daqdev/work/adl_atlasupstrip/hsio_trunk/utils/src/m_power.vhd \
      EN utils/m_power 1412225822
FL /home/daqdev/work/adl_atlasupstrip/hsio_trunk/utils/src/onewire_tri.vhd 2014/10/02.14:02:54 P.49d
EN utils/onewire_tri 1412226031 \
      FL /home/daqdev/work/adl_atlasupstrip/hsio_trunk/utils/src/onewire_tri.vhd \
      PB ieee/std_logic_1164 1354696159
AR utils/onewire_tri/rtl 1412226032 \
      FL /home/daqdev/work/adl_atlasupstrip/hsio_trunk/utils/src/onewire_tri.vhd \
      EN utils/onewire_tri 1412226031
FL /home/daqdev/work/adl_atlasupstrip/hsio_trunk/utils/src/pipeline.vhd 2014/10/02.14:02:54 P.49d
EN utils/pipeline 1412225961 \
      FL /home/daqdev/work/adl_atlasupstrip/hsio_trunk/utils/src/pipeline.vhd \
      PB ieee/std_logic_1164 1354696159 PB ieee/std_logic_arith 1354696160 \
      PB ieee/STD_LOGIC_UNSIGNED 1354696162
AR utils/pipeline/rtl 1412225962 \
      FL /home/daqdev/work/adl_atlasupstrip/hsio_trunk/utils/src/pipeline.vhd \
      EN utils/pipeline 1412225961
FL /home/daqdev/work/adl_atlasupstrip/hsio_trunk/utils/src/pkg_types.vhd 2014/10/02.14:02:54 P.49d
PH utils/pkg_types 1412225797 \
      FL /home/daqdev/work/adl_atlasupstrip/hsio_trunk/utils/src/pkg_types.vhd \
      PB ieee/std_logic_1164 1354696159
FL /home/daqdev/work/adl_atlasupstrip/hsio_trunk/utils/src/prog_delay.vhd 2014/10/02.14:02:54 P.49d
EN utils/prog_delay 1412225878 \
      FL /home/daqdev/work/adl_atlasupstrip/hsio_trunk/utils/src/prog_delay.vhd \
      PB ieee/std_logic_1164 1354696159 PB ieee/std_logic_arith 1354696160 \
      PB ieee/STD_LOGIC_UNSIGNED 1354696162
AR utils/prog_delay/rtl 1412225879 \
      FL /home/daqdev/work/adl_atlasupstrip/hsio_trunk/utils/src/prog_delay.vhd \
      EN utils/prog_delay 1412225878
FL /home/daqdev/work/adl_atlasupstrip/hsio_trunk/utils/src/sercom_gen.vhd 2014/10/02.14:02:54 P.49d
EN utils/sercom_gen 1412225876 \
      FL /home/daqdev/work/adl_atlasupstrip/hsio_trunk/utils/src/sercom_gen.vhd \
      PB ieee/std_logic_1164 1354696159 PB ieee/std_logic_arith 1354696160 \
      PB ieee/STD_LOGIC_UNSIGNED 1354696162
AR utils/sercom_gen/rtl 1412225877 \
      FL /home/daqdev/work/adl_atlasupstrip/hsio_trunk/utils/src/sercom_gen.vhd \
      EN utils/sercom_gen 1412225876
FL /home/daqdev/work/adl_atlasupstrip/hsio_trunk/utils/src/stretch1.vhd 2014/10/02.14:02:54 P.49d
EN utils/stretch1 1412225874 \
      FL /home/daqdev/work/adl_atlasupstrip/hsio_trunk/utils/src/stretch1.vhd \
      PB ieee/std_logic_1164 1354696159
AR utils/stretch1/rtl 1412225875 \
      FL /home/daqdev/work/adl_atlasupstrip/hsio_trunk/utils/src/stretch1.vhd \
      EN utils/stretch1 1412225874
FL /home/daqdev/work/adl_atlasupstrip/hsio_trunk/utils/src/stretch_sr.vhd 2014/10/02.14:02:54 P.49d
EN utils/stretch_sr 1412225872 \
      FL /home/daqdev/work/adl_atlasupstrip/hsio_trunk/utils/src/stretch_sr.vhd \
      PB ieee/std_logic_1164 1354696159
AR utils/stretch_sr/rtl 1412225873 \
      FL /home/daqdev/work/adl_atlasupstrip/hsio_trunk/utils/src/stretch_sr.vhd \
      EN utils/stretch_sr 1412225872
FL /home/daqdev/work/adl_atlasupstrip/hsio_trunk/utils/src/strobe40_gen.vhd 2014/10/02.14:02:54 P.49d
EN utils/strobe40_gen 1412225959 \
      FL /home/daqdev/work/adl_atlasupstrip/hsio_trunk/utils/src/strobe40_gen.vhd \
      PB ieee/std_logic_1164 1354696159 PB ieee/std_logic_arith 1354696160 \
      PB ieee/STD_LOGIC_UNSIGNED 1354696162
AR utils/strobe40_gen/rtl 1412225960 \
      FL /home/daqdev/work/adl_atlasupstrip/hsio_trunk/utils/src/strobe40_gen.vhd \
      EN utils/strobe40_gen 1412225959
FL /home/daqdev/work/adl_atlasupstrip/hsio_trunk/utils/src/ticks_gen.vhd 2014/10/02.14:02:54 P.49d
EN utils/ticks_gen 1412225957 \
      FL /home/daqdev/work/adl_atlasupstrip/hsio_trunk/utils/src/ticks_gen.vhd \
      PB ieee/std_logic_1164 1354696159 PB ieee/std_logic_arith 1354696160 \
      PB ieee/STD_LOGIC_UNSIGNED 1354696162 LB utils PH utils/pkg_types 1412225797
AR utils/ticks_gen/rtl 1412225958 \
      FL /home/daqdev/work/adl_atlasupstrip/hsio_trunk/utils/src/ticks_gen.vhd \
      EN utils/ticks_gen 1412225957
FL /home/daqdev/work/adl_atlasupstrip/hsio_trunk/utils/src/twowire_tri.vhd 2014/10/02.14:02:54 P.49d
EN utils/twowire_tri 1412226029 \
      FL /home/daqdev/work/adl_atlasupstrip/hsio_trunk/utils/src/twowire_tri.vhd \
      PB ieee/std_logic_1164 1354696159 LB UNISIM PH unisim/VCOMPONENTS 1354696165
AR utils/twowire_tri/rtl 1412226030 \
      FL /home/daqdev/work/adl_atlasupstrip/hsio_trunk/utils/src/twowire_tri.vhd \
      EN utils/twowire_tri 1412226029
