V3 67
FL /home/daqdev/work/adl_atlasupstrip/hsio_trunk/utils/src/counter.vhd 2014/10/02.14:02:54 P.49d
EN utils/counter 1413174839 \
      FL /home/daqdev/work/adl_atlasupstrip/hsio_trunk/utils/src/counter.vhd \
      PB ieee/std_logic_1164 1354696159 PB ieee/std_logic_arith 1354696160 \
      PB ieee/STD_LOGIC_UNSIGNED 1354696162
AR utils/counter/rtl 1413174840 \
      FL /home/daqdev/work/adl_atlasupstrip/hsio_trunk/utils/src/counter.vhd \
      EN utils/counter 1413174839
FL /home/daqdev/work/adl_atlasupstrip/hsio_trunk/utils/src/count_delay.vhd 2014/10/02.14:02:54 P.49d
EN utils/count_delay 1413174988 \
      FL /home/daqdev/work/adl_atlasupstrip/hsio_trunk/utils/src/count_delay.vhd \
      PB ieee/std_logic_1164 1354696159 PB ieee/std_logic_arith 1354696160 \
      PB ieee/STD_LOGIC_UNSIGNED 1354696162
AR utils/count_delay/rtl 1413174989 \
      FL /home/daqdev/work/adl_atlasupstrip/hsio_trunk/utils/src/count_delay.vhd \
      EN utils/count_delay 1413174988
FL /home/daqdev/work/adl_atlasupstrip/hsio_trunk/utils/src/edgedet_sync.vhd 2014/10/02.14:02:54 P.49d
EN utils/edgedet_sync 1413174901 \
      FL /home/daqdev/work/adl_atlasupstrip/hsio_trunk/utils/src/edgedet_sync.vhd \
      PB ieee/std_logic_1164 1354696159 PB ieee/std_logic_arith 1354696160 \
      PB ieee/STD_LOGIC_UNSIGNED 1354696162
AR utils/edgedet_sync/rtl 1413174902 \
      FL /home/daqdev/work/adl_atlasupstrip/hsio_trunk/utils/src/edgedet_sync.vhd \
      EN utils/edgedet_sync 1413174901
FL /home/daqdev/work/adl_atlasupstrip/hsio_trunk/utils/src/edge_detect.vhd 2014/10/02.14:02:54 P.49d
EN utils/edge_detect 1413174986 \
      FL /home/daqdev/work/adl_atlasupstrip/hsio_trunk/utils/src/edge_detect.vhd \
      PB ieee/std_logic_1164 1354696159
AR utils/edge_detect/rtl 1413174987 \
      FL /home/daqdev/work/adl_atlasupstrip/hsio_trunk/utils/src/edge_detect.vhd \
      EN utils/edge_detect 1413174986
FL /home/daqdev/work/adl_atlasupstrip/hsio_trunk/utils/src/ff_ddr_rx.vhd 2014/10/02.14:02:54 P.49d
EN utils/ff_ddr_rx 1413174984 \
      FL /home/daqdev/work/adl_atlasupstrip/hsio_trunk/utils/src/ff_ddr_rx.vhd \
      PB ieee/std_logic_1164 1354696159
AR utils/ff_ddr_rx/rtl 1413174985 \
      FL /home/daqdev/work/adl_atlasupstrip/hsio_trunk/utils/src/ff_ddr_rx.vhd \
      EN utils/ff_ddr_rx 1413174984
FL /home/daqdev/work/adl_atlasupstrip/hsio_trunk/utils/src/hold_reg.vhd 2014/10/02.14:02:54 P.49d
EN utils/hold_reg 1413174899 \
      FL /home/daqdev/work/adl_atlasupstrip/hsio_trunk/utils/src/hold_reg.vhd \
      PB ieee/std_logic_1164 1354696159
AR utils/hold_reg/rtl 1413174900 \
      FL /home/daqdev/work/adl_atlasupstrip/hsio_trunk/utils/src/hold_reg.vhd \
      EN utils/hold_reg 1413174899
FL /home/daqdev/work/adl_atlasupstrip/hsio_trunk/utils/src/led_pulse.vhd 2014/10/02.14:02:54 P.49d
EN utils/led_pulse 1413174982 \
      FL /home/daqdev/work/adl_atlasupstrip/hsio_trunk/utils/src/led_pulse.vhd \
      PB ieee/std_logic_1164 1354696159 PB ieee/std_logic_arith 1354696160 \
      PB ieee/STD_LOGIC_UNSIGNED 1354696162
AR utils/led_pulse/rtl 1413174983 \
      FL /home/daqdev/work/adl_atlasupstrip/hsio_trunk/utils/src/led_pulse.vhd \
      EN utils/led_pulse 1413174982
FL /home/daqdev/work/adl_atlasupstrip/hsio_trunk/utils/src/ll_enbuff.vhd 2014/10/02.14:02:54 P.49d
EN utils/ll_enbuff 1413174980 \
      FL /home/daqdev/work/adl_atlasupstrip/hsio_trunk/utils/src/ll_enbuff.vhd \
      PB ieee/std_logic_1164 1354696159
AR utils/ll_enbuff/rtl 1413174981 \
      FL /home/daqdev/work/adl_atlasupstrip/hsio_trunk/utils/src/ll_enbuff.vhd \
      EN utils/ll_enbuff 1413174980
FL /home/daqdev/work/adl_atlasupstrip/hsio_trunk/utils/src/ll_enbuffn.vhd 2014/10/02.14:02:54 P.49d
EN utils/ll_enbuffn 1413174978 \
      FL /home/daqdev/work/adl_atlasupstrip/hsio_trunk/utils/src/ll_enbuffn.vhd \
      PB ieee/std_logic_1164 1354696159
AR utils/ll_enbuffn/rtl 1413174979 \
      FL /home/daqdev/work/adl_atlasupstrip/hsio_trunk/utils/src/ll_enbuffn.vhd \
      EN utils/ll_enbuffn 1413174978
FL /home/daqdev/work/adl_atlasupstrip/hsio_trunk/utils/src/m_buff.vhd 2014/10/02.14:02:54 P.49d
EN utils/m_buff 1413174897 \
      FL /home/daqdev/work/adl_atlasupstrip/hsio_trunk/utils/src/m_buff.vhd \
      PB ieee/std_logic_1164 1354696159
AR utils/m_buff/rtl 1413174898 \
      FL /home/daqdev/work/adl_atlasupstrip/hsio_trunk/utils/src/m_buff.vhd \
      EN utils/m_buff 1413174897
FL /home/daqdev/work/adl_atlasupstrip/hsio_trunk/utils/src/m_inv.vhd 2014/10/02.14:02:54 P.49d
EN utils/m_inv 1413174895 \
      FL /home/daqdev/work/adl_atlasupstrip/hsio_trunk/utils/src/m_inv.vhd \
      PB ieee/std_logic_1164 1354696159
AR utils/m_inv/rtl 1413174896 \
      FL /home/daqdev/work/adl_atlasupstrip/hsio_trunk/utils/src/m_inv.vhd \
      EN utils/m_inv 1413174895
FL /home/daqdev/work/adl_atlasupstrip/hsio_trunk/utils/src/m_power.vhd 2014/10/02.14:02:54 P.49d
EN utils/m_power 1413174837 \
      FL /home/daqdev/work/adl_atlasupstrip/hsio_trunk/utils/src/m_power.vhd \
      PB ieee/std_logic_1164 1354696159
AR utils/m_power/rtl 1413174838 \
      FL /home/daqdev/work/adl_atlasupstrip/hsio_trunk/utils/src/m_power.vhd \
      EN utils/m_power 1413174837
FL /home/daqdev/work/adl_atlasupstrip/hsio_trunk/utils/src/onewire_tri.vhd 2014/10/02.14:02:54 P.49d
EN utils/onewire_tri 1413175046 \
      FL /home/daqdev/work/adl_atlasupstrip/hsio_trunk/utils/src/onewire_tri.vhd \
      PB ieee/std_logic_1164 1354696159
AR utils/onewire_tri/rtl 1413175047 \
      FL /home/daqdev/work/adl_atlasupstrip/hsio_trunk/utils/src/onewire_tri.vhd \
      EN utils/onewire_tri 1413175046
FL /home/daqdev/work/adl_atlasupstrip/hsio_trunk/utils/src/pipeline.vhd 2014/10/02.14:02:54 P.49d
EN utils/pipeline 1413174976 \
      FL /home/daqdev/work/adl_atlasupstrip/hsio_trunk/utils/src/pipeline.vhd \
      PB ieee/std_logic_1164 1354696159 PB ieee/std_logic_arith 1354696160 \
      PB ieee/STD_LOGIC_UNSIGNED 1354696162
AR utils/pipeline/rtl 1413174977 \
      FL /home/daqdev/work/adl_atlasupstrip/hsio_trunk/utils/src/pipeline.vhd \
      EN utils/pipeline 1413174976
FL /home/daqdev/work/adl_atlasupstrip/hsio_trunk/utils/src/pkg_types.vhd 2014/10/02.14:02:54 P.49d
PH utils/pkg_types 1413174812 \
      FL /home/daqdev/work/adl_atlasupstrip/hsio_trunk/utils/src/pkg_types.vhd \
      PB ieee/std_logic_1164 1354696159
FL /home/daqdev/work/adl_atlasupstrip/hsio_trunk/utils/src/prog_delay.vhd 2014/10/02.14:02:54 P.49d
EN utils/prog_delay 1413174893 \
      FL /home/daqdev/work/adl_atlasupstrip/hsio_trunk/utils/src/prog_delay.vhd \
      PB ieee/std_logic_1164 1354696159 PB ieee/std_logic_arith 1354696160 \
      PB ieee/STD_LOGIC_UNSIGNED 1354696162
AR utils/prog_delay/rtl 1413174894 \
      FL /home/daqdev/work/adl_atlasupstrip/hsio_trunk/utils/src/prog_delay.vhd \
      EN utils/prog_delay 1413174893
FL /home/daqdev/work/adl_atlasupstrip/hsio_trunk/utils/src/sercom_gen.vhd 2014/10/02.14:02:54 P.49d
EN utils/sercom_gen 1413174891 \
      FL /home/daqdev/work/adl_atlasupstrip/hsio_trunk/utils/src/sercom_gen.vhd \
      PB ieee/std_logic_1164 1354696159 PB ieee/std_logic_arith 1354696160 \
      PB ieee/STD_LOGIC_UNSIGNED 1354696162
AR utils/sercom_gen/rtl 1413174892 \
      FL /home/daqdev/work/adl_atlasupstrip/hsio_trunk/utils/src/sercom_gen.vhd \
      EN utils/sercom_gen 1413174891
FL /home/daqdev/work/adl_atlasupstrip/hsio_trunk/utils/src/stretch1.vhd 2014/10/02.14:02:54 P.49d
EN utils/stretch1 1413174889 \
      FL /home/daqdev/work/adl_atlasupstrip/hsio_trunk/utils/src/stretch1.vhd \
      PB ieee/std_logic_1164 1354696159
AR utils/stretch1/rtl 1413174890 \
      FL /home/daqdev/work/adl_atlasupstrip/hsio_trunk/utils/src/stretch1.vhd \
      EN utils/stretch1 1413174889
FL /home/daqdev/work/adl_atlasupstrip/hsio_trunk/utils/src/stretch_sr.vhd 2014/10/02.14:02:54 P.49d
EN utils/stretch_sr 1413174887 \
      FL /home/daqdev/work/adl_atlasupstrip/hsio_trunk/utils/src/stretch_sr.vhd \
      PB ieee/std_logic_1164 1354696159
AR utils/stretch_sr/rtl 1413174888 \
      FL /home/daqdev/work/adl_atlasupstrip/hsio_trunk/utils/src/stretch_sr.vhd \
      EN utils/stretch_sr 1413174887
FL /home/daqdev/work/adl_atlasupstrip/hsio_trunk/utils/src/strobe40_gen.vhd 2014/10/02.14:02:54 P.49d
EN utils/strobe40_gen 1413174974 \
      FL /home/daqdev/work/adl_atlasupstrip/hsio_trunk/utils/src/strobe40_gen.vhd \
      PB ieee/std_logic_1164 1354696159 PB ieee/std_logic_arith 1354696160 \
      PB ieee/STD_LOGIC_UNSIGNED 1354696162
AR utils/strobe40_gen/rtl 1413174975 \
      FL /home/daqdev/work/adl_atlasupstrip/hsio_trunk/utils/src/strobe40_gen.vhd \
      EN utils/strobe40_gen 1413174974
FL /home/daqdev/work/adl_atlasupstrip/hsio_trunk/utils/src/ticks_gen.vhd 2014/10/02.14:02:54 P.49d
EN utils/ticks_gen 1413174972 \
      FL /home/daqdev/work/adl_atlasupstrip/hsio_trunk/utils/src/ticks_gen.vhd \
      PB ieee/std_logic_1164 1354696159 PB ieee/std_logic_arith 1354696160 \
      PB ieee/STD_LOGIC_UNSIGNED 1354696162 LB utils PH utils/pkg_types 1413174812
AR utils/ticks_gen/rtl 1413174973 \
      FL /home/daqdev/work/adl_atlasupstrip/hsio_trunk/utils/src/ticks_gen.vhd \
      EN utils/ticks_gen 1413174972
FL /home/daqdev/work/adl_atlasupstrip/hsio_trunk/utils/src/twowire_tri.vhd 2014/10/02.14:02:54 P.49d
EN utils/twowire_tri 1413175044 \
      FL /home/daqdev/work/adl_atlasupstrip/hsio_trunk/utils/src/twowire_tri.vhd \
      PB ieee/std_logic_1164 1354696159 LB UNISIM PH unisim/VCOMPONENTS 1354696165
AR utils/twowire_tri/rtl 1413175045 \
      FL /home/daqdev/work/adl_atlasupstrip/hsio_trunk/utils/src/twowire_tri.vhd \
      EN utils/twowire_tri 1413175044
