AR ocb_rawcom rtl /afs/cern.ch/work/l/leejr/SCT/hsio_trunk/ocb/src/ocb_rawcom.vhd sub00/vhpl13 1410224534
AR ocb_echo_watchdog rtl /afs/cern.ch/work/l/leejr/SCT/hsio_trunk/ocb/src/ocb_echo_watchdog.vhd sub00/vhpl15 1410224536
AR ocb_rawsigs rtl /afs/cern.ch/work/l/leejr/SCT/hsio_trunk/ocb/src/ocb_rawsigs.vhd sub00/vhpl09 1410224530
EN ocb_rawseq NULL /afs/cern.ch/work/l/leejr/SCT/hsio_trunk/ocb/src/ocb_rawseq.vhd sub00/vhpl10 1410224531
EN ocb_streams NULL /afs/cern.ch/work/l/leejr/SCT/hsio_trunk/ocb/src/ocb_streams.vhd sub00/vhpl02 1410224523
EN ocb_statread NULL /afs/cern.ch/work/l/leejr/SCT/hsio_trunk/ocb/src/ocb_statread.vhd sub00/vhpl04 1410224525
AR ocb_statread rtl /afs/cern.ch/work/l/leejr/SCT/hsio_trunk/ocb/src/ocb_statread.vhd sub00/vhpl05 1410224526
EN ocb_rawcom NULL /afs/cern.ch/work/l/leejr/SCT/hsio_trunk/ocb/src/ocb_rawcom.vhd sub00/vhpl12 1410224533
AR ocb_streams rtl /afs/cern.ch/work/l/leejr/SCT/hsio_trunk/ocb/src/ocb_streams.vhd sub00/vhpl03 1410224524
EN ocb_echo_watchdog NULL /afs/cern.ch/work/l/leejr/SCT/hsio_trunk/ocb/src/ocb_echo_watchdog.vhd sub00/vhpl14 1410224535
AR ocb_rawseq rtl /afs/cern.ch/work/l/leejr/SCT/hsio_trunk/ocb/src/ocb_rawseq.vhd sub00/vhpl11 1410224532
EN ocb_regblock NULL /afs/cern.ch/work/l/leejr/SCT/hsio_trunk/ocb/src/ocb_regblock.vhd sub00/vhpl06 1410224527
AR ocb_twowire rtl /afs/cern.ch/work/l/leejr/SCT/hsio_trunk/ocb/src/ocb_twowire.vhd sub00/vhpl01 1410224522
EN ocb_rawsigs NULL /afs/cern.ch/work/l/leejr/SCT/hsio_trunk/ocb/src/ocb_rawsigs.vhd sub00/vhpl08 1410224529
EN ocb_twowire NULL /afs/cern.ch/work/l/leejr/SCT/hsio_trunk/ocb/src/ocb_twowire.vhd sub00/vhpl00 1410224521
EN ocb_command NULL /afs/cern.ch/work/l/leejr/SCT/hsio_trunk/ocb/src/ocb_command.vhd sub00/vhpl16 1410224537
AR ocb_regblock rtl /afs/cern.ch/work/l/leejr/SCT/hsio_trunk/ocb/src/ocb_regblock.vhd sub00/vhpl07 1410224528
AR ocb_command rtl /afs/cern.ch/work/l/leejr/SCT/hsio_trunk/ocb/src/ocb_command.vhd sub00/vhpl17 1410224538
