AR ocb_rawcom rtl /home/daqdev/work/adl_atlasupstrip/hsio_trunk/ocb/src/ocb_rawcom.vhd sub00/vhpl13 1412857352
AR ocb_echo_watchdog rtl /home/daqdev/work/adl_atlasupstrip/hsio_trunk/ocb/src/ocb_echo_watchdog.vhd sub00/vhpl15 1412857354
AR ocb_rawsigs rtl /home/daqdev/work/adl_atlasupstrip/hsio_trunk/ocb/src/ocb_rawsigs.vhd sub00/vhpl09 1412857348
EN ocb_rawseq NULL /home/daqdev/work/adl_atlasupstrip/hsio_trunk/ocb/src/ocb_rawseq.vhd sub00/vhpl10 1412857349
EN ocb_streams NULL /home/daqdev/work/adl_atlasupstrip/hsio_trunk/ocb/src/ocb_streams.vhd sub00/vhpl02 1412857341
EN ocb_statread NULL /home/daqdev/work/adl_atlasupstrip/hsio_trunk/ocb/src/ocb_statread.vhd sub00/vhpl04 1412857343
AR ocb_statread rtl /home/daqdev/work/adl_atlasupstrip/hsio_trunk/ocb/src/ocb_statread.vhd sub00/vhpl05 1412857344
EN ocb_rawcom NULL /home/daqdev/work/adl_atlasupstrip/hsio_trunk/ocb/src/ocb_rawcom.vhd sub00/vhpl12 1412857351
AR ocb_streams rtl /home/daqdev/work/adl_atlasupstrip/hsio_trunk/ocb/src/ocb_streams.vhd sub00/vhpl03 1412857342
EN ocb_echo_watchdog NULL /home/daqdev/work/adl_atlasupstrip/hsio_trunk/ocb/src/ocb_echo_watchdog.vhd sub00/vhpl14 1412857353
AR ocb_rawseq rtl /home/daqdev/work/adl_atlasupstrip/hsio_trunk/ocb/src/ocb_rawseq.vhd sub00/vhpl11 1412857350
EN ocb_regblock NULL /home/daqdev/work/adl_atlasupstrip/hsio_trunk/ocb/src/ocb_regblock.vhd sub00/vhpl06 1412857345
AR ocb_twowire rtl /home/daqdev/work/adl_atlasupstrip/hsio_trunk/ocb/src/ocb_twowire.vhd sub00/vhpl01 1412857340
EN ocb_rawsigs NULL /home/daqdev/work/adl_atlasupstrip/hsio_trunk/ocb/src/ocb_rawsigs.vhd sub00/vhpl08 1412857347
EN ocb_twowire NULL /home/daqdev/work/adl_atlasupstrip/hsio_trunk/ocb/src/ocb_twowire.vhd sub00/vhpl00 1412857339
EN ocb_command NULL /home/daqdev/work/adl_atlasupstrip/hsio_trunk/ocb/src/ocb_command.vhd sub00/vhpl16 1412857355
AR ocb_regblock rtl /home/daqdev/work/adl_atlasupstrip/hsio_trunk/ocb/src/ocb_regblock.vhd sub00/vhpl07 1412857346
AR ocb_command rtl /home/daqdev/work/adl_atlasupstrip/hsio_trunk/ocb/src/ocb_command.vhd sub00/vhpl17 1412857356
