V3 35
FL /home/daqdev/work/adl_atlasupstrip/hsio_trunk/ocb/src/ocb_command.vhd 2014/10/02.14:02:53 P.49d
EN ocb/ocb_command 1413174921 \
      FL /home/daqdev/work/adl_atlasupstrip/hsio_trunk/ocb/src/ocb_command.vhd \
      PB ieee/std_logic_1164 1354696159 PB ieee/std_logic_arith 1354696160 \
      PB ieee/STD_LOGIC_UNSIGNED 1354696162 LB utils PH utils/pkg_types 1413174812 \
      LB locallink LB hsio PB hsio/pkg_core_globals 1413174820
AR ocb/ocb_command/rtl 1413174922 \
      FL /home/daqdev/work/adl_atlasupstrip/hsio_trunk/ocb/src/ocb_command.vhd \
      EN ocb/ocb_command 1413174921 CP ll_ack_gen
FL /home/daqdev/work/adl_atlasupstrip/hsio_trunk/ocb/src/ocb_echo_watchdog.vhd 2014/10/02.14:02:53 P.49d
EN ocb/ocb_echo_watchdog 1413174919 \
      FL /home/daqdev/work/adl_atlasupstrip/hsio_trunk/ocb/src/ocb_echo_watchdog.vhd \
      PB ieee/std_logic_1164 1354696159 PB ieee/std_logic_arith 1354696160 \
      PB ieee/STD_LOGIC_UNSIGNED 1354696162 LB utils PH utils/pkg_types 1413174812 \
      LB hsio PB hsio/pkg_core_globals 1413174820 LB locallink
AR ocb/ocb_echo_watchdog/rtl 1413174920 \
      FL /home/daqdev/work/adl_atlasupstrip/hsio_trunk/ocb/src/ocb_echo_watchdog.vhd \
      EN ocb/ocb_echo_watchdog 1413174919
FL /home/daqdev/work/adl_atlasupstrip/hsio_trunk/ocb/src/ocb_rawcom.vhd 2014/10/02.14:02:53 P.49d
EN ocb/ocb_rawcom 1413174917 \
      FL /home/daqdev/work/adl_atlasupstrip/hsio_trunk/ocb/src/ocb_rawcom.vhd \
      PB ieee/std_logic_1164 1354696159 PB ieee/std_logic_arith 1354696160 \
      PB ieee/STD_LOGIC_UNSIGNED 1354696162 LB utils PH utils/pkg_types 1413174812 \
      LB hsio PB hsio/pkg_core_globals 1413174820 LB locallink
AR ocb/ocb_rawcom/rtl 1413174918 \
      FL /home/daqdev/work/adl_atlasupstrip/hsio_trunk/ocb/src/ocb_rawcom.vhd \
      EN ocb/ocb_rawcom 1413174917 CP cg_dram16x16 CP ll_ack_gen
FL /home/daqdev/work/adl_atlasupstrip/hsio_trunk/ocb/src/ocb_rawseq.vhd 2014/10/02.14:02:53 P.49d
EN ocb/ocb_rawseq 1413174915 \
      FL /home/daqdev/work/adl_atlasupstrip/hsio_trunk/ocb/src/ocb_rawseq.vhd \
      PB ieee/std_logic_1164 1354696159 PB ieee/std_logic_arith 1354696160 \
      PB ieee/STD_LOGIC_UNSIGNED 1354696162 LB utils PH utils/pkg_types 1413174812 \
      LB hsio PB hsio/pkg_core_globals 1413174820 LB locallink
AR ocb/ocb_rawseq/rtl 1413174916 \
      FL /home/daqdev/work/adl_atlasupstrip/hsio_trunk/ocb/src/ocb_rawseq.vhd \
      EN ocb/ocb_rawseq 1413174915 CP cg_bram_16kx16 CP ll_ack_gen
FL /home/daqdev/work/adl_atlasupstrip/hsio_trunk/ocb/src/ocb_rawsigs.vhd 2014/10/02.14:02:53 P.49d
EN ocb/ocb_rawsigs 1413174913 \
      FL /home/daqdev/work/adl_atlasupstrip/hsio_trunk/ocb/src/ocb_rawsigs.vhd \
      PB ieee/std_logic_1164 1354696159 PB ieee/std_logic_arith 1354696160 \
      PB ieee/STD_LOGIC_UNSIGNED 1354696162 LB utils PH utils/pkg_types 1413174812 \
      LB hsio PB hsio/pkg_core_globals 1413174820 LB locallink
AR ocb/ocb_rawsigs/rtl 1413174914 \
      FL /home/daqdev/work/adl_atlasupstrip/hsio_trunk/ocb/src/ocb_rawsigs.vhd \
      EN ocb/ocb_rawsigs 1413174913 CP cg_dram16x16 CP ll_ack_gen
FL /home/daqdev/work/adl_atlasupstrip/hsio_trunk/ocb/src/ocb_regblock.vhd 2014/10/02.14:02:53 P.49d
EN ocb/ocb_regblock 1413174911 \
      FL /home/daqdev/work/adl_atlasupstrip/hsio_trunk/ocb/src/ocb_regblock.vhd \
      PB ieee/std_logic_1164 1354696159 PB ieee/std_logic_arith 1354696160 \
      PB ieee/STD_LOGIC_UNSIGNED 1354696162 LB utils PH utils/pkg_types 1413174812 \
      LB hsio PB hsio/pkg_core_globals 1413174820 LB locallink
AR ocb/ocb_regblock/rtl 1413174912 \
      FL /home/daqdev/work/adl_atlasupstrip/hsio_trunk/ocb/src/ocb_regblock.vhd \
      EN ocb/ocb_regblock 1413174911 CP ll_ack_gen
FL /home/daqdev/work/adl_atlasupstrip/hsio_trunk/ocb/src/ocb_statread.vhd 2014/10/02.14:02:53 P.49d
EN ocb/ocb_statread 1413174909 \
      FL /home/daqdev/work/adl_atlasupstrip/hsio_trunk/ocb/src/ocb_statread.vhd \
      PB ieee/std_logic_1164 1354696159 PB ieee/std_logic_arith 1354696160 \
      PB ieee/STD_LOGIC_UNSIGNED 1354696162 LB utils PH utils/pkg_types 1413174812 \
      LB hsio PB hsio/pkg_core_globals 1413174820 LB locallink
AR ocb/ocb_statread/rtl 1413174910 \
      FL /home/daqdev/work/adl_atlasupstrip/hsio_trunk/ocb/src/ocb_statread.vhd \
      EN ocb/ocb_statread 1413174909 CP ll_ack_gen
FL /home/daqdev/work/adl_atlasupstrip/hsio_trunk/ocb/src/ocb_streams.vhd 2014/10/02.14:02:53 P.49d
EN ocb/ocb_streams 1413174907 \
      FL /home/daqdev/work/adl_atlasupstrip/hsio_trunk/ocb/src/ocb_streams.vhd \
      PB ieee/std_logic_1164 1354696159 PB ieee/std_logic_arith 1354696160 \
      PB ieee/STD_LOGIC_UNSIGNED 1354696162 LB utils PH utils/pkg_types 1413174812 \
      LB hsio PB hsio/pkg_core_globals 1413174820 LB locallink
AR ocb/ocb_streams/rtl 1413174908 \
      FL /home/daqdev/work/adl_atlasupstrip/hsio_trunk/ocb/src/ocb_streams.vhd \
      EN ocb/ocb_streams 1413174907 CP ll_ack_gen
FL /home/daqdev/work/adl_atlasupstrip/hsio_trunk/ocb/src/ocb_twowire.vhd 2014/10/02.14:02:53 P.49d
EN ocb/ocb_twowire 1413174905 \
      FL /home/daqdev/work/adl_atlasupstrip/hsio_trunk/ocb/src/ocb_twowire.vhd \
      PB ieee/std_logic_1164 1354696159 PB ieee/std_logic_arith 1354696160 \
      PB ieee/STD_LOGIC_UNSIGNED 1354696162 LB utils PH utils/pkg_types 1413174812 \
      LB hsio PB hsio/pkg_core_globals 1413174820 LB locallink
AR ocb/ocb_twowire/rtl 1413174906 \
      FL /home/daqdev/work/adl_atlasupstrip/hsio_trunk/ocb/src/ocb_twowire.vhd \
      EN ocb/ocb_twowire 1413174905 CP cg_spram1kx18 CP ll_fifo_ack_gen
