V3 3
FL /afs/cern.ch/work/l/leejr/SCT/hsio_trunk/hsio/src/timestamp.vhd 2014/09/05.22:59:05 P.68d
EN work/timestamp 1409951920 \
      FL /afs/cern.ch/work/l/leejr/SCT/hsio_trunk/hsio/src/timestamp.vhd \
      PB ieee/std_logic_1164 1370735607 PB ieee/std_logic_arith 1370735608 \
      PB ieee/STD_LOGIC_UNSIGNED 1370735609
AR work/timestamp/rtl 1409951921 \
      FL /afs/cern.ch/work/l/leejr/SCT/hsio_trunk/hsio/src/timestamp.vhd \
      EN work/timestamp 1409951920
