EN driver_main NULL /home/daqdev/work/adl_atlasupstrip/hsio_trunk/abc130_driver/src/driver_main.vhd sub00/vhpl02 1412226027
AR driver_main rtl /home/daqdev/work/adl_atlasupstrip/hsio_trunk/abc130_driver/src/driver_main.vhd sub00/vhpl03 1412226028
PB pkg_drv_globals pkg_drv_globals /home/daqdev/work/adl_atlasupstrip/hsio_trunk/abc130_driver/src/pkg_drv_globals.vhd sub00/vhpl01 1412225956
PH pkg_drv_globals NULL /home/daqdev/work/adl_atlasupstrip/hsio_trunk/abc130_driver/src/pkg_drv_globals.vhd sub00/vhpl00 1412225955
